[1.062s] Invoking command in '/home/jamiek/2026_ROS_manipulator/build/user_interface': CMAKE_PREFIX_PATH=${CMAKE_PREFIX_PATH}:/home/jamiek/2026_ROS_manipulator/ros_ws/install/tf2_basic:/home/jamiek/2026_ROS_manipulator/ros_ws/install/ros_basic:/home/jamiek/2026_ROS_manipulator/open_manipulator_ws/install/open_manipulator_teleop:/home/jamiek/2026_ROS_manipulator/open_manipulator_ws/install/open_manipulator_bringup:/opt/ros/jazzy DEBUGINFOD_URLS=https://debuginfod.ubuntu.com /usr/bin/cmake /home/jamiek/2026_ROS_manipulator/ros_ws/src/user_interface -DAMENT_CMAKE_SYMLINK_INSTALL=1 -DCMAKE_INSTALL_PREFIX=/home/jamiek/2026_ROS_manipulator/install/user_interface
[1.446s] -- The C compiler identification is GNU 13.3.0
[1.447s] -- The CXX compiler identification is GNU 13.3.0
[1.447s] -- Detecting C compiler ABI info
[1.461s] -- Detecting C compiler ABI info - done
[1.477s] -- Check for working C compiler: /usr/bin/cc - skipped
[1.478s] -- Detecting C compile features
[1.479s] -- Detecting C compile features - done
[1.496s] -- Detecting CXX compiler ABI info
[1.722s] -- Detecting CXX compiler ABI info - done
[1.742s] -- Check for working CXX compiler: /usr/bin/c++ - skipped
[1.742s] -- Detecting CXX compile features
[1.742s] -- Detecting CXX compile features - done
[1.751s] -- Found ament_cmake: 2.5.6 (/opt/ros/jazzy/share/ament_cmake/cmake)
[2.276s] -- Found Python3: /usr/bin/python3 (found version "3.12.3") found components: Interpreter 
[2.705s] -- Override CMake install command with custom implementation using symlinks instead of copying resources
[2.920s] -- Found rosidl_default_generators: 1.6.1 (/opt/ros/jazzy/share/rosidl_default_generators/cmake)
[2.949s] -- Using all available rosidl_typesupport_c: rosidl_typesupport_fastrtps_c;rosidl_typesupport_introspection_c
[3.129s] -- Using all available rosidl_typesupport_cpp: rosidl_typesupport_fastrtps_cpp;rosidl_typesupport_introspection_cpp
[3.292s] -- Found rosidl_adapter: 4.6.9 (/opt/ros/jazzy/share/rosidl_adapter/cmake)
[3.305s] -- Found std_msgs: 5.3.8 (/opt/ros/jazzy/share/std_msgs/cmake)
[5.051s] -- Found ament_cmake_ros: 0.12.1 (/opt/ros/jazzy/share/ament_cmake_ros/cmake)
[5.913s] -- Using all available rosidl_typesupport_c: rosidl_typesupport_fastrtps_c;rosidl_typesupport_introspection_c
[7.346s] -- Using all available rosidl_typesupport_cpp: rosidl_typesupport_fastrtps_cpp;rosidl_typesupport_introspection_cpp
[7.369s] -- Found python_cmake_module: 0.11.1 (/opt/ros/jazzy/share/python_cmake_module/cmake)
[7.768s] -- Found PythonExtra: /usr/bin/python3  
[9.634s] -- Found Python3: /usr/bin/python3 (found version "3.12.3") found components: Interpreter Development NumPy Development.Module Development.Embed 
[10.203s] -- Found Python3: /usr/bin/python3 (found version "3.12.3") found components: Interpreter 
[10.253s] -- Found ament_lint_auto: 0.17.5 (/opt/ros/jazzy/share/ament_lint_auto/cmake)
[10.330s] -- Configuring done (9.3s)
[10.615s] -- Generating done (0.2s)
[10.668s] -- Build files have been written to: /home/jamiek/2026_ROS_manipulator/build/user_interface
[10.757s] Invoked command in '/home/jamiek/2026_ROS_manipulator/build/user_interface' returned '0': CMAKE_PREFIX_PATH=${CMAKE_PREFIX_PATH}:/home/jamiek/2026_ROS_manipulator/ros_ws/install/tf2_basic:/home/jamiek/2026_ROS_manipulator/ros_ws/install/ros_basic:/home/jamiek/2026_ROS_manipulator/open_manipulator_ws/install/open_manipulator_teleop:/home/jamiek/2026_ROS_manipulator/open_manipulator_ws/install/open_manipulator_bringup:/opt/ros/jazzy DEBUGINFOD_URLS=https://debuginfod.ubuntu.com /usr/bin/cmake /home/jamiek/2026_ROS_manipulator/ros_ws/src/user_interface -DAMENT_CMAKE_SYMLINK_INSTALL=1 -DCMAKE_INSTALL_PREFIX=/home/jamiek/2026_ROS_manipulator/install/user_interface
[10.758s] Invoking command in '/home/jamiek/2026_ROS_manipulator/build/user_interface': CMAKE_PREFIX_PATH=${CMAKE_PREFIX_PATH}:/home/jamiek/2026_ROS_manipulator/ros_ws/install/tf2_basic:/home/jamiek/2026_ROS_manipulator/ros_ws/install/ros_basic:/home/jamiek/2026_ROS_manipulator/open_manipulator_ws/install/open_manipulator_teleop:/home/jamiek/2026_ROS_manipulator/open_manipulator_ws/install/open_manipulator_bringup:/opt/ros/jazzy DEBUGINFOD_URLS=https://debuginfod.ubuntu.com /usr/bin/cmake --build /home/jamiek/2026_ROS_manipulator/build/user_interface -- -j16 -l16
[11.040s] [  1%] [34m[1mGenerating Rust code for ROS interfaces[0m
[11.085s] [  1%] Built target ament_cmake_python_symlink_user_interface
[11.085s] [  3%] [34m[1mGenerating type hashes for ROS interfaces[0m
[12.016s] [  3%] Built target user_interface__rs
[12.047s] [  3%] Built target user_interface__rosidl_generator_type_description
[12.141s] [  5%] [34m[1mGenerating C code for ROS interfaces[0m
[12.260s] [  7%] [34m[1mGenerating C++ code for ROS interfaces[0m
[13.012s] running egg_info
[13.020s] creating user_interface.egg-info
[13.201s] writing user_interface.egg-info/PKG-INFO
[13.201s] writing dependency_links to user_interface.egg-info/dependency_links.txt
[13.201s] writing top-level names to user_interface.egg-info/top_level.txt
[13.205s] writing manifest file 'user_interface.egg-info/SOURCES.txt'
[13.640s] reading manifest file 'user_interface.egg-info/SOURCES.txt'
[13.641s] writing manifest file 'user_interface.egg-info/SOURCES.txt'
[13.834s] [  7%] Built target ament_cmake_python_build_user_interface_egg
[15.657s] [  7%] Built target user_interface__cpp
[16.742s] [  9%] [32mBuilding C object CMakeFiles/user_interface__rosidl_generator_c.dir/rosidl_generator_c/user_interface/msg/detail/user_int__type_support.c.o[0m
[16.744s] [ 10%] [32mBuilding C object CMakeFiles/user_interface__rosidl_generator_c.dir/rosidl_generator_c/user_interface/srv/detail/add_and_odd__functions.c.o[0m
[16.748s] [ 12%] [32mBuilding C object CMakeFiles/user_interface__rosidl_generator_c.dir/rosidl_generator_c/user_interface/srv/detail/add_and_odd__description.c.o[0m
[16.748s] [ 14%] [32mBuilding C object CMakeFiles/user_interface__rosidl_generator_c.dir/rosidl_generator_c/user_interface/msg/detail/user_int__functions.c.o[0m
[16.786s] [ 18%] [32mBuilding C object CMakeFiles/user_interface__rosidl_generator_c.dir/rosidl_generator_c/user_interface/srv/detail/add_and_odd__type_support.c.o[0m
[16.789s] [ 18%] [32mBuilding C object CMakeFiles/user_interface__rosidl_generator_c.dir/rosidl_generator_c/user_interface/action/detail/fibonacci__type_support.c.o[0m
[16.795s] [ 20%] [32mBuilding C object CMakeFiles/user_interface__rosidl_generator_c.dir/rosidl_generator_c/user_interface/msg/detail/user_int__description.c.o[0m
[16.804s] [ 21%] [32mBuilding C object CMakeFiles/user_interface__rosidl_generator_c.dir/rosidl_generator_c/user_interface/action/detail/fibonacci__description.c.o[0m
[16.805s] [ 23%] [32mBuilding C object CMakeFiles/user_interface__rosidl_generator_c.dir/rosidl_generator_c/user_interface/action/detail/fibonacci__functions.c.o[0m
[17.646s] [ 25%] [32m[1mLinking C shared library libuser_interface__rosidl_generator_c.so[0m
[18.105s] [ 25%] Built target user_interface__rosidl_generator_c
[18.196s] [ 27%] [34m[1mGenerating C++ introspection for ROS interfaces[0m
[18.200s] [ 29%] [34m[1mGenerating C++ type support for eProsima Fast-RTPS[0m
[18.216s] [ 30%] [34m[1mGenerating C type support for eProsima Fast-RTPS[0m
[18.223s] [ 34%] [34m[1mGenerating C introspection for ROS interfaces[0m
[18.228s] [ 34%] [34m[1mGenerating C++ type support dispatch for ROS interfaces[0m
[18.241s] [ 36%] [34m[1mGenerating C type support dispatch for ROS interfaces[0m
[20.510s] [ 38%] [32mBuilding CXX object CMakeFiles/user_interface__rosidl_typesupport_c.dir/rosidl_typesupport_c/user_interface/msg/user_int__type_support.cpp.o[0m
[20.568s] [ 40%] [32mBuilding CXX object CMakeFiles/user_interface__rosidl_typesupport_c.dir/rosidl_typesupport_c/user_interface/srv/add_and_odd__type_support.cpp.o[0m
[20.580s] [ 41%] [32mBuilding CXX object CMakeFiles/user_interface__rosidl_typesupport_c.dir/rosidl_typesupport_c/user_interface/action/fibonacci__type_support.cpp.o[0m
[20.994s] [ 43%] [32m[1mLinking CXX shared library libuser_interface__rosidl_typesupport_c.so[0m
[21.165s] [ 43%] Built target user_interface__rosidl_typesupport_c
[21.951s] [ 45%] [32mBuilding CXX object CMakeFiles/user_interface__rosidl_typesupport_fastrtps_cpp.dir/rosidl_typesupport_fastrtps_cpp/user_interface/action/detail/dds_fastrtps/fibonacci__type_support.cpp.o[0m
[21.973s] [ 47%] [32mBuilding CXX object CMakeFiles/user_interface__rosidl_typesupport_fastrtps_cpp.dir/rosidl_typesupport_fastrtps_cpp/user_interface/msg/detail/dds_fastrtps/user_int__type_support.cpp.o[0m
[22.017s] [ 49%] [32mBuilding CXX object CMakeFiles/user_interface__rosidl_typesupport_fastrtps_cpp.dir/rosidl_typesupport_fastrtps_cpp/user_interface/srv/detail/dds_fastrtps/add_and_odd__type_support.cpp.o[0m
[22.164s] [ 50%] [32mBuilding C object CMakeFiles/user_interface__rosidl_typesupport_introspection_c.dir/rosidl_typesupport_introspection_c/user_interface/msg/detail/user_int__type_support.c.o[0m
[22.164s] [ 52%] [32mBuilding C object CMakeFiles/user_interface__rosidl_typesupport_introspection_c.dir/rosidl_typesupport_introspection_c/user_interface/srv/detail/add_and_odd__type_support.c.o[0m
[22.169s] [ 54%] [32mBuilding C object CMakeFiles/user_interface__rosidl_typesupport_introspection_c.dir/rosidl_typesupport_introspection_c/user_interface/action/detail/fibonacci__type_support.c.o[0m
[22.264s] [ 56%] [32mBuilding CXX object CMakeFiles/user_interface__rosidl_typesupport_cpp.dir/rosidl_typesupport_cpp/user_interface/msg/user_int__type_support.cpp.o[0m
[22.290s] [ 58%] [32mBuilding CXX object CMakeFiles/user_interface__rosidl_typesupport_cpp.dir/rosidl_typesupport_cpp/user_interface/srv/add_and_odd__type_support.cpp.o[0m
[22.327s] [ 60%] [32mBuilding CXX object CMakeFiles/user_interface__rosidl_typesupport_cpp.dir/rosidl_typesupport_cpp/user_interface/action/fibonacci__type_support.cpp.o[0m
[22.479s] [ 61%] [32m[1mLinking C shared library libuser_interface__rosidl_typesupport_introspection_c.so[0m
[22.784s] [ 63%] [32mBuilding CXX object CMakeFiles/user_interface__rosidl_typesupport_introspection_cpp.dir/rosidl_typesupport_introspection_cpp/user_interface/srv/detail/add_and_odd__type_support.cpp.o[0m
[22.786s] [ 65%] [32mBuilding CXX object CMakeFiles/user_interface__rosidl_typesupport_introspection_cpp.dir/rosidl_typesupport_introspection_cpp/user_interface/msg/detail/user_int__type_support.cpp.o[0m
[22.795s] [ 67%] [32mBuilding CXX object CMakeFiles/user_interface__rosidl_typesupport_introspection_cpp.dir/rosidl_typesupport_introspection_cpp/user_interface/action/detail/fibonacci__type_support.cpp.o[0m
[22.831s] [ 67%] Built target user_interface__rosidl_typesupport_introspection_c
[23.525s] [ 69%] [32mBuilding CXX object CMakeFiles/user_interface__rosidl_typesupport_fastrtps_c.dir/rosidl_typesupport_fastrtps_c/user_interface/msg/detail/user_int__type_support_c.cpp.o[0m
[25.018s] [ 70%] [32m[1mLinking CXX shared library libuser_interface__rosidl_typesupport_fastrtps_cpp.so[0m
[25.429s] [ 70%] Built target user_interface__rosidl_typesupport_fastrtps_cpp
[25.712s] [ 72%] [32m[1mLinking CXX shared library libuser_interface__rosidl_typesupport_cpp.so[0m
[25.877s] [ 74%] [32mBuilding CXX object CMakeFiles/user_interface__rosidl_typesupport_fastrtps_c.dir/rosidl_typesupport_fastrtps_c/user_interface/action/detail/fibonacci__type_support_c.cpp.o[0m
[26.197s] [ 74%] Built target user_interface__rosidl_typesupport_cpp
[26.831s] [ 76%] [32m[1mLinking CXX shared library libuser_interface__rosidl_typesupport_introspection_cpp.so[0m
[27.173s] [ 76%] Built target user_interface__rosidl_typesupport_introspection_cpp
[27.203s] [ 78%] [32mBuilding CXX object CMakeFiles/user_interface__rosidl_typesupport_fastrtps_c.dir/rosidl_typesupport_fastrtps_c/user_interface/srv/detail/add_and_odd__type_support_c.cpp.o[0m
[28.894s] [ 80%] [32m[1mLinking CXX shared library libuser_interface__rosidl_typesupport_fastrtps_c.so[0m
[29.334s] [ 80%] Built target user_interface__rosidl_typesupport_fastrtps_c
[29.435s] [ 80%] Built target user_interface
[29.532s] [ 81%] [34m[1mGenerating Python code for ROS interfaces[0m
[32.029s] [ 81%] Built target user_interface__py
[32.114s] [ 83%] [32mBuilding C object CMakeFiles/user_interface__rosidl_generator_py.dir/rosidl_generator_py/user_interface/msg/_user_int_s.c.o[0m
