[0.009s] Invoking command in '/home/jamiek/2026_ROS_manipulator/open_manipulator_ws/build/open_manipulator_gui': CMAKE_PREFIX_PATH=${CMAKE_PREFIX_PATH}:/home/jamiek/2026_ROS_manipulator/ros_ws/install/tf2_basic:/home/jamiek/2026_ROS_manipulator/ros_ws/install/ros_basic:/opt/ros/jazzy DEBUGINFOD_URLS=https://debuginfod.ubuntu.com /usr/bin/cmake /home/jamiek/2026_ROS_manipulator/open_manipulator_ws/src/open_manipulator/open_manipulator_gui -DCMAKE_BUILD_TYPE=Release -DAMENT_CMAKE_SYMLINK_INSTALL=1 -DCMAKE_INSTALL_PREFIX=/home/jamiek/2026_ROS_manipulator/open_manipulator_ws/install/open_manipulator_gui
[0.025s] -- Found ament_cmake: 2.5.6 (/opt/ros/jazzy/share/ament_cmake/cmake)
[0.214s] -- Override CMake install command with custom implementation using symlinks instead of copying resources
[0.221s] -- Found geometry_msgs: 5.3.8 (/opt/ros/jazzy/share/geometry_msgs/cmake)
[0.247s] -- Found rosidl_generator_c: 4.6.9 (/opt/ros/jazzy/share/rosidl_generator_c/cmake)
[0.255s] -- Found rosidl_generator_cpp: 4.6.9 (/opt/ros/jazzy/share/rosidl_generator_cpp/cmake)
[0.265s] -- Using all available rosidl_typesupport_c: rosidl_typesupport_fastrtps_c;rosidl_typesupport_introspection_c
[0.277s] -- Using all available rosidl_typesupport_cpp: rosidl_typesupport_fastrtps_cpp;rosidl_typesupport_introspection_cpp
[0.314s] -- Found rclcpp: 28.1.21 (/opt/ros/jazzy/share/rclcpp/cmake)
[0.360s] -- Found rmw_implementation_cmake: 7.3.3 (/opt/ros/jazzy/share/rmw_implementation_cmake/cmake)
[0.361s] -- Found rmw_fastrtps_cpp: 8.4.4 (/opt/ros/jazzy/share/rmw_fastrtps_cpp/cmake)
[0.425s] -- Using RMW implementation 'rmw_fastrtps_cpp' as default
[0.489s] -- Found sensor_msgs: 5.3.8 (/opt/ros/jazzy/share/sensor_msgs/cmake)
[0.524s] -- Found moveit_msgs: 2.6.0 (/opt/ros/jazzy/share/moveit_msgs/cmake)
[0.722s] -- Found moveit_ros_planning: 2.12.4 (/opt/ros/jazzy/share/moveit_ros_planning/cmake)
[0.740s] -- Found Boost: /usr/lib/x86_64-linux-gnu/cmake/Boost-1.83.0/BoostConfig.cmake (found version "1.83.0") found components: system filesystem date_time program_options thread chrono 
[0.745s] -- Found parameter_traits: 0.7.3 (/opt/ros/jazzy/share/parameter_traits/cmake)
[0.750s] [0mCMake Deprecation Warning at /opt/ros/jazzy/share/tl_expected/cmake/tl_expectedConfig.cmake:37 (message):
[0.750s]   Package 'tl_expected' is deprecated (This package will be removed in ROS 2
[0.750s]   Lyrical Luth.
[0.750s] 
[0.750s]         Use tl/expected.hpp from libexpected-dev,
[0.750s]         or rcpputils/tl_expected/expected.hpp if the system header is not available)
[0.750s] Call Stack (most recent call first):
[0.750s]   /opt/ros/jazzy/share/parameter_traits/cmake/ament_cmake_export_dependencies-extras.cmake:21 (find_package)
[0.750s]   /opt/ros/jazzy/share/parameter_traits/cmake/parameter_traitsConfig.cmake:41 (include)
[0.750s]   /opt/ros/jazzy/share/generate_parameter_library/cmake/generate_parameter_library-extras.cmake:30 (find_package)
[0.750s]   /opt/ros/jazzy/share/generate_parameter_library/cmake/generate_parameter_libraryConfig.cmake:41 (include)
[0.750s]   /opt/ros/jazzy/share/moveit_ros_planning/cmake/ament_cmake_export_dependencies-extras.cmake:21 (find_package)
[0.750s]   /opt/ros/jazzy/share/moveit_ros_planning/cmake/moveit_ros_planningConfig.cmake:41 (include)
[0.750s]   CMakeLists.txt:21 (find_package)
[0.750s] 
[0.751s] [0m
[0.751s] -- Found rclcpp_lifecycle: 28.1.21 (/opt/ros/jazzy/share/rclcpp_lifecycle/cmake)
[0.791s] -- Found Boost: /usr/lib/x86_64-linux-gnu/cmake/Boost-1.83.0/BoostConfig.cmake (found version "1.83.0") found components: chrono date_time filesystem iostreams program_options regex serialization system thread 
[0.868s] -- Ensuring Eigen3 include directory is part of orocos-kdl CMake target
[1.009s] -- Found moveit_ros_planning_interface: 2.12.4 (/opt/ros/jazzy/share/moveit_ros_planning_interface/cmake)
[1.013s] -- Found Boost: /usr/lib/x86_64-linux-gnu/cmake/Boost-1.83.0/BoostConfig.cmake (found version "1.83.0") found components: date_time filesystem program_options system thread 
[1.028s] -- Found Boost: /usr/lib/x86_64-linux-gnu/cmake/Boost-1.83.0/BoostConfig.cmake (found version "1.83.0") found components: thread system filesystem regex date_time program_options 
[1.053s] -- Found Boost: /usr/lib/x86_64-linux-gnu/cmake/Boost-1.83.0/BoostConfig.cmake (found version "1.83.0") found components: system filesystem date_time program_options thread 
[1.192s] -- Configuring done (1.2s)
[1.333s] -- Generating done (0.1s)
[1.349s] -- Build files have been written to: /home/jamiek/2026_ROS_manipulator/open_manipulator_ws/build/open_manipulator_gui
[1.366s] Invoked command in '/home/jamiek/2026_ROS_manipulator/open_manipulator_ws/build/open_manipulator_gui' returned '0': CMAKE_PREFIX_PATH=${CMAKE_PREFIX_PATH}:/home/jamiek/2026_ROS_manipulator/ros_ws/install/tf2_basic:/home/jamiek/2026_ROS_manipulator/ros_ws/install/ros_basic:/opt/ros/jazzy DEBUGINFOD_URLS=https://debuginfod.ubuntu.com /usr/bin/cmake /home/jamiek/2026_ROS_manipulator/open_manipulator_ws/src/open_manipulator/open_manipulator_gui -DCMAKE_BUILD_TYPE=Release -DAMENT_CMAKE_SYMLINK_INSTALL=1 -DCMAKE_INSTALL_PREFIX=/home/jamiek/2026_ROS_manipulator/open_manipulator_ws/install/open_manipulator_gui
[1.367s] Invoking command in '/home/jamiek/2026_ROS_manipulator/open_manipulator_ws/build/open_manipulator_gui': CMAKE_PREFIX_PATH=${CMAKE_PREFIX_PATH}:/home/jamiek/2026_ROS_manipulator/ros_ws/install/tf2_basic:/home/jamiek/2026_ROS_manipulator/ros_ws/install/ros_basic:/opt/ros/jazzy DEBUGINFOD_URLS=https://debuginfod.ubuntu.com /usr/bin/cmake --build /home/jamiek/2026_ROS_manipulator/open_manipulator_ws/build/open_manipulator_gui
[1.431s] [ 14%] Built target copy_ui_headers
[1.456s] [ 14%] Built target open_manipulator_x_gui_node_autogen_timestamp_deps
[1.503s] [ 16%] [34m[1mAutomatic MOC and UIC for target open_manipulator_x_gui_node[0m
[1.554s] [ 16%] Built target open_manipulator_x_gui_node_autogen
[1.596s] [ 17%] [32mBuilding CXX object CMakeFiles/open_manipulator_x_gui_node.dir/open_manipulator_x_gui_node_autogen/mocs_compilation.cpp.o[0m
[1.621s] [ 19%] [32mBuilding CXX object CMakeFiles/open_manipulator_x_gui_node.dir/src/open_manipulator_x/main.cpp.o[0m
[10.727s] [ 21%] [32mBuilding CXX object CMakeFiles/open_manipulator_x_gui_node.dir/src/open_manipulator_x/main_window.cpp.o[0m
[19.492s] [ 23%] [32mBuilding CXX object CMakeFiles/open_manipulator_x_gui_node.dir/src/open_manipulator_x/qnode.cpp.o[0m
[27.966s] [ 25%] [32mBuilding CXX object CMakeFiles/open_manipulator_x_gui_node.dir/include/open_manipulator_x_gui/moc_main_window.cpp.o[0m
[35.593s] [ 26%] [32mBuilding CXX object CMakeFiles/open_manipulator_x_gui_node.dir/include/open_manipulator_x_gui/moc_qnode.cpp.o[0m
[42.543s] [ 28%] [32m[1mLinking CXX executable open_manipulator_x_gui_node[0m
[43.653s] [ 35%] Built target open_manipulator_x_gui_node
[43.683s] [ 35%] Built target omy_3m_gui_node_autogen_timestamp_deps
[43.732s] [ 37%] [34m[1mAutomatic MOC and UIC for target omy_3m_gui_node[0m
[43.779s] [ 37%] Built target omy_3m_gui_node_autogen
[43.821s] [ 39%] [32mBuilding CXX object CMakeFiles/omy_3m_gui_node.dir/omy_3m_gui_node_autogen/mocs_compilation.cpp.o[0m
[43.846s] [ 41%] [32mBuilding CXX object CMakeFiles/omy_3m_gui_node.dir/src/omy_3m/main.cpp.o[0m
[52.643s] [ 42%] [32mBuilding CXX object CMakeFiles/omy_3m_gui_node.dir/src/omy_3m/main_window.cpp.o[0m
[61.368s] [ 44%] [32mBuilding CXX object CMakeFiles/omy_3m_gui_node.dir/src/omy_3m/qnode.cpp.o[0m
[69.188s] [ 46%] [32mBuilding CXX object CMakeFiles/omy_3m_gui_node.dir/include/omy_3m_gui/moc_main_window.cpp.o[0m
[76.788s] [ 48%] [32mBuilding CXX object CMakeFiles/omy_3m_gui_node.dir/include/omy_3m_gui/moc_qnode.cpp.o[0m
[83.762s] [ 50%] [32m[1mLinking CXX executable omy_3m_gui_node[0m
[84.740s] [ 57%] Built target omy_3m_gui_node
[84.771s] [ 57%] Built target omy_f3m_gui_node_autogen_timestamp_deps
[84.820s] [ 58%] [34m[1mAutomatic MOC and UIC for target omy_f3m_gui_node[0m
[84.868s] [ 58%] Built target omy_f3m_gui_node_autogen
[84.908s] [ 60%] [32mBuilding CXX object CMakeFiles/omy_f3m_gui_node.dir/omy_f3m_gui_node_autogen/mocs_compilation.cpp.o[0m
[84.933s] [ 62%] [32mBuilding CXX object CMakeFiles/omy_f3m_gui_node.dir/src/omy_f3m/main.cpp.o[0m
[93.985s] [ 64%] [32mBuilding CXX object CMakeFiles/omy_f3m_gui_node.dir/src/omy_f3m/main_window.cpp.o[0m
[102.894s] [ 66%] [32mBuilding CXX object CMakeFiles/omy_f3m_gui_node.dir/src/omy_f3m/qnode.cpp.o[0m
[110.706s] [ 67%] [32mBuilding CXX object CMakeFiles/omy_f3m_gui_node.dir/include/omy_f3m_gui/moc_main_window.cpp.o[0m
[118.376s] [ 69%] [32mBuilding CXX object CMakeFiles/omy_f3m_gui_node.dir/include/omy_f3m_gui/moc_qnode.cpp.o[0m
[125.342s] [ 71%] [32m[1mLinking CXX executable omy_f3m_gui_node[0m
[126.322s] [ 78%] Built target omy_f3m_gui_node
[126.353s] [ 78%] Built target omx_f_gui_node_autogen_timestamp_deps
[126.399s] [ 80%] [34m[1mAutomatic MOC and UIC for target omx_f_gui_node[0m
[126.448s] [ 80%] Built target omx_f_gui_node_autogen
[126.489s] [ 82%] [32mBuilding CXX object CMakeFiles/omx_f_gui_node.dir/omx_f_gui_node_autogen/mocs_compilation.cpp.o[0m
[126.513s] [ 83%] [32mBuilding CXX object CMakeFiles/omx_f_gui_node.dir/src/omx_f/main.cpp.o[0m
[135.437s] [ 85%] [32mBuilding CXX object CMakeFiles/omx_f_gui_node.dir/src/omx_f/main_window.cpp.o[0m
[144.210s] [ 87%] [32mBuilding CXX object CMakeFiles/omx_f_gui_node.dir/src/omx_f/qnode.cpp.o[0m
[152.703s] [ 89%] [32mBuilding CXX object CMakeFiles/omx_f_gui_node.dir/include/omx_f_gui/moc_main_window.cpp.o[0m
[160.339s] [ 91%] [32mBuilding CXX object CMakeFiles/omx_f_gui_node.dir/include/omx_f_gui/moc_qnode.cpp.o[0m
[167.291s] [ 92%] [32m[1mLinking CXX executable omx_f_gui_node[0m
[168.257s] [100%] Built target omx_f_gui_node
[168.272s] Invoked command in '/home/jamiek/2026_ROS_manipulator/open_manipulator_ws/build/open_manipulator_gui' returned '0': CMAKE_PREFIX_PATH=${CMAKE_PREFIX_PATH}:/home/jamiek/2026_ROS_manipulator/ros_ws/install/tf2_basic:/home/jamiek/2026_ROS_manipulator/ros_ws/install/ros_basic:/opt/ros/jazzy DEBUGINFOD_URLS=https://debuginfod.ubuntu.com /usr/bin/cmake --build /home/jamiek/2026_ROS_manipulator/open_manipulator_ws/build/open_manipulator_gui
[168.273s] Invoking command in '/home/jamiek/2026_ROS_manipulator/open_manipulator_ws/build/open_manipulator_gui': CMAKE_PREFIX_PATH=${CMAKE_PREFIX_PATH}:/home/jamiek/2026_ROS_manipulator/ros_ws/install/tf2_basic:/home/jamiek/2026_ROS_manipulator/ros_ws/install/ros_basic:/opt/ros/jazzy DEBUGINFOD_URLS=https://debuginfod.ubuntu.com /usr/bin/cmake --install /home/jamiek/2026_ROS_manipulator/open_manipulator_ws/build/open_manipulator_gui
[168.283s] -- Install configuration: "Release"
[168.283s] -- Execute custom install script
[168.283s] -- Symlinking: /home/jamiek/2026_ROS_manipulator/open_manipulator_ws/install/open_manipulator_gui/lib/open_manipulator_gui/open_manipulator_x_gui_node
[168.295s] -- Symlinking: /home/jamiek/2026_ROS_manipulator/open_manipulator_ws/install/open_manipulator_gui/lib/open_manipulator_gui/omy_3m_gui_node
[168.308s] -- Symlinking: /home/jamiek/2026_ROS_manipulator/open_manipulator_ws/install/open_manipulator_gui/lib/open_manipulator_gui/omy_f3m_gui_node
[168.319s] -- Symlinking: /home/jamiek/2026_ROS_manipulator/open_manipulator_ws/install/open_manipulator_gui/lib/open_manipulator_gui/omx_f_gui_node
[168.332s] -- Symlinking: /home/jamiek/2026_ROS_manipulator/open_manipulator_ws/install/open_manipulator_gui/include/omx_f_gui/main_window.hpp
[168.343s] -- Symlinking: /home/jamiek/2026_ROS_manipulator/open_manipulator_ws/install/open_manipulator_gui/include/omx_f_gui/qnode.hpp
[168.355s] -- Symlinking: /home/jamiek/2026_ROS_manipulator/open_manipulator_ws/install/open_manipulator_gui/include/omy_3m_gui/main_window.hpp
[168.367s] -- Symlinking: /home/jamiek/2026_ROS_manipulator/open_manipulator_ws/install/open_manipulator_gui/include/omy_3m_gui/qnode.hpp
[168.379s] -- Symlinking: /home/jamiek/2026_ROS_manipulator/open_manipulator_ws/install/open_manipulator_gui/include/omy_f3m_gui/main_window.hpp
[168.391s] -- Symlinking: /home/jamiek/2026_ROS_manipulator/open_manipulator_ws/install/open_manipulator_gui/include/omy_f3m_gui/qnode.hpp
[168.403s] -- Symlinking: /home/jamiek/2026_ROS_manipulator/open_manipulator_ws/install/open_manipulator_gui/include/open_manipulator_x_gui/main_window.hpp
[168.415s] -- Symlinking: /home/jamiek/2026_ROS_manipulator/open_manipulator_ws/install/open_manipulator_gui/include/open_manipulator_x_gui/qnode.hpp
[168.427s] -- Symlinking: /home/jamiek/2026_ROS_manipulator/open_manipulator_ws/install/open_manipulator_gui/share/open_manipulator_gui/launch/omx_f_gui.launch.py
[168.439s] -- Symlinking: /home/jamiek/2026_ROS_manipulator/open_manipulator_ws/install/open_manipulator_gui/share/open_manipulator_gui/launch/omy_3m_gui.launch.py
[168.450s] -- Symlinking: /home/jamiek/2026_ROS_manipulator/open_manipulator_ws/install/open_manipulator_gui/share/open_manipulator_gui/launch/omy_f3m_gui.launch.py
[168.462s] -- Symlinking: /home/jamiek/2026_ROS_manipulator/open_manipulator_ws/install/open_manipulator_gui/share/open_manipulator_gui/launch/open_manipulator_x_gui.launch.py
[168.475s] -- Symlinking: /home/jamiek/2026_ROS_manipulator/open_manipulator_ws/install/open_manipulator_gui/share/open_manipulator_gui/ui/omx_f_main_window.ui
[168.487s] -- Symlinking: /home/jamiek/2026_ROS_manipulator/open_manipulator_ws/install/open_manipulator_gui/share/open_manipulator_gui/ui/omy_3m_main_window.ui
[168.498s] -- Symlinking: /home/jamiek/2026_ROS_manipulator/open_manipulator_ws/install/open_manipulator_gui/share/open_manipulator_gui/ui/omy_f3m_main_window.ui
[168.510s] -- Symlinking: /home/jamiek/2026_ROS_manipulator/open_manipulator_ws/install/open_manipulator_gui/share/open_manipulator_gui/ui/open_manipulator_x_main_window.ui
[168.523s] -- Symlinking: /home/jamiek/2026_ROS_manipulator/open_manipulator_ws/install/open_manipulator_gui/share/open_manipulator_gui/config/omx_f_joint_log.csv
[168.535s] -- Symlinking: /home/jamiek/2026_ROS_manipulator/open_manipulator_ws/install/open_manipulator_gui/share/open_manipulator_gui/config/omy_3m_joint_log.csv
[168.548s] -- Symlinking: /home/jamiek/2026_ROS_manipulator/open_manipulator_ws/install/open_manipulator_gui/share/open_manipulator_gui/config/omy_f3m_joint_log.csv
[168.559s] -- Symlinking: /home/jamiek/2026_ROS_manipulator/open_manipulator_ws/install/open_manipulator_gui/share/open_manipulator_gui/config/open_manipulator_x_joint_log.csv
[168.572s] -- Symlinking: /home/jamiek/2026_ROS_manipulator/open_manipulator_ws/install/open_manipulator_gui/share/open_manipulator_gui/environment/library_path.sh
[168.584s] -- Symlinking: /home/jamiek/2026_ROS_manipulator/open_manipulator_ws/install/open_manipulator_gui/share/open_manipulator_gui/environment/library_path.dsv
[168.596s] -- Symlinking: /home/jamiek/2026_ROS_manipulator/open_manipulator_ws/install/open_manipulator_gui/share/ament_index/resource_index/package_run_dependencies/open_manipulator_gui
[168.608s] -- Symlinking: /home/jamiek/2026_ROS_manipulator/open_manipulator_ws/install/open_manipulator_gui/share/ament_index/resource_index/parent_prefix_path/open_manipulator_gui
[168.620s] -- Symlinking: /home/jamiek/2026_ROS_manipulator/open_manipulator_ws/install/open_manipulator_gui/share/open_manipulator_gui/environment/ament_prefix_path.sh
[168.632s] -- Symlinking: /home/jamiek/2026_ROS_manipulator/open_manipulator_ws/install/open_manipulator_gui/share/open_manipulator_gui/environment/ament_prefix_path.dsv
[168.644s] -- Symlinking: /home/jamiek/2026_ROS_manipulator/open_manipulator_ws/install/open_manipulator_gui/share/open_manipulator_gui/environment/path.sh
[168.655s] -- Symlinking: /home/jamiek/2026_ROS_manipulator/open_manipulator_ws/install/open_manipulator_gui/share/open_manipulator_gui/environment/path.dsv
[168.668s] -- Symlinking: /home/jamiek/2026_ROS_manipulator/open_manipulator_ws/install/open_manipulator_gui/share/open_manipulator_gui/local_setup.bash
[168.679s] -- Symlinking: /home/jamiek/2026_ROS_manipulator/open_manipulator_ws/install/open_manipulator_gui/share/open_manipulator_gui/local_setup.sh
[168.691s] -- Symlinking: /home/jamiek/2026_ROS_manipulator/open_manipulator_ws/install/open_manipulator_gui/share/open_manipulator_gui/local_setup.zsh
[168.703s] -- Symlinking: /home/jamiek/2026_ROS_manipulator/open_manipulator_ws/install/open_manipulator_gui/share/open_manipulator_gui/local_setup.dsv
[168.715s] -- Symlinking: /home/jamiek/2026_ROS_manipulator/open_manipulator_ws/install/open_manipulator_gui/share/open_manipulator_gui/package.dsv
[168.727s] -- Symlinking: /home/jamiek/2026_ROS_manipulator/open_manipulator_ws/install/open_manipulator_gui/share/ament_index/resource_index/packages/open_manipulator_gui
[168.738s] -- Symlinking: /home/jamiek/2026_ROS_manipulator/open_manipulator_ws/install/open_manipulator_gui/share/open_manipulator_gui/cmake/ament_cmake_export_include_directories-extras.cmake
[168.751s] -- Symlinking: /home/jamiek/2026_ROS_manipulator/open_manipulator_ws/install/open_manipulator_gui/share/open_manipulator_gui/cmake/ament_cmake_export_libraries-extras.cmake
[168.763s] -- Symlinking: /home/jamiek/2026_ROS_manipulator/open_manipulator_ws/install/open_manipulator_gui/share/open_manipulator_gui/cmake/open_manipulator_guiConfig.cmake
[168.775s] -- Symlinking: /home/jamiek/2026_ROS_manipulator/open_manipulator_ws/install/open_manipulator_gui/share/open_manipulator_gui/cmake/open_manipulator_guiConfig-version.cmake
[168.786s] -- Symlinking: /home/jamiek/2026_ROS_manipulator/open_manipulator_ws/install/open_manipulator_gui/share/open_manipulator_gui/package.xml
[168.802s] Invoked command in '/home/jamiek/2026_ROS_manipulator/open_manipulator_ws/build/open_manipulator_gui' returned '0': CMAKE_PREFIX_PATH=${CMAKE_PREFIX_PATH}:/home/jamiek/2026_ROS_manipulator/ros_ws/install/tf2_basic:/home/jamiek/2026_ROS_manipulator/ros_ws/install/ros_basic:/opt/ros/jazzy DEBUGINFOD_URLS=https://debuginfod.ubuntu.com /usr/bin/cmake --install /home/jamiek/2026_ROS_manipulator/open_manipulator_ws/build/open_manipulator_gui
