[0.056s] Invoking command in '/home/jamiek/2026_ROS_manipulator/open_manipulator_ws/build/robotis_interfaces': CMAKE_PREFIX_PATH=${CMAKE_PREFIX_PATH}:/home/jamiek/2026_ROS_manipulator/open_manipulator_ws/install/open_manipulator_teleop:/home/jamiek/2026_ROS_manipulator/open_manipulator_ws/install/open_manipulator_bringup:/home/jamiek/2026_ROS_manipulator/ros_ws/install/tf2_basic:/home/jamiek/2026_ROS_manipulator/ros_ws/install/ros_basic:/opt/ros/jazzy DEBUGINFOD_URLS=https://debuginfod.ubuntu.com /usr/bin/cmake /home/jamiek/2026_ROS_manipulator/open_manipulator_ws/src/robotis_interfaces -DCMAKE_INSTALL_PREFIX=/home/jamiek/2026_ROS_manipulator/open_manipulator_ws/install/robotis_interfaces
[0.076s] -- Found ament_cmake: 2.5.6 (/opt/ros/jazzy/share/ament_cmake/cmake)
[0.244s] -- Override CMake install command with custom implementation using symlinks instead of copying resources
[0.250s] -- Found builtin_interfaces: 2.0.4 (/opt/ros/jazzy/share/builtin_interfaces/cmake)
[0.289s] -- Found rosidl_generator_c: 4.6.9 (/opt/ros/jazzy/share/rosidl_generator_c/cmake)
[0.298s] -- Found rosidl_generator_cpp: 4.6.9 (/opt/ros/jazzy/share/rosidl_generator_cpp/cmake)
[0.315s] -- Using all available rosidl_typesupport_c: rosidl_typesupport_fastrtps_c;rosidl_typesupport_introspection_c
[0.333s] -- Using all available rosidl_typesupport_cpp: rosidl_typesupport_fastrtps_cpp;rosidl_typesupport_introspection_cpp
[0.348s] -- Found geometry_msgs: 5.3.8 (/opt/ros/jazzy/share/geometry_msgs/cmake)
[0.385s] -- Found rosidl_default_generators: 1.6.1 (/opt/ros/jazzy/share/rosidl_default_generators/cmake)
[0.397s] -- Found rosidl_adapter: 4.6.9 (/opt/ros/jazzy/share/rosidl_adapter/cmake)
[0.851s] -- Found ament_cmake_ros: 0.12.1 (/opt/ros/jazzy/share/ament_cmake_ros/cmake)
[1.241s] -- Using all available rosidl_typesupport_c: rosidl_typesupport_fastrtps_c;rosidl_typesupport_introspection_c
[1.425s] -- Using all available rosidl_typesupport_cpp: rosidl_typesupport_fastrtps_cpp;rosidl_typesupport_introspection_cpp
[1.427s] -- Found python_cmake_module: 0.11.1 (/opt/ros/jazzy/share/python_cmake_module/cmake)
[1.877s] -- Found Python3: /usr/bin/python3 (found version "3.12.3") found components: Interpreter Development NumPy Development.Module Development.Embed 
[1.979s] -- Found Python3: /usr/bin/python3 (found version "3.12.3") found components: Interpreter 
[1.994s] -- Configuring done (1.9s)
[2.054s] -- Generating done (0.0s)
[2.071s] -- Build files have been written to: /home/jamiek/2026_ROS_manipulator/open_manipulator_ws/build/robotis_interfaces
[2.097s] Invoked command in '/home/jamiek/2026_ROS_manipulator/open_manipulator_ws/build/robotis_interfaces' returned '0': CMAKE_PREFIX_PATH=${CMAKE_PREFIX_PATH}:/home/jamiek/2026_ROS_manipulator/open_manipulator_ws/install/open_manipulator_teleop:/home/jamiek/2026_ROS_manipulator/open_manipulator_ws/install/open_manipulator_bringup:/home/jamiek/2026_ROS_manipulator/ros_ws/install/tf2_basic:/home/jamiek/2026_ROS_manipulator/ros_ws/install/ros_basic:/opt/ros/jazzy DEBUGINFOD_URLS=https://debuginfod.ubuntu.com /usr/bin/cmake /home/jamiek/2026_ROS_manipulator/open_manipulator_ws/src/robotis_interfaces -DCMAKE_INSTALL_PREFIX=/home/jamiek/2026_ROS_manipulator/open_manipulator_ws/install/robotis_interfaces
[2.098s] Invoking command in '/home/jamiek/2026_ROS_manipulator/open_manipulator_ws/build/robotis_interfaces': CMAKE_PREFIX_PATH=${CMAKE_PREFIX_PATH}:/home/jamiek/2026_ROS_manipulator/open_manipulator_ws/install/open_manipulator_teleop:/home/jamiek/2026_ROS_manipulator/open_manipulator_ws/install/open_manipulator_bringup:/home/jamiek/2026_ROS_manipulator/ros_ws/install/tf2_basic:/home/jamiek/2026_ROS_manipulator/ros_ws/install/ros_basic:/opt/ros/jazzy DEBUGINFOD_URLS=https://debuginfod.ubuntu.com /usr/bin/cmake --build /home/jamiek/2026_ROS_manipulator/open_manipulator_ws/build/robotis_interfaces
[2.184s] [  1%] Built target robotis_interfaces__rosidl_generator_type_description
[2.228s] [ 23%] Built target robotis_interfaces__rosidl_generator_c
[2.271s] [ 32%] Built target robotis_interfaces__rosidl_typesupport_fastrtps_c
[2.306s] [ 33%] Built target robotis_interfaces__cpp
[2.350s] [ 43%] Built target robotis_interfaces__rosidl_typesupport_fastrtps_cpp
[2.392s] [ 52%] Built target robotis_interfaces__rosidl_typesupport_introspection_c
[2.428s] [ 61%] Built target robotis_interfaces__rosidl_typesupport_c
[2.469s] [ 70%] Built target robotis_interfaces__rosidl_typesupport_introspection_cpp
[2.511s] [ 80%] Built target robotis_interfaces__rosidl_typesupport_cpp
[2.542s] [ 81%] Built target robotis_interfaces__rs
[2.572s] [ 81%] Built target robotis_interfaces
[2.619s] [ 81%] Built target ament_cmake_python_symlink_robotis_interfaces
[2.870s] running egg_info
[2.892s] writing robotis_interfaces.egg-info/PKG-INFO
[2.893s] writing dependency_links to robotis_interfaces.egg-info/dependency_links.txt
[2.893s] writing top-level names to robotis_interfaces.egg-info/top_level.txt
[2.961s] reading manifest file 'robotis_interfaces.egg-info/SOURCES.txt'
[2.962s] writing manifest file 'robotis_interfaces.egg-info/SOURCES.txt'
[3.004s] [ 81%] Built target ament_cmake_python_build_robotis_interfaces_egg
[3.039s] [ 83%] Built target robotis_interfaces__py
[3.079s] [ 90%] Built target robotis_interfaces__rosidl_generator_py
[3.116s] [ 93%] Built target robotis_interfaces_s__rosidl_typesupport_fastrtps_c
[3.151s] [ 96%] Built target robotis_interfaces_s__rosidl_typesupport_introspection_c
[3.188s] [100%] Built target robotis_interfaces_s__rosidl_typesupport_c
[3.207s] Invoked command in '/home/jamiek/2026_ROS_manipulator/open_manipulator_ws/build/robotis_interfaces' returned '0': CMAKE_PREFIX_PATH=${CMAKE_PREFIX_PATH}:/home/jamiek/2026_ROS_manipulator/open_manipulator_ws/install/open_manipulator_teleop:/home/jamiek/2026_ROS_manipulator/open_manipulator_ws/install/open_manipulator_bringup:/home/jamiek/2026_ROS_manipulator/ros_ws/install/tf2_basic:/home/jamiek/2026_ROS_manipulator/ros_ws/install/ros_basic:/opt/ros/jazzy DEBUGINFOD_URLS=https://debuginfod.ubuntu.com /usr/bin/cmake --build /home/jamiek/2026_ROS_manipulator/open_manipulator_ws/build/robotis_interfaces
[3.209s] Invoking command in '/home/jamiek/2026_ROS_manipulator/open_manipulator_ws/build/robotis_interfaces': CMAKE_PREFIX_PATH=${CMAKE_PREFIX_PATH}:/home/jamiek/2026_ROS_manipulator/open_manipulator_ws/install/open_manipulator_teleop:/home/jamiek/2026_ROS_manipulator/open_manipulator_ws/install/open_manipulator_bringup:/home/jamiek/2026_ROS_manipulator/ros_ws/install/tf2_basic:/home/jamiek/2026_ROS_manipulator/ros_ws/install/ros_basic:/opt/ros/jazzy DEBUGINFOD_URLS=https://debuginfod.ubuntu.com /usr/bin/cmake --install /home/jamiek/2026_ROS_manipulator/open_manipulator_ws/build/robotis_interfaces
[3.221s] -- Install configuration: "Release"
[3.222s] -- Execute custom install script
[3.222s] -- Up-to-date symlink: /home/jamiek/2026_ROS_manipulator/open_manipulator_ws/install/robotis_interfaces/share/ament_index/resource_index/rosidl_interfaces/robotis_interfaces
[3.222s] -- Up-to-date symlink: /home/jamiek/2026_ROS_manipulator/open_manipulator_ws/install/robotis_interfaces/share/robotis_interfaces/msg/HandJoints.json
[3.222s] -- Up-to-date symlink: /home/jamiek/2026_ROS_manipulator/open_manipulator_ws/install/robotis_interfaces/share/robotis_interfaces/msg/HandPressures.json
[3.222s] -- Up-to-date symlink: /home/jamiek/2026_ROS_manipulator/open_manipulator_ws/install/robotis_interfaces/share/robotis_interfaces/msg/MoveL.json
[3.222s] -- Up-to-date symlink: /home/jamiek/2026_ROS_manipulator/open_manipulator_ws/install/robotis_interfaces/share/robotis_interfaces/msg/TactileSensor.json
[3.223s] -- Up-to-date symlink: /home/jamiek/2026_ROS_manipulator/open_manipulator_ws/install/robotis_interfaces/include/robotis_interfaces/robotis_interfaces/msg/detail/hand_joints__functions.h
[3.223s] -- Up-to-date symlink: /home/jamiek/2026_ROS_manipulator/open_manipulator_ws/install/robotis_interfaces/include/robotis_interfaces/robotis_interfaces/msg/detail/hand_joints__struct.h
[3.223s] -- Up-to-date symlink: /home/jamiek/2026_ROS_manipulator/open_manipulator_ws/install/robotis_interfaces/include/robotis_interfaces/robotis_interfaces/msg/detail/hand_joints__type_support.h
[3.224s] -- Up-to-date symlink: /home/jamiek/2026_ROS_manipulator/open_manipulator_ws/install/robotis_interfaces/include/robotis_interfaces/robotis_interfaces/msg/detail/hand_pressures__functions.h
[3.224s] -- Up-to-date symlink: /home/jamiek/2026_ROS_manipulator/open_manipulator_ws/install/robotis_interfaces/include/robotis_interfaces/robotis_interfaces/msg/detail/hand_pressures__struct.h
[3.224s] -- Up-to-date symlink: /home/jamiek/2026_ROS_manipulator/open_manipulator_ws/install/robotis_interfaces/include/robotis_interfaces/robotis_interfaces/msg/detail/hand_pressures__type_support.h
[3.224s] -- Up-to-date symlink: /home/jamiek/2026_ROS_manipulator/open_manipulator_ws/install/robotis_interfaces/include/robotis_interfaces/robotis_interfaces/msg/detail/move_l__functions.h
[3.224s] -- Up-to-date symlink: /home/jamiek/2026_ROS_manipulator/open_manipulator_ws/install/robotis_interfaces/include/robotis_interfaces/robotis_interfaces/msg/detail/move_l__struct.h
[3.224s] -- Up-to-date symlink: /home/jamiek/2026_ROS_manipulator/open_manipulator_ws/install/robotis_interfaces/include/robotis_interfaces/robotis_interfaces/msg/detail/move_l__type_support.h
[3.224s] -- Up-to-date symlink: /home/jamiek/2026_ROS_manipulator/open_manipulator_ws/install/robotis_interfaces/include/robotis_interfaces/robotis_interfaces/msg/detail/tactile_sensor__functions.h
[3.225s] -- Up-to-date symlink: /home/jamiek/2026_ROS_manipulator/open_manipulator_ws/install/robotis_interfaces/include/robotis_interfaces/robotis_interfaces/msg/detail/tactile_sensor__struct.h
[3.225s] -- Up-to-date symlink: /home/jamiek/2026_ROS_manipulator/open_manipulator_ws/install/robotis_interfaces/include/robotis_interfaces/robotis_interfaces/msg/detail/tactile_sensor__type_support.h
[3.225s] -- Up-to-date symlink: /home/jamiek/2026_ROS_manipulator/open_manipulator_ws/install/robotis_interfaces/include/robotis_interfaces/robotis_interfaces/msg/hand_joints.h
[3.225s] -- Up-to-date symlink: /home/jamiek/2026_ROS_manipulator/open_manipulator_ws/install/robotis_interfaces/include/robotis_interfaces/robotis_interfaces/msg/hand_pressures.h
[3.225s] -- Up-to-date symlink: /home/jamiek/2026_ROS_manipulator/open_manipulator_ws/install/robotis_interfaces/include/robotis_interfaces/robotis_interfaces/msg/move_l.h
[3.225s] -- Up-to-date symlink: /home/jamiek/2026_ROS_manipulator/open_manipulator_ws/install/robotis_interfaces/include/robotis_interfaces/robotis_interfaces/msg/rosidl_generator_c__visibility_control.h
[3.225s] -- Up-to-date symlink: /home/jamiek/2026_ROS_manipulator/open_manipulator_ws/install/robotis_interfaces/include/robotis_interfaces/robotis_interfaces/msg/tactile_sensor.h
[3.225s] -- Up-to-date symlink: /home/jamiek/2026_ROS_manipulator/open_manipulator_ws/install/robotis_interfaces/share/robotis_interfaces/environment/library_path.sh
[3.226s] -- Up-to-date symlink: /home/jamiek/2026_ROS_manipulator/open_manipulator_ws/install/robotis_interfaces/share/robotis_interfaces/environment/library_path.dsv
[3.226s] -- Up-to-date symlink: /home/jamiek/2026_ROS_manipulator/open_manipulator_ws/install/robotis_interfaces/include/robotis_interfaces/robotis_interfaces/msg/detail/hand_joints__rosidl_typesupport_fastrtps_c.h
[3.227s] -- Up-to-date symlink: /home/jamiek/2026_ROS_manipulator/open_manipulator_ws/install/robotis_interfaces/include/robotis_interfaces/robotis_interfaces/msg/detail/hand_pressures__rosidl_typesupport_fastrtps_c.h
[3.227s] -- Up-to-date symlink: /home/jamiek/2026_ROS_manipulator/open_manipulator_ws/install/robotis_interfaces/include/robotis_interfaces/robotis_interfaces/msg/detail/move_l__rosidl_typesupport_fastrtps_c.h
[3.227s] -- Up-to-date symlink: /home/jamiek/2026_ROS_manipulator/open_manipulator_ws/install/robotis_interfaces/include/robotis_interfaces/robotis_interfaces/msg/detail/tactile_sensor__rosidl_typesupport_fastrtps_c.h
[3.227s] -- Up-to-date symlink: /home/jamiek/2026_ROS_manipulator/open_manipulator_ws/install/robotis_interfaces/include/robotis_interfaces/robotis_interfaces/msg/rosidl_typesupport_fastrtps_c__visibility_control.h
[3.228s] -- Up-to-date symlink: /home/jamiek/2026_ROS_manipulator/open_manipulator_ws/install/robotis_interfaces/include/robotis_interfaces/robotis_interfaces/msg/detail/hand_joints__builder.hpp
[3.228s] -- Up-to-date symlink: /home/jamiek/2026_ROS_manipulator/open_manipulator_ws/install/robotis_interfaces/include/robotis_interfaces/robotis_interfaces/msg/detail/hand_joints__struct.hpp
[3.228s] -- Up-to-date symlink: /home/jamiek/2026_ROS_manipulator/open_manipulator_ws/install/robotis_interfaces/include/robotis_interfaces/robotis_interfaces/msg/detail/hand_joints__traits.hpp
[3.228s] -- Up-to-date symlink: /home/jamiek/2026_ROS_manipulator/open_manipulator_ws/install/robotis_interfaces/include/robotis_interfaces/robotis_interfaces/msg/detail/hand_joints__type_support.hpp
[3.229s] -- Up-to-date symlink: /home/jamiek/2026_ROS_manipulator/open_manipulator_ws/install/robotis_interfaces/include/robotis_interfaces/robotis_interfaces/msg/detail/hand_pressures__builder.hpp
[3.229s] -- Up-to-date symlink: /home/jamiek/2026_ROS_manipulator/open_manipulator_ws/install/robotis_interfaces/include/robotis_interfaces/robotis_interfaces/msg/detail/hand_pressures__struct.hpp
[3.229s] -- Up-to-date symlink: /home/jamiek/2026_ROS_manipulator/open_manipulator_ws/install/robotis_interfaces/include/robotis_interfaces/robotis_interfaces/msg/detail/hand_pressures__traits.hpp
[3.229s] -- Up-to-date symlink: /home/jamiek/2026_ROS_manipulator/open_manipulator_ws/install/robotis_interfaces/include/robotis_interfaces/robotis_interfaces/msg/detail/hand_pressures__type_support.hpp
[3.229s] -- Up-to-date symlink: /home/jamiek/2026_ROS_manipulator/open_manipulator_ws/install/robotis_interfaces/include/robotis_interfaces/robotis_interfaces/msg/detail/move_l__builder.hpp
[3.229s] -- Up-to-date symlink: /home/jamiek/2026_ROS_manipulator/open_manipulator_ws/install/robotis_interfaces/include/robotis_interfaces/robotis_interfaces/msg/detail/move_l__struct.hpp
[3.230s] -- Up-to-date symlink: /home/jamiek/2026_ROS_manipulator/open_manipulator_ws/install/robotis_interfaces/include/robotis_interfaces/robotis_interfaces/msg/detail/move_l__traits.hpp
[3.230s] -- Up-to-date symlink: /home/jamiek/2026_ROS_manipulator/open_manipulator_ws/install/robotis_interfaces/include/robotis_interfaces/robotis_interfaces/msg/detail/move_l__type_support.hpp
[3.230s] -- Up-to-date symlink: /home/jamiek/2026_ROS_manipulator/open_manipulator_ws/install/robotis_interfaces/include/robotis_interfaces/robotis_interfaces/msg/detail/tactile_sensor__builder.hpp
[3.230s] -- Up-to-date symlink: /home/jamiek/2026_ROS_manipulator/open_manipulator_ws/install/robotis_interfaces/include/robotis_interfaces/robotis_interfaces/msg/detail/tactile_sensor__struct.hpp
[3.230s] -- Up-to-date symlink: /home/jamiek/2026_ROS_manipulator/open_manipulator_ws/install/robotis_interfaces/include/robotis_interfaces/robotis_interfaces/msg/detail/tactile_sensor__traits.hpp
[3.231s] -- Up-to-date symlink: /home/jamiek/2026_ROS_manipulator/open_manipulator_ws/install/robotis_interfaces/include/robotis_interfaces/robotis_interfaces/msg/detail/tactile_sensor__type_support.hpp
[3.232s] -- Up-to-date symlink: /home/jamiek/2026_ROS_manipulator/open_manipulator_ws/install/robotis_interfaces/include/robotis_interfaces/robotis_interfaces/msg/hand_joints.hpp
[3.232s] -- Up-to-date symlink: /home/jamiek/2026_ROS_manipulator/open_manipulator_ws/install/robotis_interfaces/include/robotis_interfaces/robotis_interfaces/msg/hand_pressures.hpp
[3.232s] -- Up-to-date symlink: /home/jamiek/2026_ROS_manipulator/open_manipulator_ws/install/robotis_interfaces/include/robotis_interfaces/robotis_interfaces/msg/move_l.hpp
[3.232s] -- Up-to-date symlink: /home/jamiek/2026_ROS_manipulator/open_manipulator_ws/install/robotis_interfaces/include/robotis_interfaces/robotis_interfaces/msg/rosidl_generator_cpp__visibility_control.hpp
[3.232s] -- Up-to-date symlink: /home/jamiek/2026_ROS_manipulator/open_manipulator_ws/install/robotis_interfaces/include/robotis_interfaces/robotis_interfaces/msg/tactile_sensor.hpp
[3.233s] -- Up-to-date symlink: /home/jamiek/2026_ROS_manipulator/open_manipulator_ws/install/robotis_interfaces/include/robotis_interfaces/robotis_interfaces/msg/detail/hand_joints__rosidl_typesupport_fastrtps_cpp.hpp
[3.233s] -- Up-to-date symlink: /home/jamiek/2026_ROS_manipulator/open_manipulator_ws/install/robotis_interfaces/include/robotis_interfaces/robotis_interfaces/msg/detail/hand_pressures__rosidl_typesupport_fastrtps_cpp.hpp
[3.234s] -- Up-to-date symlink: /home/jamiek/2026_ROS_manipulator/open_manipulator_ws/install/robotis_interfaces/include/robotis_interfaces/robotis_interfaces/msg/detail/move_l__rosidl_typesupport_fastrtps_cpp.hpp
[3.234s] -- Up-to-date symlink: /home/jamiek/2026_ROS_manipulator/open_manipulator_ws/install/robotis_interfaces/include/robotis_interfaces/robotis_interfaces/msg/detail/tactile_sensor__rosidl_typesupport_fastrtps_cpp.hpp
[3.234s] -- Up-to-date symlink: /home/jamiek/2026_ROS_manipulator/open_manipulator_ws/install/robotis_interfaces/include/robotis_interfaces/robotis_interfaces/msg/rosidl_typesupport_fastrtps_cpp__visibility_control.h
[3.234s] -- Up-to-date symlink: /home/jamiek/2026_ROS_manipulator/open_manipulator_ws/install/robotis_interfaces/include/robotis_interfaces/robotis_interfaces/msg/detail/hand_joints__rosidl_typesupport_introspection_c.h
[3.234s] -- Up-to-date symlink: /home/jamiek/2026_ROS_manipulator/open_manipulator_ws/install/robotis_interfaces/include/robotis_interfaces/robotis_interfaces/msg/detail/hand_pressures__rosidl_typesupport_introspection_c.h
[3.234s] -- Up-to-date symlink: /home/jamiek/2026_ROS_manipulator/open_manipulator_ws/install/robotis_interfaces/include/robotis_interfaces/robotis_interfaces/msg/detail/move_l__rosidl_typesupport_introspection_c.h
[3.235s] -- Up-to-date symlink: /home/jamiek/2026_ROS_manipulator/open_manipulator_ws/install/robotis_interfaces/include/robotis_interfaces/robotis_interfaces/msg/detail/tactile_sensor__rosidl_typesupport_introspection_c.h
[3.235s] -- Up-to-date symlink: /home/jamiek/2026_ROS_manipulator/open_manipulator_ws/install/robotis_interfaces/include/robotis_interfaces/robotis_interfaces/msg/rosidl_typesupport_introspection_c__visibility_control.h
[3.235s] -- Up-to-date symlink: /home/jamiek/2026_ROS_manipulator/open_manipulator_ws/install/robotis_interfaces/include/robotis_interfaces/robotis_interfaces/msg/detail/hand_joints__rosidl_typesupport_introspection_cpp.hpp
[3.235s] -- Up-to-date symlink: /home/jamiek/2026_ROS_manipulator/open_manipulator_ws/install/robotis_interfaces/include/robotis_interfaces/robotis_interfaces/msg/detail/hand_pressures__rosidl_typesupport_introspection_cpp.hpp
[3.236s] -- Up-to-date symlink: /home/jamiek/2026_ROS_manipulator/open_manipulator_ws/install/robotis_interfaces/include/robotis_interfaces/robotis_interfaces/msg/detail/move_l__rosidl_typesupport_introspection_cpp.hpp
[3.236s] -- Up-to-date symlink: /home/jamiek/2026_ROS_manipulator/open_manipulator_ws/install/robotis_interfaces/include/robotis_interfaces/robotis_interfaces/msg/detail/tactile_sensor__rosidl_typesupport_introspection_cpp.hpp
[3.236s] -- Up-to-date symlink: /home/jamiek/2026_ROS_manipulator/open_manipulator_ws/install/robotis_interfaces/share/robotis_interfaces/environment/pythonpath.sh
[3.236s] -- Up-to-date symlink: /home/jamiek/2026_ROS_manipulator/open_manipulator_ws/install/robotis_interfaces/share/robotis_interfaces/environment/pythonpath.dsv
[3.236s] -- Up-to-date symlink: /home/jamiek/2026_ROS_manipulator/open_manipulator_ws/install/robotis_interfaces/lib/python3.12/site-packages/robotis_interfaces-1.1.0-py3.12.egg-info/PKG-INFO
[3.236s] -- Up-to-date symlink: /home/jamiek/2026_ROS_manipulator/open_manipulator_ws/install/robotis_interfaces/lib/python3.12/site-packages/robotis_interfaces-1.1.0-py3.12.egg-info/SOURCES.txt
[3.236s] -- Up-to-date symlink: /home/jamiek/2026_ROS_manipulator/open_manipulator_ws/install/robotis_interfaces/lib/python3.12/site-packages/robotis_interfaces-1.1.0-py3.12.egg-info/dependency_links.txt
[3.236s] -- Up-to-date symlink: /home/jamiek/2026_ROS_manipulator/open_manipulator_ws/install/robotis_interfaces/lib/python3.12/site-packages/robotis_interfaces-1.1.0-py3.12.egg-info/top_level.txt
[3.236s] -- Up-to-date symlink: /home/jamiek/2026_ROS_manipulator/open_manipulator_ws/install/robotis_interfaces/lib/python3.12/site-packages/robotis_interfaces/__init__.py
[3.237s] -- Up-to-date symlink: /home/jamiek/2026_ROS_manipulator/open_manipulator_ws/install/robotis_interfaces/lib/python3.12/site-packages/robotis_interfaces/_robotis_interfaces_s.ep.rosidl_typesupport_c.c
[3.237s] -- Up-to-date symlink: /home/jamiek/2026_ROS_manipulator/open_manipulator_ws/install/robotis_interfaces/lib/python3.12/site-packages/robotis_interfaces/_robotis_interfaces_s.ep.rosidl_typesupport_fastrtps_c.c
[3.237s] -- Up-to-date symlink: /home/jamiek/2026_ROS_manipulator/open_manipulator_ws/install/robotis_interfaces/lib/python3.12/site-packages/robotis_interfaces/_robotis_interfaces_s.ep.rosidl_typesupport_introspection_c.c
[3.237s] -- Up-to-date symlink: /home/jamiek/2026_ROS_manipulator/open_manipulator_ws/install/robotis_interfaces/lib/python3.12/site-packages/robotis_interfaces/msg/__init__.py
[3.237s] -- Up-to-date symlink: /home/jamiek/2026_ROS_manipulator/open_manipulator_ws/install/robotis_interfaces/lib/python3.12/site-packages/robotis_interfaces/msg/_hand_joints.py
[3.237s] -- Up-to-date symlink: /home/jamiek/2026_ROS_manipulator/open_manipulator_ws/install/robotis_interfaces/lib/python3.12/site-packages/robotis_interfaces/msg/_hand_joints_s.c
[3.238s] -- Up-to-date symlink: /home/jamiek/2026_ROS_manipulator/open_manipulator_ws/install/robotis_interfaces/lib/python3.12/site-packages/robotis_interfaces/msg/_hand_pressures.py
[3.238s] -- Up-to-date symlink: /home/jamiek/2026_ROS_manipulator/open_manipulator_ws/install/robotis_interfaces/lib/python3.12/site-packages/robotis_interfaces/msg/_hand_pressures_s.c
[3.238s] -- Up-to-date symlink: /home/jamiek/2026_ROS_manipulator/open_manipulator_ws/install/robotis_interfaces/lib/python3.12/site-packages/robotis_interfaces/msg/_move_l.py
[3.238s] -- Up-to-date symlink: /home/jamiek/2026_ROS_manipulator/open_manipulator_ws/install/robotis_interfaces/lib/python3.12/site-packages/robotis_interfaces/msg/_move_l_s.c
[3.239s] -- Up-to-date symlink: /home/jamiek/2026_ROS_manipulator/open_manipulator_ws/install/robotis_interfaces/lib/python3.12/site-packages/robotis_interfaces/msg/_tactile_sensor.py
[3.239s] -- Up-to-date symlink: /home/jamiek/2026_ROS_manipulator/open_manipulator_ws/install/robotis_interfaces/lib/python3.12/site-packages/robotis_interfaces/msg/_tactile_sensor_s.c
[3.239s] -- Up-to-date symlink: /home/jamiek/2026_ROS_manipulator/open_manipulator_ws/install/robotis_interfaces/lib/python3.12/site-packages/robotis_interfaces/robotis_interfaces_s__rosidl_typesupport_c.so
[3.239s] -- Up-to-date symlink: /home/jamiek/2026_ROS_manipulator/open_manipulator_ws/install/robotis_interfaces/lib/python3.12/site-packages/robotis_interfaces/robotis_interfaces_s__rosidl_typesupport_fastrtps_c.so
[3.240s] -- Up-to-date symlink: /home/jamiek/2026_ROS_manipulator/open_manipulator_ws/install/robotis_interfaces/lib/python3.12/site-packages/robotis_interfaces/robotis_interfaces_s__rosidl_typesupport_introspection_c.so
[3.240s] -- Up-to-date symlink: /home/jamiek/2026_ROS_manipulator/open_manipulator_ws/install/robotis_interfaces/lib/python3.12/site-packages/robotis_interfaces/robotis_interfaces_s__rosidl_typesupport_fastrtps_c.so
[3.241s] -- Up-to-date symlink: /home/jamiek/2026_ROS_manipulator/open_manipulator_ws/install/robotis_interfaces/lib/python3.12/site-packages/robotis_interfaces/robotis_interfaces_s__rosidl_typesupport_introspection_c.so
[3.241s] -- Up-to-date symlink: /home/jamiek/2026_ROS_manipulator/open_manipulator_ws/install/robotis_interfaces/lib/python3.12/site-packages/robotis_interfaces/robotis_interfaces_s__rosidl_typesupport_c.so
[3.241s] -- Up-to-date symlink: /home/jamiek/2026_ROS_manipulator/open_manipulator_ws/install/robotis_interfaces/share/ament_index/resource_index/rust_packages/robotis_interfaces
[3.244s] -- Up-to-date symlink: /home/jamiek/2026_ROS_manipulator/open_manipulator_ws/install/robotis_interfaces/share/robotis_interfaces/rust/Cargo.toml
[3.244s] -- Up-to-date symlink: /home/jamiek/2026_ROS_manipulator/open_manipulator_ws/install/robotis_interfaces/share/robotis_interfaces/rust/build.rs
[3.245s] -- Up-to-date symlink: /home/jamiek/2026_ROS_manipulator/open_manipulator_ws/install/robotis_interfaces/share/robotis_interfaces/rust/src/lib.rs
[3.246s] -- Up-to-date symlink: /home/jamiek/2026_ROS_manipulator/open_manipulator_ws/install/robotis_interfaces/share/robotis_interfaces/rust/src/msg.rs
[3.246s] -- Up-to-date symlink: /home/jamiek/2026_ROS_manipulator/open_manipulator_ws/install/robotis_interfaces/share/robotis_interfaces/rust/src/msg/rmw.rs
[3.246s] -- Up-to-date symlink: /home/jamiek/2026_ROS_manipulator/open_manipulator_ws/install/robotis_interfaces/share/robotis_interfaces/msg/HandJoints.idl
[3.247s] -- Up-to-date symlink: /home/jamiek/2026_ROS_manipulator/open_manipulator_ws/install/robotis_interfaces/share/robotis_interfaces/msg/HandPressures.idl
[3.247s] -- Up-to-date symlink: /home/jamiek/2026_ROS_manipulator/open_manipulator_ws/install/robotis_interfaces/share/robotis_interfaces/msg/MoveL.idl
[3.247s] -- Up-to-date symlink: /home/jamiek/2026_ROS_manipulator/open_manipulator_ws/install/robotis_interfaces/share/robotis_interfaces/msg/TactileSensor.idl
[3.247s] -- Up-to-date symlink: /home/jamiek/2026_ROS_manipulator/open_manipulator_ws/install/robotis_interfaces/share/robotis_interfaces/msg/HandJoints.msg
[3.247s] -- Up-to-date symlink: /home/jamiek/2026_ROS_manipulator/open_manipulator_ws/install/robotis_interfaces/share/robotis_interfaces/msg/HandPressures.msg
[3.248s] -- Up-to-date symlink: /home/jamiek/2026_ROS_manipulator/open_manipulator_ws/install/robotis_interfaces/share/robotis_interfaces/msg/MoveL.msg
[3.248s] -- Up-to-date symlink: /home/jamiek/2026_ROS_manipulator/open_manipulator_ws/install/robotis_interfaces/share/robotis_interfaces/msg/TactileSensor.msg
[3.248s] -- Up-to-date symlink: /home/jamiek/2026_ROS_manipulator/open_manipulator_ws/install/robotis_interfaces/share/ament_index/resource_index/package_run_dependencies/robotis_interfaces
[3.249s] -- Up-to-date symlink: /home/jamiek/2026_ROS_manipulator/open_manipulator_ws/install/robotis_interfaces/share/ament_index/resource_index/parent_prefix_path/robotis_interfaces
[3.249s] -- Up-to-date symlink: /home/jamiek/2026_ROS_manipulator/open_manipulator_ws/install/robotis_interfaces/share/robotis_interfaces/environment/ament_prefix_path.sh
[3.249s] -- Up-to-date symlink: /home/jamiek/2026_ROS_manipulator/open_manipulator_ws/install/robotis_interfaces/share/robotis_interfaces/environment/ament_prefix_path.dsv
[3.250s] -- Up-to-date symlink: /home/jamiek/2026_ROS_manipulator/open_manipulator_ws/install/robotis_interfaces/share/robotis_interfaces/environment/path.sh
[3.250s] -- Up-to-date symlink: /home/jamiek/2026_ROS_manipulator/open_manipulator_ws/install/robotis_interfaces/share/robotis_interfaces/environment/path.dsv
[3.250s] -- Up-to-date symlink: /home/jamiek/2026_ROS_manipulator/open_manipulator_ws/install/robotis_interfaces/share/robotis_interfaces/local_setup.bash
[3.250s] -- Up-to-date symlink: /home/jamiek/2026_ROS_manipulator/open_manipulator_ws/install/robotis_interfaces/share/robotis_interfaces/local_setup.sh
[3.251s] -- Up-to-date symlink: /home/jamiek/2026_ROS_manipulator/open_manipulator_ws/install/robotis_interfaces/share/robotis_interfaces/local_setup.zsh
[3.251s] -- Up-to-date symlink: /home/jamiek/2026_ROS_manipulator/open_manipulator_ws/install/robotis_interfaces/share/robotis_interfaces/local_setup.dsv
[3.251s] -- Symlinking: /home/jamiek/2026_ROS_manipulator/open_manipulator_ws/install/robotis_interfaces/share/robotis_interfaces/package.dsv
[3.262s] -- Up-to-date symlink: /home/jamiek/2026_ROS_manipulator/open_manipulator_ws/install/robotis_interfaces/share/ament_index/resource_index/packages/robotis_interfaces
[3.262s] -- Up-to-date symlink: /home/jamiek/2026_ROS_manipulator/open_manipulator_ws/install/robotis_interfaces/share/robotis_interfaces/cmake/rosidl_cmake-extras.cmake
[3.262s] -- Up-to-date symlink: /home/jamiek/2026_ROS_manipulator/open_manipulator_ws/install/robotis_interfaces/share/robotis_interfaces/cmake/ament_cmake_export_dependencies-extras.cmake
[3.262s] -- Up-to-date symlink: /home/jamiek/2026_ROS_manipulator/open_manipulator_ws/install/robotis_interfaces/share/robotis_interfaces/cmake/ament_cmake_export_include_directories-extras.cmake
[3.263s] -- Up-to-date symlink: /home/jamiek/2026_ROS_manipulator/open_manipulator_ws/install/robotis_interfaces/share/robotis_interfaces/cmake/ament_cmake_export_libraries-extras.cmake
[3.263s] -- Up-to-date symlink: /home/jamiek/2026_ROS_manipulator/open_manipulator_ws/install/robotis_interfaces/share/robotis_interfaces/cmake/ament_cmake_export_targets-extras.cmake
[3.263s] -- Up-to-date symlink: /home/jamiek/2026_ROS_manipulator/open_manipulator_ws/install/robotis_interfaces/share/robotis_interfaces/cmake/rosidl_cmake_export_typesupport_targets-extras.cmake
[3.263s] -- Up-to-date symlink: /home/jamiek/2026_ROS_manipulator/open_manipulator_ws/install/robotis_interfaces/share/robotis_interfaces/cmake/rosidl_cmake_export_typesupport_libraries-extras.cmake
[3.263s] -- Up-to-date symlink: /home/jamiek/2026_ROS_manipulator/open_manipulator_ws/install/robotis_interfaces/share/robotis_interfaces/cmake/rosidl_cmake_aggregate_target-extras.cmake
[3.263s] -- Up-to-date symlink: /home/jamiek/2026_ROS_manipulator/open_manipulator_ws/install/robotis_interfaces/share/robotis_interfaces/cmake/robotis_interfacesConfig.cmake
[3.264s] -- Up-to-date symlink: /home/jamiek/2026_ROS_manipulator/open_manipulator_ws/install/robotis_interfaces/share/robotis_interfaces/cmake/robotis_interfacesConfig-version.cmake
[3.264s] -- Up-to-date symlink: /home/jamiek/2026_ROS_manipulator/open_manipulator_ws/install/robotis_interfaces/share/robotis_interfaces/package.xml
[3.264s] -- Up-to-date: /home/jamiek/2026_ROS_manipulator/open_manipulator_ws/install/robotis_interfaces/lib/librobotis_interfaces__rosidl_generator_c.so
[3.265s] -- Up-to-date: /home/jamiek/2026_ROS_manipulator/open_manipulator_ws/install/robotis_interfaces/lib/librobotis_interfaces__rosidl_typesupport_fastrtps_c.so
[3.265s] -- Up-to-date: /home/jamiek/2026_ROS_manipulator/open_manipulator_ws/install/robotis_interfaces/lib/librobotis_interfaces__rosidl_typesupport_fastrtps_cpp.so
[3.265s] -- Up-to-date: /home/jamiek/2026_ROS_manipulator/open_manipulator_ws/install/robotis_interfaces/lib/librobotis_interfaces__rosidl_typesupport_introspection_c.so
[3.266s] -- Up-to-date: /home/jamiek/2026_ROS_manipulator/open_manipulator_ws/install/robotis_interfaces/lib/librobotis_interfaces__rosidl_typesupport_c.so
[3.266s] -- Up-to-date: /home/jamiek/2026_ROS_manipulator/open_manipulator_ws/install/robotis_interfaces/lib/librobotis_interfaces__rosidl_typesupport_introspection_cpp.so
[3.266s] -- Up-to-date: /home/jamiek/2026_ROS_manipulator/open_manipulator_ws/install/robotis_interfaces/lib/librobotis_interfaces__rosidl_typesupport_cpp.so
[3.315s] Listing '/home/jamiek/2026_ROS_manipulator/open_manipulator_ws/install/robotis_interfaces/lib/python3.12/site-packages/robotis_interfaces'...
[3.315s] Compiling '/home/jamiek/2026_ROS_manipulator/open_manipulator_ws/install/robotis_interfaces/lib/python3.12/site-packages/robotis_interfaces/__init__.py'...
[3.315s] Listing '/home/jamiek/2026_ROS_manipulator/open_manipulator_ws/install/robotis_interfaces/lib/python3.12/site-packages/robotis_interfaces/msg'...
[3.322s] -- Up-to-date: /home/jamiek/2026_ROS_manipulator/open_manipulator_ws/install/robotis_interfaces/lib/librobotis_interfaces__rosidl_generator_py.so
[3.322s] -- Up-to-date: /home/jamiek/2026_ROS_manipulator/open_manipulator_ws/install/robotis_interfaces/share/robotis_interfaces/cmake/export_robotis_interfaces__rosidl_generator_cExport.cmake
[3.322s] -- Up-to-date: /home/jamiek/2026_ROS_manipulator/open_manipulator_ws/install/robotis_interfaces/share/robotis_interfaces/cmake/export_robotis_interfaces__rosidl_generator_cExport-release.cmake
[3.323s] -- Up-to-date: /home/jamiek/2026_ROS_manipulator/open_manipulator_ws/install/robotis_interfaces/share/robotis_interfaces/cmake/export_robotis_interfaces__rosidl_typesupport_fastrtps_cExport.cmake
[3.323s] -- Up-to-date: /home/jamiek/2026_ROS_manipulator/open_manipulator_ws/install/robotis_interfaces/share/robotis_interfaces/cmake/export_robotis_interfaces__rosidl_typesupport_fastrtps_cExport-release.cmake
[3.323s] -- Up-to-date: /home/jamiek/2026_ROS_manipulator/open_manipulator_ws/install/robotis_interfaces/share/robotis_interfaces/cmake/export_robotis_interfaces__rosidl_generator_cppExport.cmake
[3.323s] -- Up-to-date: /home/jamiek/2026_ROS_manipulator/open_manipulator_ws/install/robotis_interfaces/share/robotis_interfaces/cmake/export_robotis_interfaces__rosidl_typesupport_fastrtps_cppExport.cmake
[3.323s] -- Up-to-date: /home/jamiek/2026_ROS_manipulator/open_manipulator_ws/install/robotis_interfaces/share/robotis_interfaces/cmake/export_robotis_interfaces__rosidl_typesupport_fastrtps_cppExport-release.cmake
[3.323s] -- Up-to-date: /home/jamiek/2026_ROS_manipulator/open_manipulator_ws/install/robotis_interfaces/share/robotis_interfaces/cmake/robotis_interfaces__rosidl_typesupport_introspection_cExport.cmake
[3.324s] -- Up-to-date: /home/jamiek/2026_ROS_manipulator/open_manipulator_ws/install/robotis_interfaces/share/robotis_interfaces/cmake/robotis_interfaces__rosidl_typesupport_introspection_cExport-release.cmake
[3.324s] -- Up-to-date: /home/jamiek/2026_ROS_manipulator/open_manipulator_ws/install/robotis_interfaces/share/robotis_interfaces/cmake/robotis_interfaces__rosidl_typesupport_cExport.cmake
[3.324s] -- Up-to-date: /home/jamiek/2026_ROS_manipulator/open_manipulator_ws/install/robotis_interfaces/share/robotis_interfaces/cmake/robotis_interfaces__rosidl_typesupport_cExport-release.cmake
[3.324s] -- Up-to-date: /home/jamiek/2026_ROS_manipulator/open_manipulator_ws/install/robotis_interfaces/share/robotis_interfaces/cmake/robotis_interfaces__rosidl_typesupport_introspection_cppExport.cmake
[3.324s] -- Up-to-date: /home/jamiek/2026_ROS_manipulator/open_manipulator_ws/install/robotis_interfaces/share/robotis_interfaces/cmake/robotis_interfaces__rosidl_typesupport_introspection_cppExport-release.cmake
[3.324s] -- Up-to-date: /home/jamiek/2026_ROS_manipulator/open_manipulator_ws/install/robotis_interfaces/share/robotis_interfaces/cmake/robotis_interfaces__rosidl_typesupport_cppExport.cmake
[3.324s] -- Up-to-date: /home/jamiek/2026_ROS_manipulator/open_manipulator_ws/install/robotis_interfaces/share/robotis_interfaces/cmake/robotis_interfaces__rosidl_typesupport_cppExport-release.cmake
[3.324s] -- Up-to-date: /home/jamiek/2026_ROS_manipulator/open_manipulator_ws/install/robotis_interfaces/share/robotis_interfaces/cmake/export_robotis_interfaces__rosidl_generator_pyExport.cmake
[3.325s] -- Up-to-date: /home/jamiek/2026_ROS_manipulator/open_manipulator_ws/install/robotis_interfaces/share/robotis_interfaces/cmake/export_robotis_interfaces__rosidl_generator_pyExport-release.cmake
[3.327s] Invoked command in '/home/jamiek/2026_ROS_manipulator/open_manipulator_ws/build/robotis_interfaces' returned '0': CMAKE_PREFIX_PATH=${CMAKE_PREFIX_PATH}:/home/jamiek/2026_ROS_manipulator/open_manipulator_ws/install/open_manipulator_teleop:/home/jamiek/2026_ROS_manipulator/open_manipulator_ws/install/open_manipulator_bringup:/home/jamiek/2026_ROS_manipulator/ros_ws/install/tf2_basic:/home/jamiek/2026_ROS_manipulator/ros_ws/install/ros_basic:/opt/ros/jazzy DEBUGINFOD_URLS=https://debuginfod.ubuntu.com /usr/bin/cmake --install /home/jamiek/2026_ROS_manipulator/open_manipulator_ws/build/robotis_interfaces
