[0.037s] Invoking command in '/home/jamiek/2026_ROS_manipulator/open_manipulator_ws/build/om_joint_trajectory_command_broadcaster': CMAKE_PREFIX_PATH=${CMAKE_PREFIX_PATH}:/home/jamiek/open_manipulator_ws/install/open_manipulator_teleop:/home/jamiek/open_manipulator_ws/install/open_manipulator_bringup:/home/jamiek/2026_ROS_manipulator/ros_ws/install/tf2_basic:/home/jamiek/2026_ROS_manipulator/ros_ws/install/ros_basic:/opt/ros/jazzy DEBUGINFOD_URLS=https://debuginfod.ubuntu.com /usr/bin/cmake /home/jamiek/2026_ROS_manipulator/open_manipulator_ws/src/open_manipulator/ros2_controller/om_joint_trajectory_command_broadcaster -DAMENT_CMAKE_SYMLINK_INSTALL=1 -DCMAKE_INSTALL_PREFIX=/home/jamiek/2026_ROS_manipulator/open_manipulator_ws/install/om_joint_trajectory_command_broadcaster
[0.152s] -- The CXX compiler identification is GNU 13.3.0
[0.180s] -- Detecting CXX compiler ABI info
[0.355s] -- Detecting CXX compiler ABI info - done
[0.368s] -- Check for working CXX compiler: /usr/bin/c++ - skipped
[0.368s] -- Detecting CXX compile features
[0.369s] -- Detecting CXX compile features - done
[0.378s] -- Found ament_cmake: 2.5.6 (/opt/ros/jazzy/share/ament_cmake/cmake)
[0.643s] -- Found Python3: /usr/bin/python3 (found version "3.12.3") found components: Interpreter 
[0.726s] -- Override CMake install command with custom implementation using symlinks instead of copying resources
[0.835s] -- Found builtin_interfaces: 2.0.4 (/opt/ros/jazzy/share/builtin_interfaces/cmake)
[0.955s] -- Found rosidl_generator_c: 4.6.9 (/opt/ros/jazzy/share/rosidl_generator_c/cmake)
[0.989s] -- Found rosidl_generator_cpp: 4.6.9 (/opt/ros/jazzy/share/rosidl_generator_cpp/cmake)
[1.027s] -- Using all available rosidl_typesupport_c: rosidl_typesupport_fastrtps_c;rosidl_typesupport_introspection_c
[1.064s] -- Using all available rosidl_typesupport_cpp: rosidl_typesupport_fastrtps_cpp;rosidl_typesupport_introspection_cpp
[1.102s] -- Found controller_interface: 4.45.2 (/opt/ros/jazzy/share/controller_interface/cmake)
[1.468s] -- Found TinyXML2 via Config file: /usr/lib/x86_64-linux-gnu/cmake/tinyxml2
[1.564s] -- Found rmw_implementation_cmake: 7.3.3 (/opt/ros/jazzy/share/rmw_implementation_cmake/cmake)
[1.571s] -- Found rmw_fastrtps_cpp: 8.4.4 (/opt/ros/jazzy/share/rmw_fastrtps_cpp/cmake)
[1.620s] -- Found TinyXML2 via Config file: /usr/lib/x86_64-linux-gnu/cmake/tinyxml2
[1.796s] -- Found OpenSSL: /usr/lib/x86_64-linux-gnu/libcrypto.so (found version "3.0.13")  
[1.809s] -- Found TinyXML2 via Config file: /usr/lib/x86_64-linux-gnu/cmake/tinyxml2
[1.852s] -- Found FastRTPS: /opt/ros/jazzy/include (Required is at least version "2.13") 
[1.858s] -- Found TinyXML2 via Config file: /usr/lib/x86_64-linux-gnu/cmake/tinyxml2
[1.877s] -- Found TinyXML2 via Config file: /usr/lib/x86_64-linux-gnu/cmake/tinyxml2
[1.912s] -- Using RMW implementation 'rmw_fastrtps_cpp' as default
[2.973s] -- Found generate_parameter_library: 0.7.3 (/opt/ros/jazzy/share/generate_parameter_library/cmake)
[2.979s] -- Found parameter_traits: 0.7.3 (/opt/ros/jazzy/share/parameter_traits/cmake)
[3.022s] [0mCMake Deprecation Warning at /opt/ros/jazzy/share/tl_expected/cmake/tl_expectedConfig.cmake:37 (message):
[3.022s]   Package 'tl_expected' is deprecated (This package will be removed in ROS 2
[3.022s]   Lyrical Luth.
[3.023s] 
[3.023s]         Use tl/expected.hpp from libexpected-dev,
[3.023s]         or rcpputils/tl_expected/expected.hpp if the system header is not available)
[3.024s] Call Stack (most recent call first):
[3.024s]   /opt/ros/jazzy/share/parameter_traits/cmake/ament_cmake_export_dependencies-extras.cmake:21 (find_package)
[3.024s]   /opt/ros/jazzy/share/parameter_traits/cmake/parameter_traitsConfig.cmake:41 (include)
[3.024s]   /opt/ros/jazzy/share/generate_parameter_library/cmake/generate_parameter_library-extras.cmake:30 (find_package)
[3.026s]   /opt/ros/jazzy/share/generate_parameter_library/cmake/generate_parameter_libraryConfig.cmake:41 (include)
[3.026s]   CMakeLists.txt:31 (find_package)
[3.026s] 
[3.026s] [0m
[3.233s] -- Configuring done (3.2s)
[3.294s] -- Generating done (0.0s)
[3.306s] -- Build files have been written to: /home/jamiek/2026_ROS_manipulator/open_manipulator_ws/build/om_joint_trajectory_command_broadcaster
[3.346s] Invoked command in '/home/jamiek/2026_ROS_manipulator/open_manipulator_ws/build/om_joint_trajectory_command_broadcaster' returned '0': CMAKE_PREFIX_PATH=${CMAKE_PREFIX_PATH}:/home/jamiek/open_manipulator_ws/install/open_manipulator_teleop:/home/jamiek/open_manipulator_ws/install/open_manipulator_bringup:/home/jamiek/2026_ROS_manipulator/ros_ws/install/tf2_basic:/home/jamiek/2026_ROS_manipulator/ros_ws/install/ros_basic:/opt/ros/jazzy DEBUGINFOD_URLS=https://debuginfod.ubuntu.com /usr/bin/cmake /home/jamiek/2026_ROS_manipulator/open_manipulator_ws/src/open_manipulator/ros2_controller/om_joint_trajectory_command_broadcaster -DAMENT_CMAKE_SYMLINK_INSTALL=1 -DCMAKE_INSTALL_PREFIX=/home/jamiek/2026_ROS_manipulator/open_manipulator_ws/install/om_joint_trajectory_command_broadcaster
[3.347s] Invoking command in '/home/jamiek/2026_ROS_manipulator/open_manipulator_ws/build/om_joint_trajectory_command_broadcaster': CMAKE_PREFIX_PATH=${CMAKE_PREFIX_PATH}:/home/jamiek/open_manipulator_ws/install/open_manipulator_teleop:/home/jamiek/open_manipulator_ws/install/open_manipulator_bringup:/home/jamiek/2026_ROS_manipulator/ros_ws/install/tf2_basic:/home/jamiek/2026_ROS_manipulator/ros_ws/install/ros_basic:/opt/ros/jazzy DEBUGINFOD_URLS=https://debuginfod.ubuntu.com /usr/bin/cmake --build /home/jamiek/2026_ROS_manipulator/open_manipulator_ws/build/om_joint_trajectory_command_broadcaster -- -j16 -l16
[3.486s] [ 25%] [34m[1mRunning `/opt/ros/jazzy/bin/generate_parameter_library_cpp /home/jamiek/2026_ROS_manipulator/open_manipulator_ws/build/om_joint_trajectory_command_broadcaster/include/om_joint_trajectory_command_broadcaster/joint_trajectory_command_broadcaster_parameters.hpp /home/jamiek/2026_ROS_manipulator/open_manipulator_ws/src/open_manipulator/ros2_controller/om_joint_trajectory_command_broadcaster/src/joint_trajectory_command_broadcaster_parameters.yaml `[0m
[4.757s] [ 50%] [34m[1mCreating deprecated header file /home/jamiek/2026_ROS_manipulator/open_manipulator_ws/build/om_joint_trajectory_command_broadcaster/include/joint_trajectory_command_broadcaster_parameters.hpp[0m
[4.791s] [ 50%] Built target joint_trajectory_command_broadcaster_parameters
[4.835s] [ 75%] [32mBuilding CXX object CMakeFiles/joint_trajectory_command_broadcaster.dir/src/joint_trajectory_command_broadcaster.cpp.o[0m
[15.871s] In file included from [01m[K/opt/ros/jazzy/include/parameter_traits/parameter_traits/parameter_traits.hpp:37[m[K,
[15.871s]                  from [01m[K/home/jamiek/2026_ROS_manipulator/open_manipulator_ws/build/om_joint_trajectory_command_broadcaster/include/om_joint_trajectory_command_broadcaster/joint_trajectory_command_broadcaster_parameters.hpp:26[m[K,
[15.871s]                  from [01m[K/home/jamiek/2026_ROS_manipulator/open_manipulator_ws/src/open_manipulator/ros2_controller/om_joint_trajectory_command_broadcaster/include/joint_trajectory_command_broadcaster/joint_trajectory_command_broadcaster.hpp:28[m[K,
[15.872s]                  from [01m[K/home/jamiek/2026_ROS_manipulator/open_manipulator_ws/src/open_manipulator/ros2_controller/om_joint_trajectory_command_broadcaster/src/joint_trajectory_command_broadcaster.cpp:15[m[K:
[15.872s] [01m[K/opt/ros/jazzy/include/tl_expected/expected.hpp:18:167:[m[K [01;36m[Knote: [m[K‘[01m[K#pragma message: tl_expected/expected.hpp is deprecated. Use <tl/expected.hpp> from libexpected-dev, or <rcpputils/tl_expected/expected.hpp> if the system header is not available.[m[K’
[15.872s]    18 | ected.hpp is deprecated. Use <tl/expected.hpp> from libexpected-dev, or <rcpputils/tl_expected/expected.hpp> if the system header is not available."[01;36m[K)[m[K // NOLINT
[15.872s]       |                                                                                                                                                     [01;36m[K^[m[K
[15.872s] 
