[1.042s] Invoking command in '/home/jamiek/2026_ROS_manipulator/open_manipulator_ws/build/open_manipulator_bringup': AMENT_PREFIX_PATH=/home/jamiek/2026_ROS_manipulator/open_manipulator_ws/install/dynamixel_hardware_interface:/home/jamiek/2026_ROS_manipulator/open_manipulator_ws/install/open_manipulator_description:/home/jamiek/2026_ROS_manipulator/open_manipulator_ws/install/dynamixel_sdk:/home/jamiek/2026_ROS_manipulator/open_manipulator_ws/install/dynamixel_interfaces:${AMENT_PREFIX_PATH} CMAKE_PREFIX_PATH=/home/jamiek/2026_ROS_manipulator/open_manipulator_ws/install/dynamixel_hardware_interface:/home/jamiek/2026_ROS_manipulator/open_manipulator_ws/install/open_manipulator_description:/home/jamiek/2026_ROS_manipulator/open_manipulator_ws/install/dynamixel_sdk:/home/jamiek/2026_ROS_manipulator/open_manipulator_ws/install/dynamixel_interfaces:${CMAKE_PREFIX_PATH} DEBUGINFOD_URLS=https://debuginfod.ubuntu.com LD_LIBRARY_PATH=/home/jamiek/2026_ROS_manipulator/open_manipulator_ws/install/dynamixel_hardware_interface/lib:/home/jamiek/2026_ROS_manipulator/open_manipulator_ws/install/dynamixel_sdk/lib:/home/jamiek/2026_ROS_manipulator/open_manipulator_ws/install/dynamixel_interfaces/lib:${LD_LIBRARY_PATH} PYTHONPATH=/home/jamiek/2026_ROS_manipulator/open_manipulator_ws/build/open_manipulator_bringup/prefix_override:/usr/lib/python3/dist-packages/colcon_core/task/python/colcon_distutils_commands:/home/jamiek/2026_ROS_manipulator/open_manipulator_ws/install/open_manipulator_bringup/lib/python3.12/site-packages:/home/jamiek/2026_ROS_manipulator/open_manipulator_ws/install/dynamixel_sdk/lib/python3.12/site-packages:/home/jamiek/2026_ROS_manipulator/open_manipulator_ws/install/dynamixel_interfaces/lib/python3.12/site-packages:${PYTHONPATH} /usr/bin/python3 -W ignore:setup.py install is deprecated -W ignore:easy_install command is deprecated setup.py develop --editable --build-directory /home/jamiek/2026_ROS_manipulator/open_manipulator_ws/build/open_manipulator_bringup/build --no-deps symlink_data
[1.343s] running develop
[1.538s] running egg_info
[1.539s] creating open_manipulator_bringup.egg-info
[1.558s] writing open_manipulator_bringup.egg-info/PKG-INFO
[1.558s] writing dependency_links to open_manipulator_bringup.egg-info/dependency_links.txt
[1.558s] writing entry points to open_manipulator_bringup.egg-info/entry_points.txt
[1.558s] writing requirements to open_manipulator_bringup.egg-info/requires.txt
[1.558s] writing top-level names to open_manipulator_bringup.egg-info/top_level.txt
[1.559s] writing manifest file 'open_manipulator_bringup.egg-info/SOURCES.txt'
[1.596s] reading manifest file 'open_manipulator_bringup.egg-info/SOURCES.txt'
[1.597s] writing manifest file 'open_manipulator_bringup.egg-info/SOURCES.txt'
[1.617s] running build_ext
[1.617s] Creating /home/jamiek/2026_ROS_manipulator/open_manipulator_ws/install/open_manipulator_bringup/lib/python3.12/site-packages/open-manipulator-bringup.egg-link (link to .)
[1.618s] Installing joint_trajectory_executor script to /home/jamiek/2026_ROS_manipulator/open_manipulator_ws/install/open_manipulator_bringup/lib/open_manipulator_bringup
[1.618s] Installing om_create_udev_rules script to /home/jamiek/2026_ROS_manipulator/open_manipulator_ws/install/open_manipulator_bringup/lib/open_manipulator_bringup
[1.618s] 
[1.618s] Installed /home/jamiek/2026_ROS_manipulator/open_manipulator_ws/build/open_manipulator_bringup
[1.618s] running symlink_data
[1.618s] creating /home/jamiek/2026_ROS_manipulator/open_manipulator_ws/install/open_manipulator_bringup/share/ament_index
[1.619s] creating /home/jamiek/2026_ROS_manipulator/open_manipulator_ws/install/open_manipulator_bringup/share/ament_index/resource_index
[1.619s] creating /home/jamiek/2026_ROS_manipulator/open_manipulator_ws/install/open_manipulator_bringup/share/ament_index/resource_index/packages
[1.619s] symbolically linking /home/jamiek/2026_ROS_manipulator/open_manipulator_ws/build/open_manipulator_bringup/resource/open_manipulator_bringup -> /home/jamiek/2026_ROS_manipulator/open_manipulator_ws/install/open_manipulator_bringup/share/ament_index/resource_index/packages
[1.619s] symbolically linking /home/jamiek/2026_ROS_manipulator/open_manipulator_ws/build/open_manipulator_bringup/package.xml -> /home/jamiek/2026_ROS_manipulator/open_manipulator_ws/install/open_manipulator_bringup/share/open_manipulator_bringup
[1.619s] creating /home/jamiek/2026_ROS_manipulator/open_manipulator_ws/install/open_manipulator_bringup/share/open_manipulator_bringup/launch
[1.619s] symbolically linking /home/jamiek/2026_ROS_manipulator/open_manipulator_ws/build/open_manipulator_bringup/launch/camera_realsense.launch.py -> /home/jamiek/2026_ROS_manipulator/open_manipulator_ws/install/open_manipulator_bringup/share/open_manipulator_bringup/launch
[1.619s] symbolically linking /home/jamiek/2026_ROS_manipulator/open_manipulator_ws/build/open_manipulator_bringup/launch/omx_f_gazebo.launch.py -> /home/jamiek/2026_ROS_manipulator/open_manipulator_ws/install/open_manipulator_bringup/share/open_manipulator_bringup/launch
[1.619s] symbolically linking /home/jamiek/2026_ROS_manipulator/open_manipulator_ws/build/open_manipulator_bringup/launch/omy_3m.launch.py -> /home/jamiek/2026_ROS_manipulator/open_manipulator_ws/install/open_manipulator_bringup/share/open_manipulator_bringup/launch
[1.619s] symbolically linking /home/jamiek/2026_ROS_manipulator/open_manipulator_ws/build/open_manipulator_bringup/launch/omy_ai_reverse.launch.py -> /home/jamiek/2026_ROS_manipulator/open_manipulator_ws/install/open_manipulator_bringup/share/open_manipulator_bringup/launch
[1.619s] symbolically linking /home/jamiek/2026_ROS_manipulator/open_manipulator_ws/build/open_manipulator_bringup/launch/omx_ai.launch.py -> /home/jamiek/2026_ROS_manipulator/open_manipulator_ws/install/open_manipulator_bringup/share/open_manipulator_bringup/launch
[1.619s] symbolically linking /home/jamiek/2026_ROS_manipulator/open_manipulator_ws/build/open_manipulator_bringup/launch/omy_l100_follower_ai.launch.py -> /home/jamiek/2026_ROS_manipulator/open_manipulator_ws/install/open_manipulator_bringup/share/open_manipulator_bringup/launch
[1.619s] symbolically linking /home/jamiek/2026_ROS_manipulator/open_manipulator_ws/build/open_manipulator_bringup/launch/omy_l100_leader_ai.launch.py -> /home/jamiek/2026_ROS_manipulator/open_manipulator_ws/install/open_manipulator_bringup/share/open_manipulator_bringup/launch
[1.620s] symbolically linking /home/jamiek/2026_ROS_manipulator/open_manipulator_ws/build/open_manipulator_bringup/launch/omy_f3m_follower_ai.launch.py -> /home/jamiek/2026_ROS_manipulator/open_manipulator_ws/install/open_manipulator_bringup/share/open_manipulator_bringup/launch
[1.620s] symbolically linking /home/jamiek/2026_ROS_manipulator/open_manipulator_ws/build/open_manipulator_bringup/launch/omx_f_follower_ai.launch.py -> /home/jamiek/2026_ROS_manipulator/open_manipulator_ws/install/open_manipulator_bringup/share/open_manipulator_bringup/launch
[1.620s] symbolically linking /home/jamiek/2026_ROS_manipulator/open_manipulator_ws/build/open_manipulator_bringup/launch/open_manipulator_x_gazebo.launch.py -> /home/jamiek/2026_ROS_manipulator/open_manipulator_ws/install/open_manipulator_bringup/share/open_manipulator_bringup/launch
[1.620s] symbolically linking /home/jamiek/2026_ROS_manipulator/open_manipulator_ws/build/open_manipulator_bringup/launch/omy_3m_unpack.launch.py -> /home/jamiek/2026_ROS_manipulator/open_manipulator_ws/install/open_manipulator_bringup/share/open_manipulator_bringup/launch
[1.620s] symbolically linking /home/jamiek/2026_ROS_manipulator/open_manipulator_ws/build/open_manipulator_bringup/launch/omy_3m_gazebo.launch.py -> /home/jamiek/2026_ROS_manipulator/open_manipulator_ws/install/open_manipulator_bringup/share/open_manipulator_bringup/launch
[1.620s] symbolically linking /home/jamiek/2026_ROS_manipulator/open_manipulator_ws/build/open_manipulator_bringup/launch/omx_f.launch.py -> /home/jamiek/2026_ROS_manipulator/open_manipulator_ws/install/open_manipulator_bringup/share/open_manipulator_bringup/launch
[1.620s] symbolically linking /home/jamiek/2026_ROS_manipulator/open_manipulator_ws/build/open_manipulator_bringup/launch/camera_usb_cam.launch.py -> /home/jamiek/2026_ROS_manipulator/open_manipulator_ws/install/open_manipulator_bringup/share/open_manipulator_bringup/launch
[1.620s] symbolically linking /home/jamiek/2026_ROS_manipulator/open_manipulator_ws/build/open_manipulator_bringup/launch/omx_l_leader_ai.launch.py -> /home/jamiek/2026_ROS_manipulator/open_manipulator_ws/install/open_manipulator_bringup/share/open_manipulator_bringup/launch
[1.620s] symbolically linking /home/jamiek/2026_ROS_manipulator/open_manipulator_ws/build/open_manipulator_bringup/launch/omy_f3m_follower_ai_gazebo.launch.py -> /home/jamiek/2026_ROS_manipulator/open_manipulator_ws/install/open_manipulator_bringup/share/open_manipulator_bringup/launch
[1.620s] symbolically linking /home/jamiek/2026_ROS_manipulator/open_manipulator_ws/build/open_manipulator_bringup/launch/omy_f3m_leader_ai.launch.py -> /home/jamiek/2026_ROS_manipulator/open_manipulator_ws/install/open_manipulator_bringup/share/open_manipulator_bringup/launch
[1.620s] symbolically linking /home/jamiek/2026_ROS_manipulator/open_manipulator_ws/build/open_manipulator_bringup/launch/omy_ai.launch.py -> /home/jamiek/2026_ROS_manipulator/open_manipulator_ws/install/open_manipulator_bringup/share/open_manipulator_bringup/launch
[1.620s] symbolically linking /home/jamiek/2026_ROS_manipulator/open_manipulator_ws/build/open_manipulator_bringup/launch/omy_f3m_gazebo.launch.py -> /home/jamiek/2026_ROS_manipulator/open_manipulator_ws/install/open_manipulator_bringup/share/open_manipulator_bringup/launch
[1.620s] symbolically linking /home/jamiek/2026_ROS_manipulator/open_manipulator_ws/build/open_manipulator_bringup/launch/omy_3m_pack.launch.py -> /home/jamiek/2026_ROS_manipulator/open_manipulator_ws/install/open_manipulator_bringup/share/open_manipulator_bringup/launch
[1.621s] symbolically linking /home/jamiek/2026_ROS_manipulator/open_manipulator_ws/build/open_manipulator_bringup/launch/open_manipulator_x.launch.py -> /home/jamiek/2026_ROS_manipulator/open_manipulator_ws/install/open_manipulator_bringup/share/open_manipulator_bringup/launch
[1.621s] symbolically linking /home/jamiek/2026_ROS_manipulator/open_manipulator_ws/build/open_manipulator_bringup/launch/omx_f_follower_ai_gazebo.launch.py -> /home/jamiek/2026_ROS_manipulator/open_manipulator_ws/install/open_manipulator_bringup/share/open_manipulator_bringup/launch
[1.621s] symbolically linking /home/jamiek/2026_ROS_manipulator/open_manipulator_ws/build/open_manipulator_bringup/launch/omy_f3m.launch.py -> /home/jamiek/2026_ROS_manipulator/open_manipulator_ws/install/open_manipulator_bringup/share/open_manipulator_bringup/launch
[1.621s] creating /home/jamiek/2026_ROS_manipulator/open_manipulator_ws/install/open_manipulator_bringup/share/open_manipulator_bringup/config
[1.621s] creating /home/jamiek/2026_ROS_manipulator/open_manipulator_ws/install/open_manipulator_bringup/share/open_manipulator_bringup/config/open_manipulator_x
[1.621s] symbolically linking /home/jamiek/2026_ROS_manipulator/open_manipulator_ws/build/open_manipulator_bringup/config/open_manipulator_x/hardware_controller_manager.yaml -> /home/jamiek/2026_ROS_manipulator/open_manipulator_ws/install/open_manipulator_bringup/share/open_manipulator_bringup/config/open_manipulator_x
[1.621s] symbolically linking /home/jamiek/2026_ROS_manipulator/open_manipulator_ws/build/open_manipulator_bringup/config/open_manipulator_x/initial_positions.yaml -> /home/jamiek/2026_ROS_manipulator/open_manipulator_ws/install/open_manipulator_bringup/share/open_manipulator_bringup/config/open_manipulator_x
[1.621s] creating /home/jamiek/2026_ROS_manipulator/open_manipulator_ws/install/open_manipulator_bringup/share/open_manipulator_bringup/config/omy_3m
[1.621s] symbolically linking /home/jamiek/2026_ROS_manipulator/open_manipulator_ws/build/open_manipulator_bringup/config/omy_3m/pack_positions.yaml -> /home/jamiek/2026_ROS_manipulator/open_manipulator_ws/install/open_manipulator_bringup/share/open_manipulator_bringup/config/omy_3m
[1.621s] symbolically linking /home/jamiek/2026_ROS_manipulator/open_manipulator_ws/build/open_manipulator_bringup/config/omy_3m/hardware_controller_manager.yaml -> /home/jamiek/2026_ROS_manipulator/open_manipulator_ws/install/open_manipulator_bringup/share/open_manipulator_bringup/config/omy_3m
[1.621s] symbolically linking /home/jamiek/2026_ROS_manipulator/open_manipulator_ws/build/open_manipulator_bringup/config/omy_3m/initial_positions.yaml -> /home/jamiek/2026_ROS_manipulator/open_manipulator_ws/install/open_manipulator_bringup/share/open_manipulator_bringup/config/omy_3m
[1.621s] symbolically linking /home/jamiek/2026_ROS_manipulator/open_manipulator_ws/build/open_manipulator_bringup/config/omy_3m/qc_positions.yaml -> /home/jamiek/2026_ROS_manipulator/open_manipulator_ws/install/open_manipulator_bringup/share/open_manipulator_bringup/config/omy_3m
[1.621s] creating /home/jamiek/2026_ROS_manipulator/open_manipulator_ws/install/open_manipulator_bringup/share/open_manipulator_bringup/config/omy_f3m
[1.621s] symbolically linking /home/jamiek/2026_ROS_manipulator/open_manipulator_ws/build/open_manipulator_bringup/config/omy_f3m/hardware_controller_manager.yaml -> /home/jamiek/2026_ROS_manipulator/open_manipulator_ws/install/open_manipulator_bringup/share/open_manipulator_bringup/config/omy_f3m
[1.622s] symbolically linking /home/jamiek/2026_ROS_manipulator/open_manipulator_ws/build/open_manipulator_bringup/config/omy_f3m/initial_positions.yaml -> /home/jamiek/2026_ROS_manipulator/open_manipulator_ws/install/open_manipulator_bringup/share/open_manipulator_bringup/config/omy_f3m
[1.622s] creating /home/jamiek/2026_ROS_manipulator/open_manipulator_ws/install/open_manipulator_bringup/share/open_manipulator_bringup/config/omy_f3m_follower_ai
[1.622s] symbolically linking /home/jamiek/2026_ROS_manipulator/open_manipulator_ws/build/open_manipulator_bringup/config/omy_f3m_follower_ai/hardware_controller_manager.yaml -> /home/jamiek/2026_ROS_manipulator/open_manipulator_ws/install/open_manipulator_bringup/share/open_manipulator_bringup/config/omy_f3m_follower_ai
[1.622s] symbolically linking /home/jamiek/2026_ROS_manipulator/open_manipulator_ws/build/open_manipulator_bringup/config/omy_f3m_follower_ai/initial_positions.yaml -> /home/jamiek/2026_ROS_manipulator/open_manipulator_ws/install/open_manipulator_bringup/share/open_manipulator_bringup/config/omy_f3m_follower_ai
[1.622s] symbolically linking /home/jamiek/2026_ROS_manipulator/open_manipulator_ws/build/open_manipulator_bringup/config/omy_f3m_follower_ai/qc_positions.yaml -> /home/jamiek/2026_ROS_manipulator/open_manipulator_ws/install/open_manipulator_bringup/share/open_manipulator_bringup/config/omy_f3m_follower_ai
[1.622s] creating /home/jamiek/2026_ROS_manipulator/open_manipulator_ws/install/open_manipulator_bringup/share/open_manipulator_bringup/config/omy_f3m_leader_ai
[1.622s] symbolically linking /home/jamiek/2026_ROS_manipulator/open_manipulator_ws/build/open_manipulator_bringup/config/omy_f3m_leader_ai/hardware_controller_manager.yaml -> /home/jamiek/2026_ROS_manipulator/open_manipulator_ws/install/open_manipulator_bringup/share/open_manipulator_bringup/config/omy_f3m_leader_ai
[1.622s] creating /home/jamiek/2026_ROS_manipulator/open_manipulator_ws/install/open_manipulator_bringup/share/open_manipulator_bringup/config/omy_l100_follower_ai
[1.622s] symbolically linking /home/jamiek/2026_ROS_manipulator/open_manipulator_ws/build/open_manipulator_bringup/config/omy_l100_follower_ai/hardware_controller_manager.yaml -> /home/jamiek/2026_ROS_manipulator/open_manipulator_ws/install/open_manipulator_bringup/share/open_manipulator_bringup/config/omy_l100_follower_ai
[1.622s] symbolically linking /home/jamiek/2026_ROS_manipulator/open_manipulator_ws/build/open_manipulator_bringup/config/omy_l100_follower_ai/initial_positions.yaml -> /home/jamiek/2026_ROS_manipulator/open_manipulator_ws/install/open_manipulator_bringup/share/open_manipulator_bringup/config/omy_l100_follower_ai
[1.622s] creating /home/jamiek/2026_ROS_manipulator/open_manipulator_ws/install/open_manipulator_bringup/share/open_manipulator_bringup/config/omy_l100_leader_ai
[1.622s] symbolically linking /home/jamiek/2026_ROS_manipulator/open_manipulator_ws/build/open_manipulator_bringup/config/omy_l100_leader_ai/hardware_controller_manager.yaml -> /home/jamiek/2026_ROS_manipulator/open_manipulator_ws/install/open_manipulator_bringup/share/open_manipulator_bringup/config/omy_l100_leader_ai
[1.623s] creating /home/jamiek/2026_ROS_manipulator/open_manipulator_ws/install/open_manipulator_bringup/share/open_manipulator_bringup/config/omx_f
[1.623s] symbolically linking /home/jamiek/2026_ROS_manipulator/open_manipulator_ws/build/open_manipulator_bringup/config/omx_f/hardware_controller_manager.yaml -> /home/jamiek/2026_ROS_manipulator/open_manipulator_ws/install/open_manipulator_bringup/share/open_manipulator_bringup/config/omx_f
[1.623s] symbolically linking /home/jamiek/2026_ROS_manipulator/open_manipulator_ws/build/open_manipulator_bringup/config/omx_f/initial_positions.yaml -> /home/jamiek/2026_ROS_manipulator/open_manipulator_ws/install/open_manipulator_bringup/share/open_manipulator_bringup/config/omx_f
[1.623s] creating /home/jamiek/2026_ROS_manipulator/open_manipulator_ws/install/open_manipulator_bringup/share/open_manipulator_bringup/config/omx_f_follower_ai
[1.623s] symbolically linking /home/jamiek/2026_ROS_manipulator/open_manipulator_ws/build/open_manipulator_bringup/config/omx_f_follower_ai/hardware_controller_manager.yaml -> /home/jamiek/2026_ROS_manipulator/open_manipulator_ws/install/open_manipulator_bringup/share/open_manipulator_bringup/config/omx_f_follower_ai
[1.623s] symbolically linking /home/jamiek/2026_ROS_manipulator/open_manipulator_ws/build/open_manipulator_bringup/config/omx_f_follower_ai/initial_positions.yaml -> /home/jamiek/2026_ROS_manipulator/open_manipulator_ws/install/open_manipulator_bringup/share/open_manipulator_bringup/config/omx_f_follower_ai
[1.623s] creating /home/jamiek/2026_ROS_manipulator/open_manipulator_ws/install/open_manipulator_bringup/share/open_manipulator_bringup/config/omx_l_leader_ai
[1.623s] symbolically linking /home/jamiek/2026_ROS_manipulator/open_manipulator_ws/build/open_manipulator_bringup/config/omx_l_leader_ai/hardware_controller_manager.yaml -> /home/jamiek/2026_ROS_manipulator/open_manipulator_ws/install/open_manipulator_bringup/share/open_manipulator_bringup/config/omx_l_leader_ai
[1.623s] creating /home/jamiek/2026_ROS_manipulator/open_manipulator_ws/install/open_manipulator_bringup/share/open_manipulator_bringup/worlds
[1.623s] symbolically linking /home/jamiek/2026_ROS_manipulator/open_manipulator_ws/build/open_manipulator_bringup/worlds/empty_world.sdf -> /home/jamiek/2026_ROS_manipulator/open_manipulator_ws/install/open_manipulator_bringup/share/open_manipulator_bringup/worlds
[1.623s] symbolically linking /home/jamiek/2026_ROS_manipulator/open_manipulator_ws/build/open_manipulator_bringup/open-manipulator-cdc.rules -> /home/jamiek/2026_ROS_manipulator/open_manipulator_ws/install/open_manipulator_bringup/share/open_manipulator_bringup
[1.652s] Invoked command in '/home/jamiek/2026_ROS_manipulator/open_manipulator_ws/build/open_manipulator_bringup' returned '0': AMENT_PREFIX_PATH=/home/jamiek/2026_ROS_manipulator/open_manipulator_ws/install/dynamixel_hardware_interface:/home/jamiek/2026_ROS_manipulator/open_manipulator_ws/install/open_manipulator_description:/home/jamiek/2026_ROS_manipulator/open_manipulator_ws/install/dynamixel_sdk:/home/jamiek/2026_ROS_manipulator/open_manipulator_ws/install/dynamixel_interfaces:${AMENT_PREFIX_PATH} CMAKE_PREFIX_PATH=/home/jamiek/2026_ROS_manipulator/open_manipulator_ws/install/dynamixel_hardware_interface:/home/jamiek/2026_ROS_manipulator/open_manipulator_ws/install/open_manipulator_description:/home/jamiek/2026_ROS_manipulator/open_manipulator_ws/install/dynamixel_sdk:/home/jamiek/2026_ROS_manipulator/open_manipulator_ws/install/dynamixel_interfaces:${CMAKE_PREFIX_PATH} DEBUGINFOD_URLS=https://debuginfod.ubuntu.com LD_LIBRARY_PATH=/home/jamiek/2026_ROS_manipulator/open_manipulator_ws/install/dynamixel_hardware_interface/lib:/home/jamiek/2026_ROS_manipulator/open_manipulator_ws/install/dynamixel_sdk/lib:/home/jamiek/2026_ROS_manipulator/open_manipulator_ws/install/dynamixel_interfaces/lib:${LD_LIBRARY_PATH} PYTHONPATH=/home/jamiek/2026_ROS_manipulator/open_manipulator_ws/build/open_manipulator_bringup/prefix_override:/usr/lib/python3/dist-packages/colcon_core/task/python/colcon_distutils_commands:/home/jamiek/2026_ROS_manipulator/open_manipulator_ws/install/open_manipulator_bringup/lib/python3.12/site-packages:/home/jamiek/2026_ROS_manipulator/open_manipulator_ws/install/dynamixel_sdk/lib/python3.12/site-packages:/home/jamiek/2026_ROS_manipulator/open_manipulator_ws/install/dynamixel_interfaces/lib/python3.12/site-packages:${PYTHONPATH} /usr/bin/python3 -W ignore:setup.py install is deprecated -W ignore:easy_install command is deprecated setup.py develop --editable --build-directory /home/jamiek/2026_ROS_manipulator/open_manipulator_ws/build/open_manipulator_bringup/build --no-deps symlink_data
