[3.325s] Invoking command in '/home/jamiek/2026_ROS_manipulator/build/tf2_basic': DEBUGINFOD_URLS=https://debuginfod.ubuntu.com PYTHONPATH=/home/jamiek/2026_ROS_manipulator/build/tf2_basic/prefix_override:/usr/lib/python3/dist-packages/colcon_core/task/python/colcon_distutils_commands:/home/jamiek/2026_ROS_manipulator/install/tf2_basic/lib/python3.12/site-packages:${PYTHONPATH} /usr/bin/python3 -W ignore:setup.py install is deprecated -W ignore:easy_install command is deprecated setup.py develop --editable --build-directory /home/jamiek/2026_ROS_manipulator/build/tf2_basic/build --no-deps symlink_data
[4.122s] running develop
[4.277s] running egg_info
[4.277s] creating tf2_basic.egg-info
[4.319s] writing tf2_basic.egg-info/PKG-INFO
[4.321s] writing dependency_links to tf2_basic.egg-info/dependency_links.txt
[4.321s] writing entry points to tf2_basic.egg-info/entry_points.txt
[4.321s] writing requirements to tf2_basic.egg-info/requires.txt
[4.322s] writing top-level names to tf2_basic.egg-info/top_level.txt
[4.322s] writing manifest file 'tf2_basic.egg-info/SOURCES.txt'
[4.401s] reading manifest file 'tf2_basic.egg-info/SOURCES.txt'
[4.402s] writing manifest file 'tf2_basic.egg-info/SOURCES.txt'
[4.446s] running build_ext
[4.446s] Creating /home/jamiek/2026_ROS_manipulator/install/tf2_basic/lib/python3.12/site-packages/tf2-basic.egg-link (link to .)
[4.450s] Installing dance_manipulator script to /home/jamiek/2026_ROS_manipulator/install/tf2_basic/lib/tf2_basic
[4.450s] Installing dance_manipulator2 script to /home/jamiek/2026_ROS_manipulator/install/tf2_basic/lib/tf2_basic
[4.450s] Installing dance_manipulator_action script to /home/jamiek/2026_ROS_manipulator/install/tf2_basic/lib/tf2_basic
[4.450s] Installing dance_manipulator_action2 script to /home/jamiek/2026_ROS_manipulator/install/tf2_basic/lib/tf2_basic
[4.450s] Installing dynamic_turtle_tf2_broadcaster script to /home/jamiek/2026_ROS_manipulator/install/tf2_basic/lib/tf2_basic
[4.450s] Installing move_manipulator script to /home/jamiek/2026_ROS_manipulator/install/tf2_basic/lib/tf2_basic
[4.450s] Installing move_manipulator_action script to /home/jamiek/2026_ROS_manipulator/install/tf2_basic/lib/tf2_basic
[4.451s] Installing move_u2d2 script to /home/jamiek/2026_ROS_manipulator/install/tf2_basic/lib/tf2_basic
[4.451s] Installing moveit_attached script to /home/jamiek/2026_ROS_manipulator/install/tf2_basic/lib/tf2_basic
[4.451s] Installing moveit_class script to /home/jamiek/2026_ROS_manipulator/install/tf2_basic/lib/tf2_basic
[4.451s] Installing moveit_mini_project script to /home/jamiek/2026_ROS_manipulator/install/tf2_basic/lib/tf2_basic
[4.451s] Installing moveit_scene_monitor script to /home/jamiek/2026_ROS_manipulator/install/tf2_basic/lib/tf2_basic
[4.451s] Installing moveit_test script to /home/jamiek/2026_ROS_manipulator/install/tf2_basic/lib/tf2_basic
[4.451s] Installing play_recorded_dance script to /home/jamiek/2026_ROS_manipulator/install/tf2_basic/lib/tf2_basic
[4.454s] Installing play_recorded_grip script to /home/jamiek/2026_ROS_manipulator/install/tf2_basic/lib/tf2_basic
[4.455s] Installing static_turtle_tf2_broadcaster script to /home/jamiek/2026_ROS_manipulator/install/tf2_basic/lib/tf2_basic
[4.455s] Installing teach_manipulator script to /home/jamiek/2026_ROS_manipulator/install/tf2_basic/lib/tf2_basic
[4.455s] Installing teach_manipulator_T1 script to /home/jamiek/2026_ROS_manipulator/install/tf2_basic/lib/tf2_basic
[4.455s] Installing tf_listener script to /home/jamiek/2026_ROS_manipulator/install/tf2_basic/lib/tf2_basic
[4.455s] Installing turtle_tf_listener script to /home/jamiek/2026_ROS_manipulator/install/tf2_basic/lib/tf2_basic
[4.455s] 
[4.455s] Installed /home/jamiek/2026_ROS_manipulator/build/tf2_basic
[4.455s] running symlink_data
[4.455s] creating /home/jamiek/2026_ROS_manipulator/install/tf2_basic/share/ament_index
[4.455s] creating /home/jamiek/2026_ROS_manipulator/install/tf2_basic/share/ament_index/resource_index
[4.456s] creating /home/jamiek/2026_ROS_manipulator/install/tf2_basic/share/ament_index/resource_index/packages
[4.456s] symbolically linking /home/jamiek/2026_ROS_manipulator/build/tf2_basic/resource/tf2_basic -> /home/jamiek/2026_ROS_manipulator/install/tf2_basic/share/ament_index/resource_index/packages
[4.456s] symbolically linking /home/jamiek/2026_ROS_manipulator/build/tf2_basic/package.xml -> /home/jamiek/2026_ROS_manipulator/install/tf2_basic/share/tf2_basic
[4.456s] creating /home/jamiek/2026_ROS_manipulator/install/tf2_basic/share/tf2_basic/launch
[4.456s] symbolically linking /home/jamiek/2026_ROS_manipulator/build/tf2_basic/launch/moveit_class.launch.py -> /home/jamiek/2026_ROS_manipulator/install/tf2_basic/share/tf2_basic/launch
[4.456s] symbolically linking /home/jamiek/2026_ROS_manipulator/build/tf2_basic/launch/moveit_test.launch.py -> /home/jamiek/2026_ROS_manipulator/install/tf2_basic/share/tf2_basic/launch
[4.456s] symbolically linking /home/jamiek/2026_ROS_manipulator/build/tf2_basic/launch/urdf_display.launch.py -> /home/jamiek/2026_ROS_manipulator/install/tf2_basic/share/tf2_basic/launch
[4.456s] creating /home/jamiek/2026_ROS_manipulator/install/tf2_basic/share/tf2_basic/urdf
[4.456s] symbolically linking /home/jamiek/2026_ROS_manipulator/build/tf2_basic/urdf/03_wheel_joint.urdf -> /home/jamiek/2026_ROS_manipulator/install/tf2_basic/share/tf2_basic/urdf
[4.456s] symbolically linking /home/jamiek/2026_ROS_manipulator/build/tf2_basic/urdf/05_add_arm.urdf -> /home/jamiek/2026_ROS_manipulator/install/tf2_basic/share/tf2_basic/urdf
[4.457s] symbolically linking /home/jamiek/2026_ROS_manipulator/build/tf2_basic/urdf/02_leg_joint.urdf -> /home/jamiek/2026_ROS_manipulator/install/tf2_basic/share/tf2_basic/urdf
[4.457s] symbolically linking /home/jamiek/2026_ROS_manipulator/build/tf2_basic/urdf/01_myfirst.urdf -> /home/jamiek/2026_ROS_manipulator/install/tf2_basic/share/tf2_basic/urdf
[4.457s] symbolically linking /home/jamiek/2026_ROS_manipulator/build/tf2_basic/urdf/06_macroed.urdf.xacro -> /home/jamiek/2026_ROS_manipulator/install/tf2_basic/share/tf2_basic/urdf
[4.457s] symbolically linking /home/jamiek/2026_ROS_manipulator/build/tf2_basic/urdf/04_physics.urdf -> /home/jamiek/2026_ROS_manipulator/install/tf2_basic/share/tf2_basic/urdf
[4.457s] creating /home/jamiek/2026_ROS_manipulator/install/tf2_basic/share/tf2_basic/rviz
[4.457s] symbolically linking /home/jamiek/2026_ROS_manipulator/build/tf2_basic/rviz/urdf.rviz -> /home/jamiek/2026_ROS_manipulator/install/tf2_basic/share/tf2_basic/rviz
[4.457s] creating /home/jamiek/2026_ROS_manipulator/install/tf2_basic/share/tf2_basic/meshes
[4.457s] symbolically linking /home/jamiek/2026_ROS_manipulator/build/tf2_basic/meshes/l_finger_tip_color.png -> /home/jamiek/2026_ROS_manipulator/install/tf2_basic/share/tf2_basic/meshes
[4.457s] symbolically linking /home/jamiek/2026_ROS_manipulator/build/tf2_basic/meshes/l_finger_color.png -> /home/jamiek/2026_ROS_manipulator/install/tf2_basic/share/tf2_basic/meshes
[4.457s] symbolically linking /home/jamiek/2026_ROS_manipulator/build/tf2_basic/meshes/l_finger_tip.dae -> /home/jamiek/2026_ROS_manipulator/install/tf2_basic/share/tf2_basic/meshes
[4.457s] symbolically linking /home/jamiek/2026_ROS_manipulator/build/tf2_basic/meshes/l_finger.dae -> /home/jamiek/2026_ROS_manipulator/install/tf2_basic/share/tf2_basic/meshes
[4.457s] creating /home/jamiek/2026_ROS_manipulator/install/tf2_basic/share/tf2_basic/data
[4.458s] symbolically linking /home/jamiek/2026_ROS_manipulator/build/tf2_basic/data/dance_positions.yaml -> /home/jamiek/2026_ROS_manipulator/install/tf2_basic/share/tf2_basic/data
[4.458s] symbolically linking /home/jamiek/2026_ROS_manipulator/build/tf2_basic/data/recorded_dance.yaml -> /home/jamiek/2026_ROS_manipulator/install/tf2_basic/share/tf2_basic/data
[4.458s] symbolically linking /home/jamiek/2026_ROS_manipulator/build/tf2_basic/data/recorded_grip.yaml -> /home/jamiek/2026_ROS_manipulator/install/tf2_basic/share/tf2_basic/data
[4.458s] symbolically linking /home/jamiek/2026_ROS_manipulator/build/tf2_basic/data/dance_positions2.yaml -> /home/jamiek/2026_ROS_manipulator/install/tf2_basic/share/tf2_basic/data
[4.458s] symbolically linking /home/jamiek/2026_ROS_manipulator/build/tf2_basic/data/teach_data.yaml -> /home/jamiek/2026_ROS_manipulator/install/tf2_basic/share/tf2_basic/data
[4.598s] Invoked command in '/home/jamiek/2026_ROS_manipulator/build/tf2_basic' returned '0': DEBUGINFOD_URLS=https://debuginfod.ubuntu.com PYTHONPATH=/home/jamiek/2026_ROS_manipulator/build/tf2_basic/prefix_override:/usr/lib/python3/dist-packages/colcon_core/task/python/colcon_distutils_commands:/home/jamiek/2026_ROS_manipulator/install/tf2_basic/lib/python3.12/site-packages:${PYTHONPATH} /usr/bin/python3 -W ignore:setup.py install is deprecated -W ignore:easy_install command is deprecated setup.py develop --editable --build-directory /home/jamiek/2026_ROS_manipulator/build/tf2_basic/build --no-deps symlink_data
