running develop
running egg_info
writing ros_basic.egg-info/PKG-INFO
writing dependency_links to ros_basic.egg-info/dependency_links.txt
writing entry points to ros_basic.egg-info/entry_points.txt
writing requirements to ros_basic.egg-info/requires.txt
writing top-level names to ros_basic.egg-info/top_level.txt
reading manifest file 'ros_basic.egg-info/SOURCES.txt'
writing manifest file 'ros_basic.egg-info/SOURCES.txt'
running build_ext
Creating /home/jamiek/2026_ROS_manipulator/install/ros_basic/lib/python3.12/site-packages/ros-basic.egg-link (link to .)
Installing action_client script to /home/jamiek/2026_ROS_manipulator/install/ros_basic/lib/ros_basic
Installing action_server script to /home/jamiek/2026_ROS_manipulator/install/ros_basic/lib/ros_basic
Installing action_thread_server script to /home/jamiek/2026_ROS_manipulator/install/ros_basic/lib/ros_basic
Installing class_m1_sub script to /home/jamiek/2026_ROS_manipulator/install/ros_basic/lib/ros_basic
Installing class_m2_sub script to /home/jamiek/2026_ROS_manipulator/install/ros_basic/lib/ros_basic
Installing class_msg_pub script to /home/jamiek/2026_ROS_manipulator/install/ros_basic/lib/ros_basic
Installing class_mt_sub script to /home/jamiek/2026_ROS_manipulator/install/ros_basic/lib/ros_basic
Installing class_pub script to /home/jamiek/2026_ROS_manipulator/install/ros_basic/lib/ros_basic
Installing class_sub script to /home/jamiek/2026_ROS_manipulator/install/ros_basic/lib/ros_basic
Installing class_time_pub script to /home/jamiek/2026_ROS_manipulator/install/ros_basic/lib/ros_basic
Installing header_pub script to /home/jamiek/2026_ROS_manipulator/install/ros_basic/lib/ros_basic
Installing mv_turtle script to /home/jamiek/2026_ROS_manipulator/install/ros_basic/lib/ros_basic
Installing mv_turtle_ns script to /home/jamiek/2026_ROS_manipulator/install/ros_basic/lib/ros_basic
Installing my_param script to /home/jamiek/2026_ROS_manipulator/install/ros_basic/lib/ros_basic
Installing param_async script to /home/jamiek/2026_ROS_manipulator/install/ros_basic/lib/ros_basic
Installing param_launch script to /home/jamiek/2026_ROS_manipulator/install/ros_basic/lib/ros_basic
Installing qos_test_pub script to /home/jamiek/2026_ROS_manipulator/install/ros_basic/lib/ros_basic
Installing qos_test_sub script to /home/jamiek/2026_ROS_manipulator/install/ros_basic/lib/ros_basic
Installing service_client script to /home/jamiek/2026_ROS_manipulator/install/ros_basic/lib/ros_basic
Installing service_server script to /home/jamiek/2026_ROS_manipulator/install/ros_basic/lib/ros_basic
Installing service_thread_server script to /home/jamiek/2026_ROS_manipulator/install/ros_basic/lib/ros_basic
Installing simple_pub script to /home/jamiek/2026_ROS_manipulator/install/ros_basic/lib/ros_basic
Installing user_int_sub script to /home/jamiek/2026_ROS_manipulator/install/ros_basic/lib/ros_basic

Installed /home/jamiek/2026_ROS_manipulator/build/ros_basic
running symlink_data
creating /home/jamiek/2026_ROS_manipulator/install/ros_basic/share/ros_basic/launch
symbolically linking /home/jamiek/2026_ROS_manipulator/build/ros_basic/launch/param.launch.py -> /home/jamiek/2026_ROS_manipulator/install/ros_basic/share/ros_basic/launch
symbolically linking /home/jamiek/2026_ROS_manipulator/build/ros_basic/launch/hello.launch.py -> /home/jamiek/2026_ROS_manipulator/install/ros_basic/share/ros_basic/launch
symbolically linking /home/jamiek/2026_ROS_manipulator/build/ros_basic/launch/two_turtle.launch.py -> /home/jamiek/2026_ROS_manipulator/install/ros_basic/share/ros_basic/launch
creating /home/jamiek/2026_ROS_manipulator/install/ros_basic/share/ros_basic/param
symbolically linking /home/jamiek/2026_ROS_manipulator/build/ros_basic/param/my_param.yaml -> /home/jamiek/2026_ROS_manipulator/install/ros_basic/share/ros_basic/param
symbolically linking /home/jamiek/2026_ROS_manipulator/build/ros_basic/param/turtlesim.yaml -> /home/jamiek/2026_ROS_manipulator/install/ros_basic/share/ros_basic/param
