[0.009s] Invoking command in '/home/jamiek/2026_ROS_manipulator/open_manipulator_ws/build/om_joint_trajectory_command_broadcaster': CMAKE_PREFIX_PATH=${CMAKE_PREFIX_PATH}:/home/jamiek/2026_ROS_manipulator/ros_ws/install/tf2_basic:/home/jamiek/2026_ROS_manipulator/ros_ws/install/ros_basic:/opt/ros/jazzy DEBUGINFOD_URLS=https://debuginfod.ubuntu.com /usr/bin/cmake /home/jamiek/2026_ROS_manipulator/open_manipulator_ws/src/open_manipulator/ros2_controller/om_joint_trajectory_command_broadcaster -DCMAKE_BUILD_TYPE=Release -DAMENT_CMAKE_SYMLINK_INSTALL=1 -DCMAKE_INSTALL_PREFIX=/home/jamiek/2026_ROS_manipulator/open_manipulator_ws/install/om_joint_trajectory_command_broadcaster
[0.023s] -- Found ament_cmake: 2.5.6 (/opt/ros/jazzy/share/ament_cmake/cmake)
[0.213s] -- Override CMake install command with custom implementation using symlinks instead of copying resources
[0.220s] -- Found builtin_interfaces: 2.0.4 (/opt/ros/jazzy/share/builtin_interfaces/cmake)
[0.244s] -- Found rosidl_generator_c: 4.6.9 (/opt/ros/jazzy/share/rosidl_generator_c/cmake)
[0.252s] -- Found rosidl_generator_cpp: 4.6.9 (/opt/ros/jazzy/share/rosidl_generator_cpp/cmake)
[0.263s] -- Using all available rosidl_typesupport_c: rosidl_typesupport_fastrtps_c;rosidl_typesupport_introspection_c
[0.276s] -- Using all available rosidl_typesupport_cpp: rosidl_typesupport_fastrtps_cpp;rosidl_typesupport_introspection_cpp
[0.286s] -- Found controller_interface: 4.45.2 (/opt/ros/jazzy/share/controller_interface/cmake)
[0.466s] -- Found TinyXML2 via Config file: /usr/lib/x86_64-linux-gnu/cmake/tinyxml2
[0.497s] -- Found rmw_implementation_cmake: 7.3.3 (/opt/ros/jazzy/share/rmw_implementation_cmake/cmake)
[0.498s] -- Found rmw_fastrtps_cpp: 8.4.4 (/opt/ros/jazzy/share/rmw_fastrtps_cpp/cmake)
[0.515s] -- Found TinyXML2 via Config file: /usr/lib/x86_64-linux-gnu/cmake/tinyxml2
[0.524s] -- Found TinyXML2 via Config file: /usr/lib/x86_64-linux-gnu/cmake/tinyxml2
[0.543s] -- Found TinyXML2 via Config file: /usr/lib/x86_64-linux-gnu/cmake/tinyxml2
[0.551s] -- Found TinyXML2 via Config file: /usr/lib/x86_64-linux-gnu/cmake/tinyxml2
[0.564s] -- Using RMW implementation 'rmw_fastrtps_cpp' as default
[0.691s] -- Found generate_parameter_library: 0.7.3 (/opt/ros/jazzy/share/generate_parameter_library/cmake)
[0.692s] -- Found parameter_traits: 0.7.3 (/opt/ros/jazzy/share/parameter_traits/cmake)
[0.696s] [0mCMake Deprecation Warning at /opt/ros/jazzy/share/tl_expected/cmake/tl_expectedConfig.cmake:37 (message):
[0.697s]   Package 'tl_expected' is deprecated (This package will be removed in ROS 2
[0.697s]   Lyrical Luth.
[0.697s] 
[0.697s]         Use tl/expected.hpp from libexpected-dev,
[0.697s]         or rcpputils/tl_expected/expected.hpp if the system header is not available)
[0.697s] Call Stack (most recent call first):
[0.697s]   /opt/ros/jazzy/share/parameter_traits/cmake/ament_cmake_export_dependencies-extras.cmake:21 (find_package)
[0.697s]   /opt/ros/jazzy/share/parameter_traits/cmake/parameter_traitsConfig.cmake:41 (include)
[0.697s]   /opt/ros/jazzy/share/generate_parameter_library/cmake/generate_parameter_library-extras.cmake:30 (find_package)
[0.697s]   /opt/ros/jazzy/share/generate_parameter_library/cmake/generate_parameter_libraryConfig.cmake:41 (include)
[0.697s]   CMakeLists.txt:31 (find_package)
[0.697s] 
[0.698s] [0m
[0.789s] -- Configuring done (0.8s)
[0.819s] -- Generating done (0.0s)
[0.824s] -- Build files have been written to: /home/jamiek/2026_ROS_manipulator/open_manipulator_ws/build/om_joint_trajectory_command_broadcaster
[0.837s] Invoked command in '/home/jamiek/2026_ROS_manipulator/open_manipulator_ws/build/om_joint_trajectory_command_broadcaster' returned '0': CMAKE_PREFIX_PATH=${CMAKE_PREFIX_PATH}:/home/jamiek/2026_ROS_manipulator/ros_ws/install/tf2_basic:/home/jamiek/2026_ROS_manipulator/ros_ws/install/ros_basic:/opt/ros/jazzy DEBUGINFOD_URLS=https://debuginfod.ubuntu.com /usr/bin/cmake /home/jamiek/2026_ROS_manipulator/open_manipulator_ws/src/open_manipulator/ros2_controller/om_joint_trajectory_command_broadcaster -DCMAKE_BUILD_TYPE=Release -DAMENT_CMAKE_SYMLINK_INSTALL=1 -DCMAKE_INSTALL_PREFIX=/home/jamiek/2026_ROS_manipulator/open_manipulator_ws/install/om_joint_trajectory_command_broadcaster
[0.838s] Invoking command in '/home/jamiek/2026_ROS_manipulator/open_manipulator_ws/build/om_joint_trajectory_command_broadcaster': CMAKE_PREFIX_PATH=${CMAKE_PREFIX_PATH}:/home/jamiek/2026_ROS_manipulator/ros_ws/install/tf2_basic:/home/jamiek/2026_ROS_manipulator/ros_ws/install/ros_basic:/opt/ros/jazzy DEBUGINFOD_URLS=https://debuginfod.ubuntu.com /usr/bin/cmake --build /home/jamiek/2026_ROS_manipulator/open_manipulator_ws/build/om_joint_trajectory_command_broadcaster
[0.902s] [ 50%] Built target joint_trajectory_command_broadcaster_parameters
[0.929s] [ 75%] [32mBuilding CXX object CMakeFiles/joint_trajectory_command_broadcaster.dir/src/joint_trajectory_command_broadcaster.cpp.o[0m
[3.304s] In file included from [01m[K/opt/ros/jazzy/include/parameter_traits/parameter_traits/parameter_traits.hpp:37[m[K,
[3.305s]                  from [01m[K/home/jamiek/2026_ROS_manipulator/open_manipulator_ws/build/om_joint_trajectory_command_broadcaster/include/om_joint_trajectory_command_broadcaster/joint_trajectory_command_broadcaster_parameters.hpp:26[m[K,
[3.305s]                  from [01m[K/home/jamiek/2026_ROS_manipulator/open_manipulator_ws/src/open_manipulator/ros2_controller/om_joint_trajectory_command_broadcaster/include/joint_trajectory_command_broadcaster/joint_trajectory_command_broadcaster.hpp:28[m[K,
[3.305s]                  from [01m[K/home/jamiek/2026_ROS_manipulator/open_manipulator_ws/src/open_manipulator/ros2_controller/om_joint_trajectory_command_broadcaster/src/joint_trajectory_command_broadcaster.cpp:15[m[K:
[3.305s] [01m[K/opt/ros/jazzy/include/tl_expected/expected.hpp:18:167:[m[K [01;36m[Knote: [m[K‘[01m[K#pragma message: tl_expected/expected.hpp is deprecated. Use <tl/expected.hpp> from libexpected-dev, or <rcpputils/tl_expected/expected.hpp> if the system header is not available.[m[K’
[3.305s]    18 | "tl_expected/expected.hpp is deprecated. Use <tl/expected.hpp> from libexpected-dev, or <rcpputils/tl_expected/expected.hpp> if the system header is not available."[01;36m[K)[m[K // NOLINT
[3.305s]       |                                                                                                                                                                     [01;36m[K^[m[K
[3.305s] 
[12.496s] [100%] [32m[1mLinking CXX shared library libjoint_trajectory_command_broadcaster.so[0m
[12.666s] [100%] Built target joint_trajectory_command_broadcaster
[12.678s] Invoked command in '/home/jamiek/2026_ROS_manipulator/open_manipulator_ws/build/om_joint_trajectory_command_broadcaster' returned '0': CMAKE_PREFIX_PATH=${CMAKE_PREFIX_PATH}:/home/jamiek/2026_ROS_manipulator/ros_ws/install/tf2_basic:/home/jamiek/2026_ROS_manipulator/ros_ws/install/ros_basic:/opt/ros/jazzy DEBUGINFOD_URLS=https://debuginfod.ubuntu.com /usr/bin/cmake --build /home/jamiek/2026_ROS_manipulator/open_manipulator_ws/build/om_joint_trajectory_command_broadcaster
[12.679s] Invoking command in '/home/jamiek/2026_ROS_manipulator/open_manipulator_ws/build/om_joint_trajectory_command_broadcaster': CMAKE_PREFIX_PATH=${CMAKE_PREFIX_PATH}:/home/jamiek/2026_ROS_manipulator/ros_ws/install/tf2_basic:/home/jamiek/2026_ROS_manipulator/ros_ws/install/ros_basic:/opt/ros/jazzy DEBUGINFOD_URLS=https://debuginfod.ubuntu.com /usr/bin/cmake --install /home/jamiek/2026_ROS_manipulator/open_manipulator_ws/build/om_joint_trajectory_command_broadcaster
[12.689s] -- Install configuration: "Release"
[12.689s] -- Execute custom install script
[12.690s] -- Symlinking: /home/jamiek/2026_ROS_manipulator/open_manipulator_ws/install/om_joint_trajectory_command_broadcaster/include/om_joint_trajectory_command_broadcaster/joint_trajectory_command_broadcaster_parameters.hpp
[12.701s] -- Symlinking: /home/jamiek/2026_ROS_manipulator/open_manipulator_ws/install/om_joint_trajectory_command_broadcaster/share/om_joint_trajectory_command_broadcaster//joint_trajectory_command_plugin.xml
[12.713s] -- Symlinking: /home/jamiek/2026_ROS_manipulator/open_manipulator_ws/install/om_joint_trajectory_command_broadcaster/include/joint_trajectory_command_broadcaster/joint_trajectory_command_broadcaster/joint_trajectory_command_broadcaster.hpp
[12.726s] -- Symlinking: /home/jamiek/2026_ROS_manipulator/open_manipulator_ws/install/om_joint_trajectory_command_broadcaster/include/joint_trajectory_command_broadcaster/joint_trajectory_command_broadcaster/visibility_control.h
[12.738s] -- Symlinking: /home/jamiek/2026_ROS_manipulator/open_manipulator_ws/install/om_joint_trajectory_command_broadcaster/share/om_joint_trajectory_command_broadcaster/environment/library_path.sh
[12.750s] -- Symlinking: /home/jamiek/2026_ROS_manipulator/open_manipulator_ws/install/om_joint_trajectory_command_broadcaster/share/om_joint_trajectory_command_broadcaster/environment/library_path.dsv
[12.762s] -- Symlinking: /home/jamiek/2026_ROS_manipulator/open_manipulator_ws/install/om_joint_trajectory_command_broadcaster/share/ament_index/resource_index/package_run_dependencies/om_joint_trajectory_command_broadcaster
[12.773s] -- Symlinking: /home/jamiek/2026_ROS_manipulator/open_manipulator_ws/install/om_joint_trajectory_command_broadcaster/share/ament_index/resource_index/parent_prefix_path/om_joint_trajectory_command_broadcaster
[12.785s] -- Symlinking: /home/jamiek/2026_ROS_manipulator/open_manipulator_ws/install/om_joint_trajectory_command_broadcaster/share/om_joint_trajectory_command_broadcaster/environment/ament_prefix_path.sh
[12.796s] -- Symlinking: /home/jamiek/2026_ROS_manipulator/open_manipulator_ws/install/om_joint_trajectory_command_broadcaster/share/om_joint_trajectory_command_broadcaster/environment/ament_prefix_path.dsv
[12.808s] -- Symlinking: /home/jamiek/2026_ROS_manipulator/open_manipulator_ws/install/om_joint_trajectory_command_broadcaster/share/om_joint_trajectory_command_broadcaster/environment/path.sh
[12.820s] -- Symlinking: /home/jamiek/2026_ROS_manipulator/open_manipulator_ws/install/om_joint_trajectory_command_broadcaster/share/om_joint_trajectory_command_broadcaster/environment/path.dsv
[12.832s] -- Symlinking: /home/jamiek/2026_ROS_manipulator/open_manipulator_ws/install/om_joint_trajectory_command_broadcaster/share/om_joint_trajectory_command_broadcaster/local_setup.bash
[12.844s] -- Symlinking: /home/jamiek/2026_ROS_manipulator/open_manipulator_ws/install/om_joint_trajectory_command_broadcaster/share/om_joint_trajectory_command_broadcaster/local_setup.sh
[12.855s] -- Symlinking: /home/jamiek/2026_ROS_manipulator/open_manipulator_ws/install/om_joint_trajectory_command_broadcaster/share/om_joint_trajectory_command_broadcaster/local_setup.zsh
[12.867s] -- Symlinking: /home/jamiek/2026_ROS_manipulator/open_manipulator_ws/install/om_joint_trajectory_command_broadcaster/share/om_joint_trajectory_command_broadcaster/local_setup.dsv
[12.879s] -- Symlinking: /home/jamiek/2026_ROS_manipulator/open_manipulator_ws/install/om_joint_trajectory_command_broadcaster/share/om_joint_trajectory_command_broadcaster/package.dsv
[12.890s] -- Symlinking: /home/jamiek/2026_ROS_manipulator/open_manipulator_ws/install/om_joint_trajectory_command_broadcaster/share/ament_index/resource_index/packages/om_joint_trajectory_command_broadcaster
[12.902s] -- Symlinking: /home/jamiek/2026_ROS_manipulator/open_manipulator_ws/install/om_joint_trajectory_command_broadcaster/share/ament_index/resource_index/controller_interface__pluginlib__plugin/om_joint_trajectory_command_broadcaster
[12.915s] -- Symlinking: /home/jamiek/2026_ROS_manipulator/open_manipulator_ws/install/om_joint_trajectory_command_broadcaster/share/om_joint_trajectory_command_broadcaster/cmake/ament_cmake_export_dependencies-extras.cmake
[12.927s] -- Symlinking: /home/jamiek/2026_ROS_manipulator/open_manipulator_ws/install/om_joint_trajectory_command_broadcaster/share/om_joint_trajectory_command_broadcaster/cmake/ament_cmake_export_targets-extras.cmake
[12.939s] -- Symlinking: /home/jamiek/2026_ROS_manipulator/open_manipulator_ws/install/om_joint_trajectory_command_broadcaster/share/om_joint_trajectory_command_broadcaster/cmake/om_joint_trajectory_command_broadcasterConfig.cmake
[12.952s] -- Symlinking: /home/jamiek/2026_ROS_manipulator/open_manipulator_ws/install/om_joint_trajectory_command_broadcaster/share/om_joint_trajectory_command_broadcaster/cmake/om_joint_trajectory_command_broadcasterConfig-version.cmake
[12.964s] -- Symlinking: /home/jamiek/2026_ROS_manipulator/open_manipulator_ws/install/om_joint_trajectory_command_broadcaster/share/om_joint_trajectory_command_broadcaster/package.xml
[12.977s] -- Installing: /home/jamiek/2026_ROS_manipulator/open_manipulator_ws/install/om_joint_trajectory_command_broadcaster/lib/libjoint_trajectory_command_broadcaster.so
[12.978s] -- Set non-toolchain portion of runtime path of "/home/jamiek/2026_ROS_manipulator/open_manipulator_ws/install/om_joint_trajectory_command_broadcaster/lib/libjoint_trajectory_command_broadcaster.so" to ""
[12.979s] -- Installing: /home/jamiek/2026_ROS_manipulator/open_manipulator_ws/install/om_joint_trajectory_command_broadcaster/share/om_joint_trajectory_command_broadcaster/cmake/export_joint_trajectory_command_broadcasterExport.cmake
[12.979s] -- Installing: /home/jamiek/2026_ROS_manipulator/open_manipulator_ws/install/om_joint_trajectory_command_broadcaster/share/om_joint_trajectory_command_broadcaster/cmake/export_joint_trajectory_command_broadcasterExport-release.cmake
[12.982s] Invoked command in '/home/jamiek/2026_ROS_manipulator/open_manipulator_ws/build/om_joint_trajectory_command_broadcaster' returned '0': CMAKE_PREFIX_PATH=${CMAKE_PREFIX_PATH}:/home/jamiek/2026_ROS_manipulator/ros_ws/install/tf2_basic:/home/jamiek/2026_ROS_manipulator/ros_ws/install/ros_basic:/opt/ros/jazzy DEBUGINFOD_URLS=https://debuginfod.ubuntu.com /usr/bin/cmake --install /home/jamiek/2026_ROS_manipulator/open_manipulator_ws/build/om_joint_trajectory_command_broadcaster
