[0.011s] Invoking command in '/home/jamiek/2026_ROS_manipulator/open_manipulator_ws/build/open_manipulator_playground': AMENT_PREFIX_PATH=/home/jamiek/2026_ROS_manipulator/open_manipulator_ws/install/robotis_interfaces:${AMENT_PREFIX_PATH} CMAKE_PREFIX_PATH=/home/jamiek/2026_ROS_manipulator/open_manipulator_ws/install/robotis_interfaces:/home/jamiek/2026_ROS_manipulator/ros_ws/install/user_interface:/opt/ros/jazzy/opt/gz_sim_vendor:/opt/ros/jazzy/opt/gz_sensors_vendor:/opt/ros/jazzy/opt/gz_physics_vendor:/opt/ros/jazzy/opt/sdformat_vendor:/opt/ros/jazzy/opt/gz_gui_vendor:/opt/ros/jazzy/opt/gz_transport_vendor:/opt/ros/jazzy/opt/gz_rendering_vendor:/opt/ros/jazzy/opt/gz_plugin_vendor:/opt/ros/jazzy/opt/gz_fuel_tools_vendor:/opt/ros/jazzy/opt/gz_msgs_vendor:/opt/ros/jazzy/opt/gz_common_vendor:/opt/ros/jazzy/opt/gz_math_vendor:/opt/ros/jazzy/opt/gz_utils_vendor:/opt/ros/jazzy/opt/gz_tools_vendor:/opt/ros/jazzy/opt/gz_ogre_next_vendor:/opt/ros/jazzy/opt/gz_dartsim_vendor:/opt/ros/jazzy/opt/gz_cmake_vendor:/home/jamiek/2026_ROS_manipulator/ros_ws/install/tf2_basic:/home/jamiek/2026_ROS_manipulator/ros_ws/install/ros_basic:/opt/ros/jazzy DEBUGINFOD_URLS=https://debuginfod.ubuntu.com LD_LIBRARY_PATH=/home/jamiek/2026_ROS_manipulator/open_manipulator_ws/install/robotis_interfaces/lib:${LD_LIBRARY_PATH} PYTHONPATH=/home/jamiek/2026_ROS_manipulator/open_manipulator_ws/install/robotis_interfaces/lib/python3.12/site-packages:${PYTHONPATH} /usr/bin/cmake /home/jamiek/2026_ROS_manipulator/open_manipulator_ws/src/open_manipulator/open_manipulator_playground -DCMAKE_BUILD_TYPE=Release -DAMENT_CMAKE_SYMLINK_INSTALL=1 -DCMAKE_INSTALL_PREFIX=/home/jamiek/2026_ROS_manipulator/open_manipulator_ws/install/open_manipulator_playground
[0.066s] -- The C compiler identification is GNU 13.3.0
[0.121s] -- The CXX compiler identification is GNU 13.3.0
[0.138s] -- Detecting C compiler ABI info
[0.232s] -- Detecting C compiler ABI info - done
[0.241s] -- Check for working C compiler: /usr/bin/cc - skipped
[0.241s] -- Detecting C compile features
[0.241s] -- Detecting C compile features - done
[0.252s] -- Detecting CXX compiler ABI info
[0.356s] -- Detecting CXX compiler ABI info - done
[0.364s] -- Check for working CXX compiler: /usr/bin/c++ - skipped
[0.364s] -- Detecting CXX compile features
[0.364s] -- Detecting CXX compile features - done
[0.370s] -- Found ament_cmake: 2.5.6 (/opt/ros/jazzy/share/ament_cmake/cmake)
[0.519s] -- Found Python3: /usr/bin/python3 (found version "3.12.3") found components: Interpreter 
[0.592s] -- Override CMake install command with custom implementation using symlinks instead of copying resources
[0.657s] -- Found moveit_ros_planning_interface: 2.12.4 (/opt/ros/jazzy/share/moveit_ros_planning_interface/cmake)
[0.790s] -- Found Boost: /usr/lib/x86_64-linux-gnu/cmake/Boost-1.83.0/BoostConfig.cmake (found version "1.83.0") found components: date_time filesystem program_options system thread 
[0.858s] -- Found rosidl_generator_c: 4.6.9 (/opt/ros/jazzy/share/rosidl_generator_c/cmake)
[0.878s] -- Found rosidl_generator_cpp: 4.6.9 (/opt/ros/jazzy/share/rosidl_generator_cpp/cmake)
[0.899s] -- Using all available rosidl_typesupport_c: rosidl_typesupport_fastrtps_c;rosidl_typesupport_introspection_c
[0.923s] -- Using all available rosidl_typesupport_cpp: rosidl_typesupport_fastrtps_cpp;rosidl_typesupport_introspection_cpp
[1.242s] -- Found Boost: /usr/lib/x86_64-linux-gnu/cmake/Boost-1.83.0/BoostConfig.cmake (found version "1.83.0") found components: chrono date_time filesystem iostreams program_options regex serialization system thread 
[1.340s] -- Found parameter_traits: 0.7.3 (/opt/ros/jazzy/share/parameter_traits/cmake)
[1.404s] -- Found rmw_implementation_cmake: 7.3.3 (/opt/ros/jazzy/share/rmw_implementation_cmake/cmake)
[1.409s] -- Found rmw_fastrtps_cpp: 8.4.4 (/opt/ros/jazzy/share/rmw_fastrtps_cpp/cmake)
[1.511s] -- Found OpenSSL: /usr/lib/x86_64-linux-gnu/libcrypto.so (found version "3.0.13")  
[1.529s] -- Found FastRTPS: /opt/ros/jazzy/include (Required is at least version "2.13") 
[1.553s] -- Using RMW implementation 'rmw_fastrtps_cpp' as default
[1.658s] [0mCMake Deprecation Warning at /opt/ros/jazzy/share/tl_expected/cmake/tl_expectedConfig.cmake:37 (message):
[1.658s]   Package 'tl_expected' is deprecated (This package will be removed in ROS 2
[1.658s]   Lyrical Luth.
[1.658s] 
[1.658s]         Use tl/expected.hpp from libexpected-dev,
[1.659s]         or rcpputils/tl_expected/expected.hpp if the system header is not available)
[1.659s] Call Stack (most recent call first):
[1.659s]   /opt/ros/jazzy/share/parameter_traits/cmake/ament_cmake_export_dependencies-extras.cmake:21 (find_package)
[1.659s]   /opt/ros/jazzy/share/parameter_traits/cmake/parameter_traitsConfig.cmake:41 (include)
[1.659s]   /opt/ros/jazzy/share/generate_parameter_library/cmake/generate_parameter_library-extras.cmake:30 (find_package)
[1.659s]   /opt/ros/jazzy/share/generate_parameter_library/cmake/generate_parameter_libraryConfig.cmake:41 (include)
[1.659s]   /opt/ros/jazzy/share/moveit_core/cmake/ament_cmake_export_dependencies-extras.cmake:21 (find_package)
[1.659s]   /opt/ros/jazzy/share/moveit_core/cmake/moveit_coreConfig.cmake:41 (include)
[1.659s]   /opt/ros/jazzy/share/moveit_ros_planning_interface/cmake/ament_cmake_export_dependencies-extras.cmake:21 (find_package)
[1.659s]   /opt/ros/jazzy/share/moveit_ros_planning_interface/cmake/moveit_ros_planning_interfaceConfig.cmake:41 (include)
[1.660s]   CMakeLists.txt:15 (find_package)
[1.660s] 
[1.660s] [0m
[1.663s] -- Found rclcpp_lifecycle: 28.1.21 (/opt/ros/jazzy/share/rclcpp_lifecycle/cmake)
[1.784s] -- Found Eigen3: TRUE (found version "3.4.0") 
[1.784s] -- Ensuring Eigen3 include directory is part of orocos-kdl CMake target
[1.997s] -- Found Boost: /usr/lib/x86_64-linux-gnu/cmake/Boost-1.83.0/BoostConfig.cmake (found version "1.83.0") found components: system filesystem date_time program_options thread chrono 
[2.051s] -- Found Boost: /usr/lib/x86_64-linux-gnu/cmake/Boost-1.83.0/BoostConfig.cmake (found version "1.83.0") found components: thread system filesystem regex date_time program_options 
[2.082s] -- Found Boost: /usr/lib/x86_64-linux-gnu/cmake/Boost-1.83.0/BoostConfig.cmake (found version "1.83.0") found components: system filesystem date_time program_options thread 
[2.199s] -- Configuring done (2.2s)
[2.249s] -- Generating done (0.0s)
[2.260s] -- Build files have been written to: /home/jamiek/2026_ROS_manipulator/open_manipulator_ws/build/open_manipulator_playground
[2.276s] Invoked command in '/home/jamiek/2026_ROS_manipulator/open_manipulator_ws/build/open_manipulator_playground' returned '0': AMENT_PREFIX_PATH=/home/jamiek/2026_ROS_manipulator/open_manipulator_ws/install/robotis_interfaces:${AMENT_PREFIX_PATH} CMAKE_PREFIX_PATH=/home/jamiek/2026_ROS_manipulator/open_manipulator_ws/install/robotis_interfaces:/home/jamiek/2026_ROS_manipulator/ros_ws/install/user_interface:/opt/ros/jazzy/opt/gz_sim_vendor:/opt/ros/jazzy/opt/gz_sensors_vendor:/opt/ros/jazzy/opt/gz_physics_vendor:/opt/ros/jazzy/opt/sdformat_vendor:/opt/ros/jazzy/opt/gz_gui_vendor:/opt/ros/jazzy/opt/gz_transport_vendor:/opt/ros/jazzy/opt/gz_rendering_vendor:/opt/ros/jazzy/opt/gz_plugin_vendor:/opt/ros/jazzy/opt/gz_fuel_tools_vendor:/opt/ros/jazzy/opt/gz_msgs_vendor:/opt/ros/jazzy/opt/gz_common_vendor:/opt/ros/jazzy/opt/gz_math_vendor:/opt/ros/jazzy/opt/gz_utils_vendor:/opt/ros/jazzy/opt/gz_tools_vendor:/opt/ros/jazzy/opt/gz_ogre_next_vendor:/opt/ros/jazzy/opt/gz_dartsim_vendor:/opt/ros/jazzy/opt/gz_cmake_vendor:/home/jamiek/2026_ROS_manipulator/ros_ws/install/tf2_basic:/home/jamiek/2026_ROS_manipulator/ros_ws/install/ros_basic:/opt/ros/jazzy DEBUGINFOD_URLS=https://debuginfod.ubuntu.com LD_LIBRARY_PATH=/home/jamiek/2026_ROS_manipulator/open_manipulator_ws/install/robotis_interfaces/lib:${LD_LIBRARY_PATH} PYTHONPATH=/home/jamiek/2026_ROS_manipulator/open_manipulator_ws/install/robotis_interfaces/lib/python3.12/site-packages:${PYTHONPATH} /usr/bin/cmake /home/jamiek/2026_ROS_manipulator/open_manipulator_ws/src/open_manipulator/open_manipulator_playground -DCMAKE_BUILD_TYPE=Release -DAMENT_CMAKE_SYMLINK_INSTALL=1 -DCMAKE_INSTALL_PREFIX=/home/jamiek/2026_ROS_manipulator/open_manipulator_ws/install/open_manipulator_playground
[2.277s] Invoking command in '/home/jamiek/2026_ROS_manipulator/open_manipulator_ws/build/open_manipulator_playground': AMENT_PREFIX_PATH=/home/jamiek/2026_ROS_manipulator/open_manipulator_ws/install/robotis_interfaces:${AMENT_PREFIX_PATH} CMAKE_PREFIX_PATH=/home/jamiek/2026_ROS_manipulator/open_manipulator_ws/install/robotis_interfaces:/home/jamiek/2026_ROS_manipulator/ros_ws/install/user_interface:/opt/ros/jazzy/opt/gz_sim_vendor:/opt/ros/jazzy/opt/gz_sensors_vendor:/opt/ros/jazzy/opt/gz_physics_vendor:/opt/ros/jazzy/opt/sdformat_vendor:/opt/ros/jazzy/opt/gz_gui_vendor:/opt/ros/jazzy/opt/gz_transport_vendor:/opt/ros/jazzy/opt/gz_rendering_vendor:/opt/ros/jazzy/opt/gz_plugin_vendor:/opt/ros/jazzy/opt/gz_fuel_tools_vendor:/opt/ros/jazzy/opt/gz_msgs_vendor:/opt/ros/jazzy/opt/gz_common_vendor:/opt/ros/jazzy/opt/gz_math_vendor:/opt/ros/jazzy/opt/gz_utils_vendor:/opt/ros/jazzy/opt/gz_tools_vendor:/opt/ros/jazzy/opt/gz_ogre_next_vendor:/opt/ros/jazzy/opt/gz_dartsim_vendor:/opt/ros/jazzy/opt/gz_cmake_vendor:/home/jamiek/2026_ROS_manipulator/ros_ws/install/tf2_basic:/home/jamiek/2026_ROS_manipulator/ros_ws/install/ros_basic:/opt/ros/jazzy DEBUGINFOD_URLS=https://debuginfod.ubuntu.com LD_LIBRARY_PATH=/home/jamiek/2026_ROS_manipulator/open_manipulator_ws/install/robotis_interfaces/lib:${LD_LIBRARY_PATH} PYTHONPATH=/home/jamiek/2026_ROS_manipulator/open_manipulator_ws/install/robotis_interfaces/lib/python3.12/site-packages:${PYTHONPATH} /usr/bin/cmake --build /home/jamiek/2026_ROS_manipulator/open_manipulator_ws/build/open_manipulator_playground
[2.342s] [ 16%] [32mBuilding CXX object CMakeFiles/open_manipulator_x_hello_moveit.dir/src/open_manipulator_x_hello_moveit.cpp.o[0m
[8.569s] [ 33%] [32m[1mLinking CXX executable open_manipulator_x_hello_moveit[0m
[8.825s] [ 33%] Built target open_manipulator_x_hello_moveit
[8.852s] [ 50%] [32mBuilding CXX object CMakeFiles/omy_f3m_hello_moveit.dir/src/omy_f3m_hello_moveit.cpp.o[0m
[15.115s] [ 66%] [32m[1mLinking CXX executable omy_f3m_hello_moveit[0m
[15.384s] [ 66%] Built target omy_f3m_hello_moveit
[15.410s] [ 83%] [32mBuilding CXX object CMakeFiles/omy_3m_hello_moveit.dir/src/omy_3m_hello_moveit.cpp.o[0m
[21.655s] [100%] [32m[1mLinking CXX executable omy_3m_hello_moveit[0m
[21.914s] [100%] Built target omy_3m_hello_moveit
[21.929s] Invoked command in '/home/jamiek/2026_ROS_manipulator/open_manipulator_ws/build/open_manipulator_playground' returned '0': AMENT_PREFIX_PATH=/home/jamiek/2026_ROS_manipulator/open_manipulator_ws/install/robotis_interfaces:${AMENT_PREFIX_PATH} CMAKE_PREFIX_PATH=/home/jamiek/2026_ROS_manipulator/open_manipulator_ws/install/robotis_interfaces:/home/jamiek/2026_ROS_manipulator/ros_ws/install/user_interface:/opt/ros/jazzy/opt/gz_sim_vendor:/opt/ros/jazzy/opt/gz_sensors_vendor:/opt/ros/jazzy/opt/gz_physics_vendor:/opt/ros/jazzy/opt/sdformat_vendor:/opt/ros/jazzy/opt/gz_gui_vendor:/opt/ros/jazzy/opt/gz_transport_vendor:/opt/ros/jazzy/opt/gz_rendering_vendor:/opt/ros/jazzy/opt/gz_plugin_vendor:/opt/ros/jazzy/opt/gz_fuel_tools_vendor:/opt/ros/jazzy/opt/gz_msgs_vendor:/opt/ros/jazzy/opt/gz_common_vendor:/opt/ros/jazzy/opt/gz_math_vendor:/opt/ros/jazzy/opt/gz_utils_vendor:/opt/ros/jazzy/opt/gz_tools_vendor:/opt/ros/jazzy/opt/gz_ogre_next_vendor:/opt/ros/jazzy/opt/gz_dartsim_vendor:/opt/ros/jazzy/opt/gz_cmake_vendor:/home/jamiek/2026_ROS_manipulator/ros_ws/install/tf2_basic:/home/jamiek/2026_ROS_manipulator/ros_ws/install/ros_basic:/opt/ros/jazzy DEBUGINFOD_URLS=https://debuginfod.ubuntu.com LD_LIBRARY_PATH=/home/jamiek/2026_ROS_manipulator/open_manipulator_ws/install/robotis_interfaces/lib:${LD_LIBRARY_PATH} PYTHONPATH=/home/jamiek/2026_ROS_manipulator/open_manipulator_ws/install/robotis_interfaces/lib/python3.12/site-packages:${PYTHONPATH} /usr/bin/cmake --build /home/jamiek/2026_ROS_manipulator/open_manipulator_ws/build/open_manipulator_playground
[21.930s] Invoking command in '/home/jamiek/2026_ROS_manipulator/open_manipulator_ws/build/open_manipulator_playground': AMENT_PREFIX_PATH=/home/jamiek/2026_ROS_manipulator/open_manipulator_ws/install/robotis_interfaces:${AMENT_PREFIX_PATH} CMAKE_PREFIX_PATH=/home/jamiek/2026_ROS_manipulator/open_manipulator_ws/install/robotis_interfaces:/home/jamiek/2026_ROS_manipulator/ros_ws/install/user_interface:/opt/ros/jazzy/opt/gz_sim_vendor:/opt/ros/jazzy/opt/gz_sensors_vendor:/opt/ros/jazzy/opt/gz_physics_vendor:/opt/ros/jazzy/opt/sdformat_vendor:/opt/ros/jazzy/opt/gz_gui_vendor:/opt/ros/jazzy/opt/gz_transport_vendor:/opt/ros/jazzy/opt/gz_rendering_vendor:/opt/ros/jazzy/opt/gz_plugin_vendor:/opt/ros/jazzy/opt/gz_fuel_tools_vendor:/opt/ros/jazzy/opt/gz_msgs_vendor:/opt/ros/jazzy/opt/gz_common_vendor:/opt/ros/jazzy/opt/gz_math_vendor:/opt/ros/jazzy/opt/gz_utils_vendor:/opt/ros/jazzy/opt/gz_tools_vendor:/opt/ros/jazzy/opt/gz_ogre_next_vendor:/opt/ros/jazzy/opt/gz_dartsim_vendor:/opt/ros/jazzy/opt/gz_cmake_vendor:/home/jamiek/2026_ROS_manipulator/ros_ws/install/tf2_basic:/home/jamiek/2026_ROS_manipulator/ros_ws/install/ros_basic:/opt/ros/jazzy DEBUGINFOD_URLS=https://debuginfod.ubuntu.com LD_LIBRARY_PATH=/home/jamiek/2026_ROS_manipulator/open_manipulator_ws/install/robotis_interfaces/lib:${LD_LIBRARY_PATH} PYTHONPATH=/home/jamiek/2026_ROS_manipulator/open_manipulator_ws/install/robotis_interfaces/lib/python3.12/site-packages:${PYTHONPATH} /usr/bin/cmake --install /home/jamiek/2026_ROS_manipulator/open_manipulator_ws/build/open_manipulator_playground
[21.939s] -- Install configuration: "Release"
[21.940s] -- Execute custom install script
[21.940s] -- Symlinking: /home/jamiek/2026_ROS_manipulator/open_manipulator_ws/install/open_manipulator_playground/include/open_manipulator_playground/omy_3m_hello_moveit.h
[21.951s] -- Symlinking: /home/jamiek/2026_ROS_manipulator/open_manipulator_ws/install/open_manipulator_playground/include/open_manipulator_playground/omy_f3m_hello_moveit.h
[21.963s] -- Symlinking: /home/jamiek/2026_ROS_manipulator/open_manipulator_ws/install/open_manipulator_playground/include/open_manipulator_playground/open_manipulator_x_hello_moveit.h
[21.975s] -- Symlinking: /home/jamiek/2026_ROS_manipulator/open_manipulator_ws/install/open_manipulator_playground/lib/open_manipulator_playground/shape_detector_node.py
[21.987s] -- Symlinking: /home/jamiek/2026_ROS_manipulator/open_manipulator_ws/install/open_manipulator_playground/lib/open_manipulator_playground/omx_trajectory_controller_node.py
[21.999s] -- Symlinking: /home/jamiek/2026_ROS_manipulator/open_manipulator_ws/install/open_manipulator_playground/share/open_manipulator_playground/launch/omx_drawing.launch.py
[22.011s] -- Symlinking: /home/jamiek/2026_ROS_manipulator/open_manipulator_ws/install/open_manipulator_playground/share/open_manipulator_playground/images/square.png
[22.023s] -- Symlinking: /home/jamiek/2026_ROS_manipulator/open_manipulator_ws/install/open_manipulator_playground/share/ament_index/resource_index/package_run_dependencies/open_manipulator_playground
[22.037s] -- Symlinking: /home/jamiek/2026_ROS_manipulator/open_manipulator_ws/install/open_manipulator_playground/share/ament_index/resource_index/parent_prefix_path/open_manipulator_playground
[22.049s] -- Symlinking: /home/jamiek/2026_ROS_manipulator/open_manipulator_ws/install/open_manipulator_playground/share/open_manipulator_playground/environment/ament_prefix_path.sh
[22.061s] -- Symlinking: /home/jamiek/2026_ROS_manipulator/open_manipulator_ws/install/open_manipulator_playground/share/open_manipulator_playground/environment/ament_prefix_path.dsv
[22.073s] -- Symlinking: /home/jamiek/2026_ROS_manipulator/open_manipulator_ws/install/open_manipulator_playground/share/open_manipulator_playground/environment/path.sh
[22.086s] -- Symlinking: /home/jamiek/2026_ROS_manipulator/open_manipulator_ws/install/open_manipulator_playground/share/open_manipulator_playground/environment/path.dsv
[22.099s] -- Symlinking: /home/jamiek/2026_ROS_manipulator/open_manipulator_ws/install/open_manipulator_playground/share/open_manipulator_playground/local_setup.bash
[22.111s] -- Symlinking: /home/jamiek/2026_ROS_manipulator/open_manipulator_ws/install/open_manipulator_playground/share/open_manipulator_playground/local_setup.sh
[22.123s] -- Symlinking: /home/jamiek/2026_ROS_manipulator/open_manipulator_ws/install/open_manipulator_playground/share/open_manipulator_playground/local_setup.zsh
[22.134s] -- Symlinking: /home/jamiek/2026_ROS_manipulator/open_manipulator_ws/install/open_manipulator_playground/share/open_manipulator_playground/local_setup.dsv
[22.147s] -- Symlinking: /home/jamiek/2026_ROS_manipulator/open_manipulator_ws/install/open_manipulator_playground/share/open_manipulator_playground/package.dsv
[22.159s] -- Symlinking: /home/jamiek/2026_ROS_manipulator/open_manipulator_ws/install/open_manipulator_playground/share/ament_index/resource_index/packages/open_manipulator_playground
[22.171s] -- Symlinking: /home/jamiek/2026_ROS_manipulator/open_manipulator_ws/install/open_manipulator_playground/share/open_manipulator_playground/cmake/ament_cmake_export_include_directories-extras.cmake
[22.183s] -- Symlinking: /home/jamiek/2026_ROS_manipulator/open_manipulator_ws/install/open_manipulator_playground/share/open_manipulator_playground/cmake/ament_cmake_export_targets-extras.cmake
[22.195s] -- Symlinking: /home/jamiek/2026_ROS_manipulator/open_manipulator_ws/install/open_manipulator_playground/share/open_manipulator_playground/cmake/open_manipulator_playgroundConfig.cmake
[22.206s] -- Symlinking: /home/jamiek/2026_ROS_manipulator/open_manipulator_ws/install/open_manipulator_playground/share/open_manipulator_playground/cmake/open_manipulator_playgroundConfig-version.cmake
[22.218s] -- Symlinking: /home/jamiek/2026_ROS_manipulator/open_manipulator_ws/install/open_manipulator_playground/share/open_manipulator_playground/package.xml
[22.232s] -- Installing: /home/jamiek/2026_ROS_manipulator/open_manipulator_ws/install/open_manipulator_playground/lib/open_manipulator_playground/open_manipulator_x_hello_moveit
[22.232s] -- Set non-toolchain portion of runtime path of "/home/jamiek/2026_ROS_manipulator/open_manipulator_ws/install/open_manipulator_playground/lib/open_manipulator_playground/open_manipulator_x_hello_moveit" to ""
[22.232s] -- Installing: /home/jamiek/2026_ROS_manipulator/open_manipulator_ws/install/open_manipulator_playground/lib/open_manipulator_playground/omy_f3m_hello_moveit
[22.233s] -- Set non-toolchain portion of runtime path of "/home/jamiek/2026_ROS_manipulator/open_manipulator_ws/install/open_manipulator_playground/lib/open_manipulator_playground/omy_f3m_hello_moveit" to ""
[22.233s] -- Installing: /home/jamiek/2026_ROS_manipulator/open_manipulator_ws/install/open_manipulator_playground/lib/open_manipulator_playground/omy_3m_hello_moveit
[22.234s] -- Set non-toolchain portion of runtime path of "/home/jamiek/2026_ROS_manipulator/open_manipulator_ws/install/open_manipulator_playground/lib/open_manipulator_playground/omy_3m_hello_moveit" to ""
[22.234s] -- Installing: /home/jamiek/2026_ROS_manipulator/open_manipulator_ws/install/open_manipulator_playground/share/open_manipulator_playground/cmake/export_open_manipulator_playgroundExport.cmake
[22.234s] -- Installing: /home/jamiek/2026_ROS_manipulator/open_manipulator_ws/install/open_manipulator_playground/share/open_manipulator_playground/cmake/export_open_manipulator_playgroundExport-release.cmake
[22.236s] Invoked command in '/home/jamiek/2026_ROS_manipulator/open_manipulator_ws/build/open_manipulator_playground' returned '0': AMENT_PREFIX_PATH=/home/jamiek/2026_ROS_manipulator/open_manipulator_ws/install/robotis_interfaces:${AMENT_PREFIX_PATH} CMAKE_PREFIX_PATH=/home/jamiek/2026_ROS_manipulator/open_manipulator_ws/install/robotis_interfaces:/home/jamiek/2026_ROS_manipulator/ros_ws/install/user_interface:/opt/ros/jazzy/opt/gz_sim_vendor:/opt/ros/jazzy/opt/gz_sensors_vendor:/opt/ros/jazzy/opt/gz_physics_vendor:/opt/ros/jazzy/opt/sdformat_vendor:/opt/ros/jazzy/opt/gz_gui_vendor:/opt/ros/jazzy/opt/gz_transport_vendor:/opt/ros/jazzy/opt/gz_rendering_vendor:/opt/ros/jazzy/opt/gz_plugin_vendor:/opt/ros/jazzy/opt/gz_fuel_tools_vendor:/opt/ros/jazzy/opt/gz_msgs_vendor:/opt/ros/jazzy/opt/gz_common_vendor:/opt/ros/jazzy/opt/gz_math_vendor:/opt/ros/jazzy/opt/gz_utils_vendor:/opt/ros/jazzy/opt/gz_tools_vendor:/opt/ros/jazzy/opt/gz_ogre_next_vendor:/opt/ros/jazzy/opt/gz_dartsim_vendor:/opt/ros/jazzy/opt/gz_cmake_vendor:/home/jamiek/2026_ROS_manipulator/ros_ws/install/tf2_basic:/home/jamiek/2026_ROS_manipulator/ros_ws/install/ros_basic:/opt/ros/jazzy DEBUGINFOD_URLS=https://debuginfod.ubuntu.com LD_LIBRARY_PATH=/home/jamiek/2026_ROS_manipulator/open_manipulator_ws/install/robotis_interfaces/lib:${LD_LIBRARY_PATH} PYTHONPATH=/home/jamiek/2026_ROS_manipulator/open_manipulator_ws/install/robotis_interfaces/lib/python3.12/site-packages:${PYTHONPATH} /usr/bin/cmake --install /home/jamiek/2026_ROS_manipulator/open_manipulator_ws/build/open_manipulator_playground
