[0.075s] Invoking command in '/home/jamiek/2026_ROS_manipulator/open_manipulator_ws/build/open_manipulator_playground': AMENT_PREFIX_PATH=/home/jamiek/2026_ROS_manipulator/open_manipulator_ws/install/robotis_interfaces:${AMENT_PREFIX_PATH} CMAKE_PREFIX_PATH=/home/jamiek/2026_ROS_manipulator/open_manipulator_ws/install/robotis_interfaces:/home/jamiek/open_manipulator_ws/install/open_manipulator:/home/jamiek/open_manipulator_ws/install/open_manipulator_playground:/home/jamiek/open_manipulator_ws/install/robotis_interfaces:/home/jamiek/open_manipulator_ws/install/open_manipulator_moveit_config:/home/jamiek/open_manipulator_ws/install/open_manipulator_gui:/home/jamiek/open_manipulator_ws/install/open_manipulator_description:/home/jamiek/open_manipulator_ws/install/open_manipulator_collision:/home/jamiek/open_manipulator_ws/install/om_spring_actuator_controller:/home/jamiek/open_manipulator_ws/install/om_joint_trajectory_command_broadcaster:/home/jamiek/open_manipulator_ws/install/om_gravity_compensation_controller:/home/jamiek/open_manipulator_ws/install/dynamixel_sdk_examples:/home/jamiek/open_manipulator_ws/install/dynamixel_sdk_custom_interfaces:/home/jamiek/open_manipulator_ws/install/dynamixel_hardware_interface:/home/jamiek/open_manipulator_ws/install/dynamixel_sdk:/home/jamiek/open_manipulator_ws/install/dynamixel_interfaces:/home/jamiek/2026_ROS_manipulator/ros_ws/install/user_interface:/opt/ros/jazzy/opt/gz_sim_vendor:/opt/ros/jazzy/opt/gz_sensors_vendor:/opt/ros/jazzy/opt/gz_physics_vendor:/opt/ros/jazzy/opt/sdformat_vendor:/opt/ros/jazzy/opt/gz_gui_vendor:/opt/ros/jazzy/opt/gz_transport_vendor:/opt/ros/jazzy/opt/gz_rendering_vendor:/opt/ros/jazzy/opt/gz_plugin_vendor:/opt/ros/jazzy/opt/gz_fuel_tools_vendor:/opt/ros/jazzy/opt/gz_msgs_vendor:/opt/ros/jazzy/opt/gz_common_vendor:/opt/ros/jazzy/opt/gz_math_vendor:/opt/ros/jazzy/opt/gz_utils_vendor:/opt/ros/jazzy/opt/gz_tools_vendor:/opt/ros/jazzy/opt/gz_ogre_next_vendor:/opt/ros/jazzy/opt/gz_dartsim_vendor:/opt/ros/jazzy/opt/gz_cmake_vendor:/home/jamiek/open_manipulator_ws/install/open_manipulator_teleop:/home/jamiek/open_manipulator_ws/install/open_manipulator_bringup:/home/jamiek/2026_ROS_manipulator/ros_ws/install/tf2_basic:/home/jamiek/2026_ROS_manipulator/ros_ws/install/ros_basic:/opt/ros/jazzy DEBUGINFOD_URLS=https://debuginfod.ubuntu.com LD_LIBRARY_PATH=/home/jamiek/2026_ROS_manipulator/open_manipulator_ws/install/robotis_interfaces/lib:${LD_LIBRARY_PATH} PYTHONPATH=/home/jamiek/2026_ROS_manipulator/open_manipulator_ws/install/robotis_interfaces/lib/python3.12/site-packages:${PYTHONPATH} /usr/bin/cmake /home/jamiek/2026_ROS_manipulator/open_manipulator_ws/src/open_manipulator/open_manipulator_playground -DAMENT_CMAKE_SYMLINK_INSTALL=1 -DCMAKE_INSTALL_PREFIX=/home/jamiek/2026_ROS_manipulator/open_manipulator_ws/install/open_manipulator_playground
[0.438s] -- The C compiler identification is GNU 13.3.0
[0.756s] -- The CXX compiler identification is GNU 13.3.0
[0.818s] -- Detecting C compiler ABI info
[1.166s] -- Detecting C compiler ABI info - done
[1.205s] -- Check for working C compiler: /usr/bin/cc - skipped
[1.206s] -- Detecting C compile features
[1.206s] -- Detecting C compile features - done
[1.261s] -- Detecting CXX compiler ABI info
[1.597s] -- Detecting CXX compiler ABI info - done
[1.614s] -- Check for working CXX compiler: /usr/bin/c++ - skipped
[1.617s] -- Detecting CXX compile features
[1.617s] -- Detecting CXX compile features - done
[1.647s] -- Found ament_cmake: 2.5.6 (/opt/ros/jazzy/share/ament_cmake/cmake)
[20.478s] -- Found Python3: /usr/bin/python3 (found version "3.12.3") found components: Interpreter 
[20.937s] -- Override CMake install command with custom implementation using symlinks instead of copying resources
[25.103s] -- Found moveit_ros_planning_interface: 2.12.4 (/opt/ros/jazzy/share/moveit_ros_planning_interface/cmake)
[26.246s] -- Found Boost: /usr/lib/x86_64-linux-gnu/cmake/Boost-1.83.0/BoostConfig.cmake (found version "1.83.0") found components: date_time filesystem program_options system thread 
[26.594s] -- Found rosidl_generator_c: 4.6.9 (/opt/ros/jazzy/share/rosidl_generator_c/cmake)
[26.633s] -- Found rosidl_generator_cpp: 4.6.9 (/opt/ros/jazzy/share/rosidl_generator_cpp/cmake)
[26.720s] -- Using all available rosidl_typesupport_c: rosidl_typesupport_fastrtps_c;rosidl_typesupport_introspection_c
[26.783s] -- Using all available rosidl_typesupport_cpp: rosidl_typesupport_fastrtps_cpp;rosidl_typesupport_introspection_cpp
[27.592s] -- Found Boost: /usr/lib/x86_64-linux-gnu/cmake/Boost-1.83.0/BoostConfig.cmake (found version "1.83.0") found components: chrono date_time filesystem iostreams program_options regex serialization system thread 
[28.064s] -- Found parameter_traits: 0.7.3 (/opt/ros/jazzy/share/parameter_traits/cmake)
[28.563s] -- Found rmw_implementation_cmake: 7.3.3 (/opt/ros/jazzy/share/rmw_implementation_cmake/cmake)
[28.567s] -- Found rmw_fastrtps_cpp: 8.4.4 (/opt/ros/jazzy/share/rmw_fastrtps_cpp/cmake)
[28.872s] -- Found OpenSSL: /usr/lib/x86_64-linux-gnu/libcrypto.so (found version "3.0.13")  
[28.923s] -- Found FastRTPS: /opt/ros/jazzy/include (Required is at least version "2.13") 
[28.973s] -- Using RMW implementation 'rmw_fastrtps_cpp' as default
[29.208s] [0mCMake Deprecation Warning at /opt/ros/jazzy/share/tl_expected/cmake/tl_expectedConfig.cmake:37 (message):
[29.208s]   Package 'tl_expected' is deprecated (This package will be removed in ROS 2
[29.209s]   Lyrical Luth.
[29.209s] 
[29.209s]         Use tl/expected.hpp from libexpected-dev,
[29.209s]         or rcpputils/tl_expected/expected.hpp if the system header is not available)
[29.209s] Call Stack (most recent call first):
[29.209s]   /opt/ros/jazzy/share/parameter_traits/cmake/ament_cmake_export_dependencies-extras.cmake:21 (find_package)
[29.209s]   /opt/ros/jazzy/share/parameter_traits/cmake/parameter_traitsConfig.cmake:41 (include)
[29.209s]   /opt/ros/jazzy/share/generate_parameter_library/cmake/generate_parameter_library-extras.cmake:30 (find_package)
[29.209s]   /opt/ros/jazzy/share/generate_parameter_library/cmake/generate_parameter_libraryConfig.cmake:41 (include)
[29.209s]   /opt/ros/jazzy/share/moveit_core/cmake/ament_cmake_export_dependencies-extras.cmake:21 (find_package)
[29.210s]   /opt/ros/jazzy/share/moveit_core/cmake/moveit_coreConfig.cmake:41 (include)
[29.210s]   /opt/ros/jazzy/share/moveit_ros_planning_interface/cmake/ament_cmake_export_dependencies-extras.cmake:21 (find_package)
[29.210s]   /opt/ros/jazzy/share/moveit_ros_planning_interface/cmake/moveit_ros_planning_interfaceConfig.cmake:41 (include)
[29.210s]   CMakeLists.txt:15 (find_package)
[29.210s] 
[29.211s] [0m
[29.219s] -- Found rclcpp_lifecycle: 28.1.21 (/opt/ros/jazzy/share/rclcpp_lifecycle/cmake)
[29.515s] -- Found Eigen3: TRUE (found version "3.4.0") 
[29.516s] -- Ensuring Eigen3 include directory is part of orocos-kdl CMake target
[31.348s] -- Found Boost: /usr/lib/x86_64-linux-gnu/cmake/Boost-1.83.0/BoostConfig.cmake (found version "1.83.0") found components: system filesystem date_time program_options thread chrono 
[31.440s] -- Found Boost: /usr/lib/x86_64-linux-gnu/cmake/Boost-1.83.0/BoostConfig.cmake (found version "1.83.0") found components: thread system filesystem regex date_time program_options 
[31.595s] -- Found Boost: /usr/lib/x86_64-linux-gnu/cmake/Boost-1.83.0/BoostConfig.cmake (found version "1.83.0") found components: system filesystem date_time program_options thread 
