-- Found ament_cmake: 2.5.6 (/opt/ros/jazzy/share/ament_cmake/cmake)
-- Override CMake install command with custom implementation using symlinks instead of copying resources
-- Found geometry_msgs: 5.3.8 (/opt/ros/jazzy/share/geometry_msgs/cmake)
-- Found rosidl_generator_c: 4.6.9 (/opt/ros/jazzy/share/rosidl_generator_c/cmake)
-- Found rosidl_generator_cpp: 4.6.9 (/opt/ros/jazzy/share/rosidl_generator_cpp/cmake)
-- Using all available rosidl_typesupport_c: rosidl_typesupport_fastrtps_c;rosidl_typesupport_introspection_c
-- Using all available rosidl_typesupport_cpp: rosidl_typesupport_fastrtps_cpp;rosidl_typesupport_introspection_cpp
-- Found rclcpp: 28.1.21 (/opt/ros/jazzy/share/rclcpp/cmake)
-- Found rmw_implementation_cmake: 7.3.3 (/opt/ros/jazzy/share/rmw_implementation_cmake/cmake)
-- Found rmw_fastrtps_cpp: 8.4.4 (/opt/ros/jazzy/share/rmw_fastrtps_cpp/cmake)
-- Using RMW implementation 'rmw_fastrtps_cpp' as default
-- Found sensor_msgs: 5.3.8 (/opt/ros/jazzy/share/sensor_msgs/cmake)
-- Found moveit_msgs: 2.6.0 (/opt/ros/jazzy/share/moveit_msgs/cmake)
-- Found moveit_ros_planning: 2.12.4 (/opt/ros/jazzy/share/moveit_ros_planning/cmake)
-- Found Boost: /usr/lib/x86_64-linux-gnu/cmake/Boost-1.83.0/BoostConfig.cmake (found version "1.83.0") found components: system filesystem date_time program_options thread chrono 
-- Found parameter_traits: 0.7.3 (/opt/ros/jazzy/share/parameter_traits/cmake)
[0mCMake Deprecation Warning at /opt/ros/jazzy/share/tl_expected/cmake/tl_expectedConfig.cmake:37 (message):
  Package 'tl_expected' is deprecated (This package will be removed in ROS 2
  Lyrical Luth.

        Use tl/expected.hpp from libexpected-dev,
        or rcpputils/tl_expected/expected.hpp if the system header is not available)
Call Stack (most recent call first):
  /opt/ros/jazzy/share/parameter_traits/cmake/ament_cmake_export_dependencies-extras.cmake:21 (find_package)
  /opt/ros/jazzy/share/parameter_traits/cmake/parameter_traitsConfig.cmake:41 (include)
  /opt/ros/jazzy/share/generate_parameter_library/cmake/generate_parameter_library-extras.cmake:30 (find_package)
  /opt/ros/jazzy/share/generate_parameter_library/cmake/generate_parameter_libraryConfig.cmake:41 (include)
  /opt/ros/jazzy/share/moveit_ros_planning/cmake/ament_cmake_export_dependencies-extras.cmake:21 (find_package)
  /opt/ros/jazzy/share/moveit_ros_planning/cmake/moveit_ros_planningConfig.cmake:41 (include)
  CMakeLists.txt:21 (find_package)

[0m
-- Found rclcpp_lifecycle: 28.1.21 (/opt/ros/jazzy/share/rclcpp_lifecycle/cmake)
-- Found Boost: /usr/lib/x86_64-linux-gnu/cmake/Boost-1.83.0/BoostConfig.cmake (found version "1.83.0") found components: chrono date_time filesystem iostreams program_options regex serialization system thread 
-- Ensuring Eigen3 include directory is part of orocos-kdl CMake target
-- Found moveit_ros_planning_interface: 2.12.4 (/opt/ros/jazzy/share/moveit_ros_planning_interface/cmake)
-- Found Boost: /usr/lib/x86_64-linux-gnu/cmake/Boost-1.83.0/BoostConfig.cmake (found version "1.83.0") found components: date_time filesystem program_options system thread 
-- Found Boost: /usr/lib/x86_64-linux-gnu/cmake/Boost-1.83.0/BoostConfig.cmake (found version "1.83.0") found components: thread system filesystem regex date_time program_options 
-- Found Boost: /usr/lib/x86_64-linux-gnu/cmake/Boost-1.83.0/BoostConfig.cmake (found version "1.83.0") found components: system filesystem date_time program_options thread 
-- Configuring done (1.7s)
-- Generating done (0.1s)
-- Build files have been written to: /home/jamiek/2026_ROS_manipulator/open_manipulator_ws/build/open_manipulator_gui
[ 14%] Built target copy_ui_headers
[ 14%] Built target open_manipulator_x_gui_node_autogen_timestamp_deps
[ 16%] [34m[1mAutomatic MOC and UIC for target open_manipulator_x_gui_node[0m
[ 16%] Built target open_manipulator_x_gui_node_autogen
[ 35%] Built target open_manipulator_x_gui_node
[ 35%] Built target omy_3m_gui_node_autogen_timestamp_deps
[ 37%] [34m[1mAutomatic MOC and UIC for target omy_3m_gui_node[0m
[ 37%] Built target omy_3m_gui_node_autogen
[ 57%] Built target omy_3m_gui_node
[ 57%] Built target omy_f3m_gui_node_autogen_timestamp_deps
[ 58%] [34m[1mAutomatic MOC and UIC for target omy_f3m_gui_node[0m
[ 58%] Built target omy_f3m_gui_node_autogen
[ 78%] Built target omy_f3m_gui_node
[ 78%] Built target omx_f_gui_node_autogen_timestamp_deps
[ 80%] [34m[1mAutomatic MOC and UIC for target omx_f_gui_node[0m
[ 80%] Built target omx_f_gui_node_autogen
[100%] Built target omx_f_gui_node
-- Install configuration: "Release"
-- Execute custom install script
-- Up-to-date symlink: /home/jamiek/2026_ROS_manipulator/open_manipulator_ws/install/open_manipulator_gui/lib/open_manipulator_gui/open_manipulator_x_gui_node
-- Up-to-date symlink: /home/jamiek/2026_ROS_manipulator/open_manipulator_ws/install/open_manipulator_gui/lib/open_manipulator_gui/omy_3m_gui_node
-- Up-to-date symlink: /home/jamiek/2026_ROS_manipulator/open_manipulator_ws/install/open_manipulator_gui/lib/open_manipulator_gui/omy_f3m_gui_node
-- Up-to-date symlink: /home/jamiek/2026_ROS_manipulator/open_manipulator_ws/install/open_manipulator_gui/lib/open_manipulator_gui/omx_f_gui_node
-- Up-to-date symlink: /home/jamiek/2026_ROS_manipulator/open_manipulator_ws/install/open_manipulator_gui/include/omx_f_gui/main_window.hpp
-- Up-to-date symlink: /home/jamiek/2026_ROS_manipulator/open_manipulator_ws/install/open_manipulator_gui/include/omx_f_gui/qnode.hpp
-- Up-to-date symlink: /home/jamiek/2026_ROS_manipulator/open_manipulator_ws/install/open_manipulator_gui/include/omy_3m_gui/main_window.hpp
-- Up-to-date symlink: /home/jamiek/2026_ROS_manipulator/open_manipulator_ws/install/open_manipulator_gui/include/omy_3m_gui/qnode.hpp
-- Up-to-date symlink: /home/jamiek/2026_ROS_manipulator/open_manipulator_ws/install/open_manipulator_gui/include/omy_f3m_gui/main_window.hpp
-- Up-to-date symlink: /home/jamiek/2026_ROS_manipulator/open_manipulator_ws/install/open_manipulator_gui/include/omy_f3m_gui/qnode.hpp
-- Up-to-date symlink: /home/jamiek/2026_ROS_manipulator/open_manipulator_ws/install/open_manipulator_gui/include/open_manipulator_x_gui/main_window.hpp
-- Up-to-date symlink: /home/jamiek/2026_ROS_manipulator/open_manipulator_ws/install/open_manipulator_gui/include/open_manipulator_x_gui/qnode.hpp
-- Up-to-date symlink: /home/jamiek/2026_ROS_manipulator/open_manipulator_ws/install/open_manipulator_gui/share/open_manipulator_gui/launch/omx_f_gui.launch.py
-- Up-to-date symlink: /home/jamiek/2026_ROS_manipulator/open_manipulator_ws/install/open_manipulator_gui/share/open_manipulator_gui/launch/omy_3m_gui.launch.py
-- Up-to-date symlink: /home/jamiek/2026_ROS_manipulator/open_manipulator_ws/install/open_manipulator_gui/share/open_manipulator_gui/launch/omy_f3m_gui.launch.py
-- Up-to-date symlink: /home/jamiek/2026_ROS_manipulator/open_manipulator_ws/install/open_manipulator_gui/share/open_manipulator_gui/launch/open_manipulator_x_gui.launch.py
-- Up-to-date symlink: /home/jamiek/2026_ROS_manipulator/open_manipulator_ws/install/open_manipulator_gui/share/open_manipulator_gui/ui/omx_f_main_window.ui
-- Up-to-date symlink: /home/jamiek/2026_ROS_manipulator/open_manipulator_ws/install/open_manipulator_gui/share/open_manipulator_gui/ui/omy_3m_main_window.ui
-- Up-to-date symlink: /home/jamiek/2026_ROS_manipulator/open_manipulator_ws/install/open_manipulator_gui/share/open_manipulator_gui/ui/omy_f3m_main_window.ui
-- Up-to-date symlink: /home/jamiek/2026_ROS_manipulator/open_manipulator_ws/install/open_manipulator_gui/share/open_manipulator_gui/ui/open_manipulator_x_main_window.ui
-- Up-to-date symlink: /home/jamiek/2026_ROS_manipulator/open_manipulator_ws/install/open_manipulator_gui/share/open_manipulator_gui/config/omx_f_joint_log.csv
-- Up-to-date symlink: /home/jamiek/2026_ROS_manipulator/open_manipulator_ws/install/open_manipulator_gui/share/open_manipulator_gui/config/omy_3m_joint_log.csv
-- Up-to-date symlink: /home/jamiek/2026_ROS_manipulator/open_manipulator_ws/install/open_manipulator_gui/share/open_manipulator_gui/config/omy_f3m_joint_log.csv
-- Up-to-date symlink: /home/jamiek/2026_ROS_manipulator/open_manipulator_ws/install/open_manipulator_gui/share/open_manipulator_gui/config/open_manipulator_x_joint_log.csv
-- Up-to-date symlink: /home/jamiek/2026_ROS_manipulator/open_manipulator_ws/install/open_manipulator_gui/share/open_manipulator_gui/environment/library_path.sh
-- Up-to-date symlink: /home/jamiek/2026_ROS_manipulator/open_manipulator_ws/install/open_manipulator_gui/share/open_manipulator_gui/environment/library_path.dsv
-- Up-to-date symlink: /home/jamiek/2026_ROS_manipulator/open_manipulator_ws/install/open_manipulator_gui/share/ament_index/resource_index/package_run_dependencies/open_manipulator_gui
-- Up-to-date symlink: /home/jamiek/2026_ROS_manipulator/open_manipulator_ws/install/open_manipulator_gui/share/ament_index/resource_index/parent_prefix_path/open_manipulator_gui
-- Up-to-date symlink: /home/jamiek/2026_ROS_manipulator/open_manipulator_ws/install/open_manipulator_gui/share/open_manipulator_gui/environment/ament_prefix_path.sh
-- Up-to-date symlink: /home/jamiek/2026_ROS_manipulator/open_manipulator_ws/install/open_manipulator_gui/share/open_manipulator_gui/environment/ament_prefix_path.dsv
-- Up-to-date symlink: /home/jamiek/2026_ROS_manipulator/open_manipulator_ws/install/open_manipulator_gui/share/open_manipulator_gui/environment/path.sh
-- Up-to-date symlink: /home/jamiek/2026_ROS_manipulator/open_manipulator_ws/install/open_manipulator_gui/share/open_manipulator_gui/environment/path.dsv
-- Up-to-date symlink: /home/jamiek/2026_ROS_manipulator/open_manipulator_ws/install/open_manipulator_gui/share/open_manipulator_gui/local_setup.bash
-- Up-to-date symlink: /home/jamiek/2026_ROS_manipulator/open_manipulator_ws/install/open_manipulator_gui/share/open_manipulator_gui/local_setup.sh
-- Up-to-date symlink: /home/jamiek/2026_ROS_manipulator/open_manipulator_ws/install/open_manipulator_gui/share/open_manipulator_gui/local_setup.zsh
-- Up-to-date symlink: /home/jamiek/2026_ROS_manipulator/open_manipulator_ws/install/open_manipulator_gui/share/open_manipulator_gui/local_setup.dsv
-- Symlinking: /home/jamiek/2026_ROS_manipulator/open_manipulator_ws/install/open_manipulator_gui/share/open_manipulator_gui/package.dsv
-- Up-to-date symlink: /home/jamiek/2026_ROS_manipulator/open_manipulator_ws/install/open_manipulator_gui/share/ament_index/resource_index/packages/open_manipulator_gui
-- Up-to-date symlink: /home/jamiek/2026_ROS_manipulator/open_manipulator_ws/install/open_manipulator_gui/share/open_manipulator_gui/cmake/ament_cmake_export_include_directories-extras.cmake
-- Up-to-date symlink: /home/jamiek/2026_ROS_manipulator/open_manipulator_ws/install/open_manipulator_gui/share/open_manipulator_gui/cmake/ament_cmake_export_libraries-extras.cmake
-- Up-to-date symlink: /home/jamiek/2026_ROS_manipulator/open_manipulator_ws/install/open_manipulator_gui/share/open_manipulator_gui/cmake/open_manipulator_guiConfig.cmake
-- Up-to-date symlink: /home/jamiek/2026_ROS_manipulator/open_manipulator_ws/install/open_manipulator_gui/share/open_manipulator_gui/cmake/open_manipulator_guiConfig-version.cmake
-- Up-to-date symlink: /home/jamiek/2026_ROS_manipulator/open_manipulator_ws/install/open_manipulator_gui/share/open_manipulator_gui/package.xml
