[1.127s] Invoking command in '/home/jamiek/2026_ROS_manipulator/open_manipulator_ws/build/open_manipulator_teleop': DEBUGINFOD_URLS=https://debuginfod.ubuntu.com PYTHONPATH=/home/jamiek/2026_ROS_manipulator/open_manipulator_ws/build/open_manipulator_teleop/prefix_override:/usr/lib/python3/dist-packages/colcon_core/task/python/colcon_distutils_commands:/home/jamiek/2026_ROS_manipulator/open_manipulator_ws/install/open_manipulator_teleop/lib/python3.12/site-packages:${PYTHONPATH} /usr/bin/python3 -W ignore:setup.py install is deprecated -W ignore:easy_install command is deprecated setup.py develop --editable --build-directory /home/jamiek/2026_ROS_manipulator/open_manipulator_ws/build/open_manipulator_teleop/build --no-deps symlink_data
[1.415s] running develop
[1.623s] running egg_info
[1.643s] writing open_manipulator_teleop.egg-info/PKG-INFO
[1.643s] writing dependency_links to open_manipulator_teleop.egg-info/dependency_links.txt
[1.643s] writing entry points to open_manipulator_teleop.egg-info/entry_points.txt
[1.643s] writing requirements to open_manipulator_teleop.egg-info/requires.txt
[1.643s] writing top-level names to open_manipulator_teleop.egg-info/top_level.txt
[1.683s] reading manifest file 'open_manipulator_teleop.egg-info/SOURCES.txt'
[1.683s] writing manifest file 'open_manipulator_teleop.egg-info/SOURCES.txt'
[1.704s] running build_ext
[1.704s] Creating /home/jamiek/2026_ROS_manipulator/open_manipulator_ws/install/open_manipulator_teleop/lib/python3.12/site-packages/open-manipulator-teleop.egg-link (link to .)
[1.704s] Installing omx_f_teleop script to /home/jamiek/2026_ROS_manipulator/open_manipulator_ws/install/open_manipulator_teleop/lib/open_manipulator_teleop
[1.704s] Installing omy_3m_teleop script to /home/jamiek/2026_ROS_manipulator/open_manipulator_ws/install/open_manipulator_teleop/lib/open_manipulator_teleop
[1.705s] Installing omy_f3m_teleop script to /home/jamiek/2026_ROS_manipulator/open_manipulator_ws/install/open_manipulator_teleop/lib/open_manipulator_teleop
[1.705s] Installing open_manipulator_x_teleop script to /home/jamiek/2026_ROS_manipulator/open_manipulator_ws/install/open_manipulator_teleop/lib/open_manipulator_teleop
[1.705s] 
[1.705s] Installed /home/jamiek/2026_ROS_manipulator/open_manipulator_ws/build/open_manipulator_teleop
[1.705s] running symlink_data
[1.738s] Invoked command in '/home/jamiek/2026_ROS_manipulator/open_manipulator_ws/build/open_manipulator_teleop' returned '0': DEBUGINFOD_URLS=https://debuginfod.ubuntu.com PYTHONPATH=/home/jamiek/2026_ROS_manipulator/open_manipulator_ws/build/open_manipulator_teleop/prefix_override:/usr/lib/python3/dist-packages/colcon_core/task/python/colcon_distutils_commands:/home/jamiek/2026_ROS_manipulator/open_manipulator_ws/install/open_manipulator_teleop/lib/python3.12/site-packages:${PYTHONPATH} /usr/bin/python3 -W ignore:setup.py install is deprecated -W ignore:easy_install command is deprecated setup.py develop --editable --build-directory /home/jamiek/2026_ROS_manipulator/open_manipulator_ws/build/open_manipulator_teleop/build --no-deps symlink_data
