[0.083s] Invoking command in '/home/jamiek/2026_ROS_manipulator/build/dynamixel_interfaces': CMAKE_PREFIX_PATH=${CMAKE_PREFIX_PATH}:/home/jamiek/2026_ROS_manipulator/ros_ws/install/tf2_basic:/home/jamiek/2026_ROS_manipulator/ros_ws/install/ros_basic:/home/jamiek/2026_ROS_manipulator/open_manipulator_ws/install/open_manipulator_teleop:/home/jamiek/2026_ROS_manipulator/open_manipulator_ws/install/open_manipulator_bringup:/opt/ros/jazzy DEBUGINFOD_URLS=https://debuginfod.ubuntu.com /usr/bin/cmake /home/jamiek/2026_ROS_manipulator/open_manipulator_ws/src/dynamixel_interfaces -DAMENT_CMAKE_SYMLINK_INSTALL=1 -DCMAKE_INSTALL_PREFIX=/home/jamiek/2026_ROS_manipulator/install/dynamixel_interfaces
[1.109s] -- The C compiler identification is GNU 13.3.0
[1.109s] -- The CXX compiler identification is GNU 13.3.0
[1.109s] -- Detecting C compiler ABI info
[1.109s] -- Detecting C compiler ABI info - done
[1.110s] -- Check for working C compiler: /usr/bin/cc - skipped
[1.110s] -- Detecting C compile features
[1.110s] -- Detecting C compile features - done
[1.110s] -- Detecting CXX compiler ABI info
[1.110s] -- Detecting CXX compiler ABI info - done
[1.110s] -- Check for working CXX compiler: /usr/bin/c++ - skipped
[1.110s] -- Detecting CXX compile features
[1.110s] -- Detecting CXX compile features - done
[1.110s] -- Found ament_cmake: 2.5.6 (/opt/ros/jazzy/share/ament_cmake/cmake)
[1.111s] -- Found Python3: /usr/bin/python3 (found version "3.12.3") found components: Interpreter 
[1.111s] -- Override CMake install command with custom implementation using symlinks instead of copying resources
[1.213s] -- Found std_msgs: 5.3.8 (/opt/ros/jazzy/share/std_msgs/cmake)
[1.329s] -- Found rosidl_generator_c: 4.6.9 (/opt/ros/jazzy/share/rosidl_generator_c/cmake)
[1.369s] -- Found rosidl_generator_cpp: 4.6.9 (/opt/ros/jazzy/share/rosidl_generator_cpp/cmake)
[1.415s] -- Using all available rosidl_typesupport_c: rosidl_typesupport_fastrtps_c;rosidl_typesupport_introspection_c
[1.472s] -- Using all available rosidl_typesupport_cpp: rosidl_typesupport_fastrtps_cpp;rosidl_typesupport_introspection_cpp
[1.553s] -- Found geometry_msgs: 5.3.8 (/opt/ros/jazzy/share/geometry_msgs/cmake)
[1.581s] -- Found rosidl_default_generators: 1.6.1 (/opt/ros/jazzy/share/rosidl_default_generators/cmake)
[1.641s] -- Found rosidl_adapter: 4.6.9 (/opt/ros/jazzy/share/rosidl_adapter/cmake)
[3.963s] -- Found ament_cmake_ros: 0.12.1 (/opt/ros/jazzy/share/ament_cmake_ros/cmake)
[5.958s] -- Using all available rosidl_typesupport_c: rosidl_typesupport_fastrtps_c;rosidl_typesupport_introspection_c
[6.608s] -- Using all available rosidl_typesupport_cpp: rosidl_typesupport_fastrtps_cpp;rosidl_typesupport_introspection_cpp
[6.619s] -- Found python_cmake_module: 0.11.1 (/opt/ros/jazzy/share/python_cmake_module/cmake)
[7.019s] -- Found PythonExtra: /usr/bin/python3  
[8.181s] -- Found Python3: /usr/bin/python3 (found version "3.12.3") found components: Interpreter Development NumPy Development.Module Development.Embed 
[8.661s] -- Found Python3: /usr/bin/python3 (found version "3.12.3") found components: Interpreter 
[8.690s] -- Found ament_lint_auto: 0.17.5 (/opt/ros/jazzy/share/ament_lint_auto/cmake)
[8.893s] -- Added test 'copyright' to check source files copyright and LICENSE
[8.941s] -- Added test 'lint_cmake' to check CMake code style
[8.960s] -- Added test 'xmllint' to check XML markup files
[8.974s] -- Configuring done (8.9s)
[9.152s] -- Generating done (0.1s)
[9.179s] -- Build files have been written to: /home/jamiek/2026_ROS_manipulator/build/dynamixel_interfaces
[9.265s] Invoked command in '/home/jamiek/2026_ROS_manipulator/build/dynamixel_interfaces' returned '0': CMAKE_PREFIX_PATH=${CMAKE_PREFIX_PATH}:/home/jamiek/2026_ROS_manipulator/ros_ws/install/tf2_basic:/home/jamiek/2026_ROS_manipulator/ros_ws/install/ros_basic:/home/jamiek/2026_ROS_manipulator/open_manipulator_ws/install/open_manipulator_teleop:/home/jamiek/2026_ROS_manipulator/open_manipulator_ws/install/open_manipulator_bringup:/opt/ros/jazzy DEBUGINFOD_URLS=https://debuginfod.ubuntu.com /usr/bin/cmake /home/jamiek/2026_ROS_manipulator/open_manipulator_ws/src/dynamixel_interfaces -DAMENT_CMAKE_SYMLINK_INSTALL=1 -DCMAKE_INSTALL_PREFIX=/home/jamiek/2026_ROS_manipulator/install/dynamixel_interfaces
[9.267s] Invoking command in '/home/jamiek/2026_ROS_manipulator/build/dynamixel_interfaces': CMAKE_PREFIX_PATH=${CMAKE_PREFIX_PATH}:/home/jamiek/2026_ROS_manipulator/ros_ws/install/tf2_basic:/home/jamiek/2026_ROS_manipulator/ros_ws/install/ros_basic:/home/jamiek/2026_ROS_manipulator/open_manipulator_ws/install/open_manipulator_teleop:/home/jamiek/2026_ROS_manipulator/open_manipulator_ws/install/open_manipulator_bringup:/opt/ros/jazzy DEBUGINFOD_URLS=https://debuginfod.ubuntu.com /usr/bin/cmake --build /home/jamiek/2026_ROS_manipulator/build/dynamixel_interfaces -- -j16 -l16
[10.684s] [  1%] [34m[1mGenerating Rust code for ROS interfaces[0m
[10.685s] [  3%] [34m[1mGenerating type hashes for ROS interfaces[0m
[10.685s] [  3%] Built target ament_cmake_python_symlink_dynamixel_interfaces
[10.685s] running egg_info
[10.685s] creating dynamixel_interfaces.egg-info
[10.685s] writing dynamixel_interfaces.egg-info/PKG-INFO
[10.685s] writing dependency_links to dynamixel_interfaces.egg-info/dependency_links.txt
[10.685s] writing top-level names to dynamixel_interfaces.egg-info/top_level.txt
[10.685s] writing manifest file 'dynamixel_interfaces.egg-info/SOURCES.txt'
[10.685s] [  3%] Built target dynamixel_interfaces__rosidl_generator_type_description
[10.756s] [  4%] [34m[1mGenerating C code for ROS interfaces[0m
[10.837s] reading manifest file 'dynamixel_interfaces.egg-info/SOURCES.txt'
[10.838s] [  6%] [34m[1mGenerating C++ code for ROS interfaces[0m
[10.841s] writing manifest file 'dynamixel_interfaces.egg-info/SOURCES.txt'
[11.142s] [  6%] Built target ament_cmake_python_build_dynamixel_interfaces_egg
[11.407s] [  6%] Built target dynamixel_interfaces__rs
[13.453s] [  7%] [32mBuilding C object CMakeFiles/dynamixel_interfaces__rosidl_generator_c.dir/rosidl_generator_c/dynamixel_interfaces/msg/detail/dynamixel_state__functions.c.o[0m
[13.471s] [  9%] [32mBuilding C object CMakeFiles/dynamixel_interfaces__rosidl_generator_c.dir/rosidl_generator_c/dynamixel_interfaces/srv/detail/get_data_from_dxl__type_support.c.o[0m
[13.475s] [ 10%] [32mBuilding C object CMakeFiles/dynamixel_interfaces__rosidl_generator_c.dir/rosidl_generator_c/dynamixel_interfaces/srv/detail/get_data_from_dxl__functions.c.o[0m
[13.476s] [ 13%] [32mBuilding C object CMakeFiles/dynamixel_interfaces__rosidl_generator_c.dir/rosidl_generator_c/dynamixel_interfaces/msg/detail/dynamixel_state__type_support.c.o[0m
[13.482s] [ 12%] [32mBuilding C object CMakeFiles/dynamixel_interfaces__rosidl_generator_c.dir/rosidl_generator_c/dynamixel_interfaces/msg/detail/dynamixel_state__description.c.o[0m
[13.483s] [ 16%] [32mBuilding C object CMakeFiles/dynamixel_interfaces__rosidl_generator_c.dir/rosidl_generator_c/dynamixel_interfaces/srv/detail/reboot_dxl__functions.c.o[0m
[13.484s] [ 15%] [32mBuilding C object CMakeFiles/dynamixel_interfaces__rosidl_generator_c.dir/rosidl_generator_c/dynamixel_interfaces/srv/detail/reboot_dxl__description.c.o[0m
[13.485s] [ 18%] [32mBuilding C object CMakeFiles/dynamixel_interfaces__rosidl_generator_c.dir/rosidl_generator_c/dynamixel_interfaces/srv/detail/get_data_from_dxl__description.c.o[0m
[13.491s] [ 20%] [32mBuilding C object CMakeFiles/dynamixel_interfaces__rosidl_generator_c.dir/rosidl_generator_c/dynamixel_interfaces/srv/detail/set_data_to_dxl__functions.c.o[0m
[13.493s] [ 21%] [32mBuilding C object CMakeFiles/dynamixel_interfaces__rosidl_generator_c.dir/rosidl_generator_c/dynamixel_interfaces/srv/detail/reboot_dxl__type_support.c.o[0m
[13.502s] [ 23%] [32mBuilding C object CMakeFiles/dynamixel_interfaces__rosidl_generator_c.dir/rosidl_generator_c/dynamixel_interfaces/srv/detail/set_data_to_dxl__description.c.o[0m
[13.539s] [ 24%] [32mBuilding C object CMakeFiles/dynamixel_interfaces__rosidl_generator_c.dir/rosidl_generator_c/dynamixel_interfaces/srv/detail/set_data_to_dxl__type_support.c.o[0m
[14.038s] [ 26%] [32m[1mLinking C shared library libdynamixel_interfaces__rosidl_generator_c.so[0m
[14.460s] [ 26%] Built target dynamixel_interfaces__rosidl_generator_c
[14.477s] [ 26%] Built target dynamixel_interfaces__cpp
[14.527s] [ 27%] [34m[1mGenerating C type support for eProsima Fast-RTPS[0m
[14.550s] [ 29%] [34m[1mGenerating C type support dispatch for ROS interfaces[0m
[14.567s] [ 30%] [34m[1mGenerating C introspection for ROS interfaces[0m
[14.568s] [ 32%] [34m[1mGenerating C++ introspection for ROS interfaces[0m
[14.601s] [ 33%] [34m[1mGenerating C++ type support for eProsima Fast-RTPS[0m
[14.608s] [ 35%] [34m[1mGenerating C++ type support dispatch for ROS interfaces[0m
[17.378s] [ 38%] [32mBuilding CXX object CMakeFiles/dynamixel_interfaces__rosidl_typesupport_introspection_cpp.dir/rosidl_typesupport_introspection_cpp/dynamixel_interfaces/srv/detail/get_data_from_dxl__type_support.cpp.o[0m
[17.393s] [ 38%] [32mBuilding CXX object CMakeFiles/dynamixel_interfaces__rosidl_typesupport_introspection_cpp.dir/rosidl_typesupport_introspection_cpp/dynamixel_interfaces/msg/detail/dynamixel_state__type_support.cpp.o[0m
[17.400s] [ 40%] [32mBuilding CXX object CMakeFiles/dynamixel_interfaces__rosidl_typesupport_introspection_cpp.dir/rosidl_typesupport_introspection_cpp/dynamixel_interfaces/srv/detail/set_data_to_dxl__type_support.cpp.o[0m
[17.418s] [ 41%] [32mBuilding CXX object CMakeFiles/dynamixel_interfaces__rosidl_typesupport_introspection_cpp.dir/rosidl_typesupport_introspection_cpp/dynamixel_interfaces/srv/detail/reboot_dxl__type_support.cpp.o[0m
[17.917s] [ 43%] [32mBuilding CXX object CMakeFiles/dynamixel_interfaces__rosidl_typesupport_cpp.dir/rosidl_typesupport_cpp/dynamixel_interfaces/srv/get_data_from_dxl__type_support.cpp.o[0m
[17.937s] [ 44%] [32mBuilding CXX object CMakeFiles/dynamixel_interfaces__rosidl_typesupport_cpp.dir/rosidl_typesupport_cpp/dynamixel_interfaces/srv/set_data_to_dxl__type_support.cpp.o[0m
[17.947s] [ 46%] [32mBuilding CXX object CMakeFiles/dynamixel_interfaces__rosidl_typesupport_cpp.dir/rosidl_typesupport_cpp/dynamixel_interfaces/msg/dynamixel_state__type_support.cpp.o[0m
[17.959s] [ 47%] [32mBuilding CXX object CMakeFiles/dynamixel_interfaces__rosidl_typesupport_cpp.dir/rosidl_typesupport_cpp/dynamixel_interfaces/srv/reboot_dxl__type_support.cpp.o[0m
[18.054s] [ 49%] [32mBuilding CXX object CMakeFiles/dynamixel_interfaces__rosidl_typesupport_c.dir/rosidl_typesupport_c/dynamixel_interfaces/srv/reboot_dxl__type_support.cpp.o[0m
[18.063s] [ 50%] [32mBuilding CXX object CMakeFiles/dynamixel_interfaces__rosidl_typesupport_c.dir/rosidl_typesupport_c/dynamixel_interfaces/srv/get_data_from_dxl__type_support.cpp.o[0m
[18.077s] [ 52%] [32mBuilding CXX object CMakeFiles/dynamixel_interfaces__rosidl_typesupport_c.dir/rosidl_typesupport_c/dynamixel_interfaces/srv/set_data_to_dxl__type_support.cpp.o[0m
[18.087s] [ 53%] [32mBuilding CXX object CMakeFiles/dynamixel_interfaces__rosidl_typesupport_c.dir/rosidl_typesupport_c/dynamixel_interfaces/msg/dynamixel_state__type_support.cpp.o[0m
[18.187s] [ 55%] [32mBuilding C object CMakeFiles/dynamixel_interfaces__rosidl_typesupport_introspection_c.dir/rosidl_typesupport_introspection_c/dynamixel_interfaces/srv/detail/get_data_from_dxl__type_support.c.o[0m
[18.252s] [ 56%] [32mBuilding C object CMakeFiles/dynamixel_interfaces__rosidl_typesupport_introspection_c.dir/rosidl_typesupport_introspection_c/dynamixel_interfaces/msg/detail/dynamixel_state__type_support.c.o[0m
[18.331s] [ 58%] [32mBuilding C object CMakeFiles/dynamixel_interfaces__rosidl_typesupport_introspection_c.dir/rosidl_typesupport_introspection_c/dynamixel_interfaces/srv/detail/set_data_to_dxl__type_support.c.o[0m
[18.371s] [ 60%] [32mBuilding C object CMakeFiles/dynamixel_interfaces__rosidl_typesupport_introspection_c.dir/rosidl_typesupport_introspection_c/dynamixel_interfaces/srv/detail/reboot_dxl__type_support.c.o[0m
[18.483s] [ 61%] [32m[1mLinking CXX shared library libdynamixel_interfaces__rosidl_typesupport_c.so[0m
[18.846s] [ 63%] [32m[1mLinking C shared library libdynamixel_interfaces__rosidl_typesupport_introspection_c.so[0m
[18.847s] [ 61%] Built target dynamixel_interfaces__rosidl_typesupport_c
[19.171s] [ 63%] Built target dynamixel_interfaces__rosidl_typesupport_introspection_c
[19.385s] [ 64%] [32mBuilding CXX object CMakeFiles/dynamixel_interfaces__rosidl_typesupport_fastrtps_cpp.dir/rosidl_typesupport_fastrtps_cpp/dynamixel_interfaces/msg/detail/dds_fastrtps/dynamixel_state__type_support.cpp.o[0m
[19.422s] [ 67%] [32mBuilding CXX object CMakeFiles/dynamixel_interfaces__rosidl_typesupport_fastrtps_cpp.dir/rosidl_typesupport_fastrtps_cpp/dynamixel_interfaces/srv/detail/dds_fastrtps/get_data_from_dxl__type_support.cpp.o[0m
[19.423s] [ 69%] [32mBuilding CXX object CMakeFiles/dynamixel_interfaces__rosidl_typesupport_fastrtps_c.dir/rosidl_typesupport_fastrtps_c/dynamixel_interfaces/msg/detail/dynamixel_state__type_support_c.cpp.o[0m
[19.423s] [ 69%] [32mBuilding CXX object CMakeFiles/dynamixel_interfaces__rosidl_typesupport_fastrtps_cpp.dir/rosidl_typesupport_fastrtps_cpp/dynamixel_interfaces/srv/detail/dds_fastrtps/reboot_dxl__type_support.cpp.o[0m
[19.423s] [ 70%] [32mBuilding CXX object CMakeFiles/dynamixel_interfaces__rosidl_typesupport_fastrtps_cpp.dir/rosidl_typesupport_fastrtps_cpp/dynamixel_interfaces/srv/detail/dds_fastrtps/set_data_to_dxl__type_support.cpp.o[0m
[19.481s] [ 72%] [32mBuilding CXX object CMakeFiles/dynamixel_interfaces__rosidl_typesupport_fastrtps_c.dir/rosidl_typesupport_fastrtps_c/dynamixel_interfaces/srv/detail/set_data_to_dxl__type_support_c.cpp.o[0m
[19.486s] [ 73%] [32mBuilding CXX object CMakeFiles/dynamixel_interfaces__rosidl_typesupport_fastrtps_c.dir/rosidl_typesupport_fastrtps_c/dynamixel_interfaces/srv/detail/reboot_dxl__type_support_c.cpp.o[0m
[19.494s] [ 75%] [32mBuilding CXX object CMakeFiles/dynamixel_interfaces__rosidl_typesupport_fastrtps_c.dir/rosidl_typesupport_fastrtps_c/dynamixel_interfaces/srv/detail/get_data_from_dxl__type_support_c.cpp.o[0m
[21.664s] [ 76%] [32m[1mLinking CXX shared library libdynamixel_interfaces__rosidl_typesupport_introspection_cpp.so[0m
[21.739s] [ 78%] [32m[1mLinking CXX shared library libdynamixel_interfaces__rosidl_typesupport_cpp.so[0m
[22.242s] [ 78%] Built target dynamixel_interfaces__rosidl_typesupport_cpp
[22.417s] [ 78%] Built target dynamixel_interfaces__rosidl_typesupport_introspection_cpp
[24.143s] [ 80%] [32m[1mLinking CXX shared library libdynamixel_interfaces__rosidl_typesupport_fastrtps_c.so[0m
[24.781s] [ 81%] [32m[1mLinking CXX shared library libdynamixel_interfaces__rosidl_typesupport_fastrtps_cpp.so[0m
[25.020s] [ 81%] Built target dynamixel_interfaces__rosidl_typesupport_fastrtps_c
[25.351s] [ 81%] Built target dynamixel_interfaces__rosidl_typesupport_fastrtps_cpp
[25.476s] [ 81%] Built target dynamixel_interfaces
[25.586s] [ 83%] [34m[1mGenerating Python code for ROS interfaces[0m
[29.644s] [ 83%] Built target dynamixel_interfaces__py
[29.756s] [ 84%] [32mBuilding C object CMakeFiles/dynamixel_interfaces__rosidl_generator_py.dir/rosidl_generator_py/dynamixel_interfaces/msg/_dynamixel_state_s.c.o[0m
[30.436s] [ 86%] [32mBuilding C object CMakeFiles/dynamixel_interfaces__rosidl_generator_py.dir/rosidl_generator_py/dynamixel_interfaces/srv/_reboot_dxl_s.c.o[0m
[31.098s] [ 87%] [32mBuilding C object CMakeFiles/dynamixel_interfaces__rosidl_generator_py.dir/rosidl_generator_py/dynamixel_interfaces/srv/_set_data_to_dxl_s.c.o[0m
[31.750s] [ 89%] [32mBuilding C object CMakeFiles/dynamixel_interfaces__rosidl_generator_py.dir/rosidl_generator_py/dynamixel_interfaces/srv/_get_data_from_dxl_s.c.o[0m
[32.441s] [ 90%] [32m[1mLinking C shared library libdynamixel_interfaces__rosidl_generator_py.so[0m
