[0.046s] Invoking command in '/home/jamiek/2026_ROS_manipulator/open_manipulator_ws/build/open_manipulator_description': CMAKE_PREFIX_PATH=${CMAKE_PREFIX_PATH}:/home/jamiek/open_manipulator_ws/install/open_manipulator_teleop:/home/jamiek/open_manipulator_ws/install/open_manipulator_bringup:/home/jamiek/2026_ROS_manipulator/ros_ws/install/tf2_basic:/home/jamiek/2026_ROS_manipulator/ros_ws/install/ros_basic:/opt/ros/jazzy DEBUGINFOD_URLS=https://debuginfod.ubuntu.com /usr/bin/cmake /home/jamiek/2026_ROS_manipulator/open_manipulator_ws/src/open_manipulator/open_manipulator_description -DAMENT_CMAKE_SYMLINK_INSTALL=1 -DCMAKE_INSTALL_PREFIX=/home/jamiek/2026_ROS_manipulator/open_manipulator_ws/install/open_manipulator_description
[0.148s] -- The C compiler identification is GNU 13.3.0
[0.263s] -- The CXX compiler identification is GNU 13.3.0
[0.289s] -- Detecting C compiler ABI info
[0.438s] -- Detecting C compiler ABI info - done
[0.452s] -- Check for working C compiler: /usr/bin/cc - skipped
[0.452s] -- Detecting C compile features
[0.456s] -- Detecting C compile features - done
[0.466s] -- Detecting CXX compiler ABI info
[0.625s] -- Detecting CXX compiler ABI info - done
[0.639s] -- Check for working CXX compiler: /usr/bin/c++ - skipped
[0.640s] -- Detecting CXX compile features
[0.640s] -- Detecting CXX compile features - done
[0.648s] -- Found ament_cmake: 2.5.6 (/opt/ros/jazzy/share/ament_cmake/cmake)
[0.911s] -- Found Python3: /usr/bin/python3 (found version "3.12.3") found components: Interpreter 
[1.033s] -- Override CMake install command with custom implementation using symlinks instead of copying resources
[1.220s] -- Configuring done (1.2s)
[1.223s] -- Generating done (0.0s)
[1.226s] -- Build files have been written to: /home/jamiek/2026_ROS_manipulator/open_manipulator_ws/build/open_manipulator_description
[1.232s] Invoked command in '/home/jamiek/2026_ROS_manipulator/open_manipulator_ws/build/open_manipulator_description' returned '0': CMAKE_PREFIX_PATH=${CMAKE_PREFIX_PATH}:/home/jamiek/open_manipulator_ws/install/open_manipulator_teleop:/home/jamiek/open_manipulator_ws/install/open_manipulator_bringup:/home/jamiek/2026_ROS_manipulator/ros_ws/install/tf2_basic:/home/jamiek/2026_ROS_manipulator/ros_ws/install/ros_basic:/opt/ros/jazzy DEBUGINFOD_URLS=https://debuginfod.ubuntu.com /usr/bin/cmake /home/jamiek/2026_ROS_manipulator/open_manipulator_ws/src/open_manipulator/open_manipulator_description -DAMENT_CMAKE_SYMLINK_INSTALL=1 -DCMAKE_INSTALL_PREFIX=/home/jamiek/2026_ROS_manipulator/open_manipulator_ws/install/open_manipulator_description
[1.234s] Invoking command in '/home/jamiek/2026_ROS_manipulator/open_manipulator_ws/build/open_manipulator_description': CMAKE_PREFIX_PATH=${CMAKE_PREFIX_PATH}:/home/jamiek/open_manipulator_ws/install/open_manipulator_teleop:/home/jamiek/open_manipulator_ws/install/open_manipulator_bringup:/home/jamiek/2026_ROS_manipulator/ros_ws/install/tf2_basic:/home/jamiek/2026_ROS_manipulator/ros_ws/install/ros_basic:/opt/ros/jazzy DEBUGINFOD_URLS=https://debuginfod.ubuntu.com /usr/bin/cmake --build /home/jamiek/2026_ROS_manipulator/open_manipulator_ws/build/open_manipulator_description -- -j16 -l16
[1.297s] Invoked command in '/home/jamiek/2026_ROS_manipulator/open_manipulator_ws/build/open_manipulator_description' returned '0': CMAKE_PREFIX_PATH=${CMAKE_PREFIX_PATH}:/home/jamiek/open_manipulator_ws/install/open_manipulator_teleop:/home/jamiek/open_manipulator_ws/install/open_manipulator_bringup:/home/jamiek/2026_ROS_manipulator/ros_ws/install/tf2_basic:/home/jamiek/2026_ROS_manipulator/ros_ws/install/ros_basic:/opt/ros/jazzy DEBUGINFOD_URLS=https://debuginfod.ubuntu.com /usr/bin/cmake --build /home/jamiek/2026_ROS_manipulator/open_manipulator_ws/build/open_manipulator_description -- -j16 -l16
[1.316s] Invoking command in '/home/jamiek/2026_ROS_manipulator/open_manipulator_ws/build/open_manipulator_description': CMAKE_PREFIX_PATH=${CMAKE_PREFIX_PATH}:/home/jamiek/open_manipulator_ws/install/open_manipulator_teleop:/home/jamiek/open_manipulator_ws/install/open_manipulator_bringup:/home/jamiek/2026_ROS_manipulator/ros_ws/install/tf2_basic:/home/jamiek/2026_ROS_manipulator/ros_ws/install/ros_basic:/opt/ros/jazzy DEBUGINFOD_URLS=https://debuginfod.ubuntu.com /usr/bin/cmake --install /home/jamiek/2026_ROS_manipulator/open_manipulator_ws/build/open_manipulator_description
[1.331s] -- Install configuration: ""
[1.331s] -- Execute custom install script
[1.332s] -- Symlinking: /home/jamiek/2026_ROS_manipulator/open_manipulator_ws/install/open_manipulator_description/share/open_manipulator_description/launch/omx_f.launch.py
[1.349s] -- Symlinking: /home/jamiek/2026_ROS_manipulator/open_manipulator_ws/install/open_manipulator_description/share/open_manipulator_description/launch/omx_l.launch.py
[1.367s] -- Symlinking: /home/jamiek/2026_ROS_manipulator/open_manipulator_ws/install/open_manipulator_description/share/open_manipulator_description/launch/omy_3m.launch.py
[1.381s] -- Symlinking: /home/jamiek/2026_ROS_manipulator/open_manipulator_ws/install/open_manipulator_description/share/open_manipulator_description/launch/omy_f3m.launch.py
[1.396s] -- Symlinking: /home/jamiek/2026_ROS_manipulator/open_manipulator_ws/install/open_manipulator_description/share/open_manipulator_description/launch/omy_l100.launch.py
[1.414s] -- Symlinking: /home/jamiek/2026_ROS_manipulator/open_manipulator_ws/install/open_manipulator_description/share/open_manipulator_description/launch/open_manipulator_x.launch.py
[1.434s] -- Symlinking: /home/jamiek/2026_ROS_manipulator/open_manipulator_ws/install/open_manipulator_description/share/open_manipulator_description/meshes/omx_f/follower_01_base.stl
[1.447s] -- Symlinking: /home/jamiek/2026_ROS_manipulator/open_manipulator_ws/install/open_manipulator_description/share/open_manipulator_description/meshes/omx_f/follower_02_base_tilt_Revised.stl
[1.461s] -- Symlinking: /home/jamiek/2026_ROS_manipulator/open_manipulator_ws/install/open_manipulator_description/share/open_manipulator_description/meshes/omx_f/follower_03_middle_verticle.stl
[1.476s] -- Symlinking: /home/jamiek/2026_ROS_manipulator/open_manipulator_ws/install/open_manipulator_description/share/open_manipulator_description/meshes/omx_f/follower_04_middle_horizontal.stl
[1.492s] -- Symlinking: /home/jamiek/2026_ROS_manipulator/open_manipulator_ws/install/open_manipulator_description/share/open_manipulator_description/meshes/omx_f/follower_05_tip.stl
[1.507s] -- Symlinking: /home/jamiek/2026_ROS_manipulator/open_manipulator_ws/install/open_manipulator_description/share/open_manipulator_description/meshes/omx_f/follower_06_pan_Revised.stl
[1.522s] -- Symlinking: /home/jamiek/2026_ROS_manipulator/open_manipulator_ws/install/open_manipulator_description/share/open_manipulator_description/meshes/omx_f/follower_07_gripper_motorized.stl
[1.539s] -- Symlinking: /home/jamiek/2026_ROS_manipulator/open_manipulator_ws/install/open_manipulator_description/share/open_manipulator_description/meshes/omx_f/follower_08_gripper_gear.stl
[1.555s] -- Symlinking: /home/jamiek/2026_ROS_manipulator/open_manipulator_ws/install/open_manipulator_description/share/open_manipulator_description/meshes/omx_l/leader_01_base_roll.stl
[1.574s] -- Symlinking: /home/jamiek/2026_ROS_manipulator/open_manipulator_ws/install/open_manipulator_description/share/open_manipulator_description/meshes/omx_l/leader_02_base_tilt_revised.stl
[1.590s] -- Symlinking: /home/jamiek/2026_ROS_manipulator/open_manipulator_ws/install/open_manipulator_description/share/open_manipulator_description/meshes/omx_l/leader_03_middle_vertical.stl
[1.608s] -- Symlinking: /home/jamiek/2026_ROS_manipulator/open_manipulator_ws/install/open_manipulator_description/share/open_manipulator_description/meshes/omx_l/leader_04_middle_horizontal.stl
[1.626s] -- Symlinking: /home/jamiek/2026_ROS_manipulator/open_manipulator_ws/install/open_manipulator_description/share/open_manipulator_description/meshes/omx_l/leader_05_tip_roll.stl
[1.644s] -- Symlinking: /home/jamiek/2026_ROS_manipulator/open_manipulator_ws/install/open_manipulator_description/share/open_manipulator_description/meshes/omx_l/leader_06_tip_pan_revised.stl
[1.658s] -- Symlinking: /home/jamiek/2026_ROS_manipulator/open_manipulator_ws/install/open_manipulator_description/share/open_manipulator_description/meshes/omx_l/leader_07_tip_grip.stl
[1.674s] -- Symlinking: /home/jamiek/2026_ROS_manipulator/open_manipulator_ws/install/open_manipulator_description/share/open_manipulator_description/meshes/omy_3m/base_unit.stl
[1.690s] -- Symlinking: /home/jamiek/2026_ROS_manipulator/open_manipulator_ws/install/open_manipulator_description/share/open_manipulator_description/meshes/omy_3m/link1.stl
[1.714s] -- Symlinking: /home/jamiek/2026_ROS_manipulator/open_manipulator_ws/install/open_manipulator_description/share/open_manipulator_description/meshes/omy_3m/link2.stl
[1.739s] -- Symlinking: /home/jamiek/2026_ROS_manipulator/open_manipulator_ws/install/open_manipulator_description/share/open_manipulator_description/meshes/omy_3m/link3.stl
[1.764s] -- Symlinking: /home/jamiek/2026_ROS_manipulator/open_manipulator_ws/install/open_manipulator_description/share/open_manipulator_description/meshes/omy_3m/link4.stl
[1.805s] -- Symlinking: /home/jamiek/2026_ROS_manipulator/open_manipulator_ws/install/open_manipulator_description/share/open_manipulator_description/meshes/omy_3m/link5.stl
[1.854s] -- Symlinking: /home/jamiek/2026_ROS_manipulator/open_manipulator_ws/install/open_manipulator_description/share/open_manipulator_description/meshes/omy_3m/link6.stl
[1.894s] -- Symlinking: /home/jamiek/2026_ROS_manipulator/open_manipulator_ws/install/open_manipulator_description/share/open_manipulator_description/meshes/omy_f3m/base_unit.stl
[1.932s] -- Symlinking: /home/jamiek/2026_ROS_manipulator/open_manipulator_ws/install/open_manipulator_description/share/open_manipulator_description/meshes/omy_f3m/flange.stl
[1.974s] -- Symlinking: /home/jamiek/2026_ROS_manipulator/open_manipulator_ws/install/open_manipulator_description/share/open_manipulator_description/meshes/omy_f3m/link1.stl
[2.030s] -- Symlinking: /home/jamiek/2026_ROS_manipulator/open_manipulator_ws/install/open_manipulator_description/share/open_manipulator_description/meshes/omy_f3m/link2.stl
[2.094s] -- Symlinking: /home/jamiek/2026_ROS_manipulator/open_manipulator_ws/install/open_manipulator_description/share/open_manipulator_description/meshes/omy_f3m/link3.stl
[2.135s] -- Symlinking: /home/jamiek/2026_ROS_manipulator/open_manipulator_ws/install/open_manipulator_description/share/open_manipulator_description/meshes/omy_f3m/link4.stl
[2.175s] -- Symlinking: /home/jamiek/2026_ROS_manipulator/open_manipulator_ws/install/open_manipulator_description/share/open_manipulator_description/meshes/omy_f3m/link5.stl
[2.214s] -- Symlinking: /home/jamiek/2026_ROS_manipulator/open_manipulator_ws/install/open_manipulator_description/share/open_manipulator_description/meshes/omy_f3m/link6.stl
[2.256s] -- Symlinking: /home/jamiek/2026_ROS_manipulator/open_manipulator_ws/install/open_manipulator_description/share/open_manipulator_description/meshes/omy_l100/base_unit.stl
[2.304s] -- Symlinking: /home/jamiek/2026_ROS_manipulator/open_manipulator_ws/install/open_manipulator_description/share/open_manipulator_description/meshes/omy_l100/link1.stl
[2.368s] -- Symlinking: /home/jamiek/2026_ROS_manipulator/open_manipulator_ws/install/open_manipulator_description/share/open_manipulator_description/meshes/omy_l100/link2.stl
[2.420s] -- Symlinking: /home/jamiek/2026_ROS_manipulator/open_manipulator_ws/install/open_manipulator_description/share/open_manipulator_description/meshes/omy_l100/link3.stl
[2.455s] -- Symlinking: /home/jamiek/2026_ROS_manipulator/open_manipulator_ws/install/open_manipulator_description/share/open_manipulator_description/meshes/omy_l100/link4.stl
[2.503s] -- Symlinking: /home/jamiek/2026_ROS_manipulator/open_manipulator_ws/install/open_manipulator_description/share/open_manipulator_description/meshes/omy_l100/link5.stl
[2.552s] -- Symlinking: /home/jamiek/2026_ROS_manipulator/open_manipulator_ws/install/open_manipulator_description/share/open_manipulator_description/meshes/omy_l100/link6.stl
[2.579s] -- Symlinking: /home/jamiek/2026_ROS_manipulator/open_manipulator_ws/install/open_manipulator_description/share/open_manipulator_description/meshes/omy_l100/link7.stl
[2.623s] -- Symlinking: /home/jamiek/2026_ROS_manipulator/open_manipulator_ws/install/open_manipulator_description/share/open_manipulator_description/meshes/open_manipulator_x/gripper_left_palm.stl
[2.666s] -- Symlinking: /home/jamiek/2026_ROS_manipulator/open_manipulator_ws/install/open_manipulator_description/share/open_manipulator_description/meshes/open_manipulator_x/gripper_right_palm.stl
[2.691s] -- Symlinking: /home/jamiek/2026_ROS_manipulator/open_manipulator_ws/install/open_manipulator_description/share/open_manipulator_description/meshes/open_manipulator_x/link1.stl
[2.718s] -- Symlinking: /home/jamiek/2026_ROS_manipulator/open_manipulator_ws/install/open_manipulator_description/share/open_manipulator_description/meshes/open_manipulator_x/link2.stl
[2.747s] -- Symlinking: /home/jamiek/2026_ROS_manipulator/open_manipulator_ws/install/open_manipulator_description/share/open_manipulator_description/meshes/open_manipulator_x/link3.stl
[2.768s] -- Symlinking: /home/jamiek/2026_ROS_manipulator/open_manipulator_ws/install/open_manipulator_description/share/open_manipulator_description/meshes/open_manipulator_x/link4.stl
[2.787s] -- Symlinking: /home/jamiek/2026_ROS_manipulator/open_manipulator_ws/install/open_manipulator_description/share/open_manipulator_description/meshes/open_manipulator_x/link5.stl
[2.812s] -- Symlinking: /home/jamiek/2026_ROS_manipulator/open_manipulator_ws/install/open_manipulator_description/share/open_manipulator_description/meshes/open_manipulator_x/plate.stl
[2.836s] -- Symlinking: /home/jamiek/2026_ROS_manipulator/open_manipulator_ws/install/open_manipulator_description/share/open_manipulator_description/meshes/rh_p12_rn_a/base.stl
[2.861s] -- Symlinking: /home/jamiek/2026_ROS_manipulator/open_manipulator_ws/install/open_manipulator_description/share/open_manipulator_description/meshes/rh_p12_rn_a/l1.stl
[2.883s] -- Symlinking: /home/jamiek/2026_ROS_manipulator/open_manipulator_ws/install/open_manipulator_description/share/open_manipulator_description/meshes/rh_p12_rn_a/l2.stl
[2.902s] -- Symlinking: /home/jamiek/2026_ROS_manipulator/open_manipulator_ws/install/open_manipulator_description/share/open_manipulator_description/meshes/rh_p12_rn_a/r1.stl
[2.923s] -- Symlinking: /home/jamiek/2026_ROS_manipulator/open_manipulator_ws/install/open_manipulator_description/share/open_manipulator_description/meshes/rh_p12_rn_a/r2.stl
[2.952s] -- Symlinking: /home/jamiek/2026_ROS_manipulator/open_manipulator_ws/install/open_manipulator_description/share/open_manipulator_description/rviz/open_manipulator.rviz
[2.981s] -- Symlinking: /home/jamiek/2026_ROS_manipulator/open_manipulator_ws/install/open_manipulator_description/share/open_manipulator_description/urdf/omx_f/omx_f.urdf
[3.013s] -- Symlinking: /home/jamiek/2026_ROS_manipulator/open_manipulator_ws/install/open_manipulator_description/share/open_manipulator_description/urdf/omx_f/omx_f.urdf.xacro
[3.036s] -- Symlinking: /home/jamiek/2026_ROS_manipulator/open_manipulator_ws/install/open_manipulator_description/share/open_manipulator_description/urdf/omx_f/omx_f_arm.urdf.xacro
[3.053s] -- Symlinking: /home/jamiek/2026_ROS_manipulator/open_manipulator_ws/install/open_manipulator_description/share/open_manipulator_description/urdf/omx_l/omx_l.urdf
[3.073s] -- Symlinking: /home/jamiek/2026_ROS_manipulator/open_manipulator_ws/install/open_manipulator_description/share/open_manipulator_description/urdf/omx_l/omx_l.urdf.xacro
[3.093s] -- Symlinking: /home/jamiek/2026_ROS_manipulator/open_manipulator_ws/install/open_manipulator_description/share/open_manipulator_description/urdf/omx_l/omx_l_arm.urdf.xacro
[3.117s] -- Symlinking: /home/jamiek/2026_ROS_manipulator/open_manipulator_ws/install/open_manipulator_description/share/open_manipulator_description/urdf/omy_3m/omy_3m.urdf
[3.133s] -- Symlinking: /home/jamiek/2026_ROS_manipulator/open_manipulator_ws/install/open_manipulator_description/share/open_manipulator_description/urdf/omy_3m/omy_3m.urdf.xacro
[3.154s] -- Symlinking: /home/jamiek/2026_ROS_manipulator/open_manipulator_ws/install/open_manipulator_description/share/open_manipulator_description/urdf/omy_3m/omy_3m_arm.urdf.xacro
[3.176s] -- Symlinking: /home/jamiek/2026_ROS_manipulator/open_manipulator_ws/install/open_manipulator_description/share/open_manipulator_description/urdf/omy_f3m/omy_f3m.urdf
[3.198s] -- Symlinking: /home/jamiek/2026_ROS_manipulator/open_manipulator_ws/install/open_manipulator_description/share/open_manipulator_description/urdf/omy_f3m/omy_f3m.urdf.xacro
[3.222s] -- Symlinking: /home/jamiek/2026_ROS_manipulator/open_manipulator_ws/install/open_manipulator_description/share/open_manipulator_description/urdf/omy_f3m/omy_f3m_arm.urdf.xacro
[3.248s] -- Symlinking: /home/jamiek/2026_ROS_manipulator/open_manipulator_ws/install/open_manipulator_description/share/open_manipulator_description/urdf/omy_f3m/rh_p12_rn_a.urdf.xacro
[3.271s] -- Symlinking: /home/jamiek/2026_ROS_manipulator/open_manipulator_ws/install/open_manipulator_description/share/open_manipulator_description/urdf/omy_l100/omy_l100.urdf
[3.309s] -- Symlinking: /home/jamiek/2026_ROS_manipulator/open_manipulator_ws/install/open_manipulator_description/share/open_manipulator_description/urdf/omy_l100/omy_l100.urdf.xacro
[3.335s] -- Symlinking: /home/jamiek/2026_ROS_manipulator/open_manipulator_ws/install/open_manipulator_description/share/open_manipulator_description/urdf/omy_l100/omy_l100_arm.urdf.xacro
[3.360s] -- Symlinking: /home/jamiek/2026_ROS_manipulator/open_manipulator_ws/install/open_manipulator_description/share/open_manipulator_description/urdf/open_manipulator_x/open_manipulator_x.urdf
[3.381s] -- Symlinking: /home/jamiek/2026_ROS_manipulator/open_manipulator_ws/install/open_manipulator_description/share/open_manipulator_description/urdf/open_manipulator_x/open_manipulator_x.urdf.xacro
[3.415s] -- Symlinking: /home/jamiek/2026_ROS_manipulator/open_manipulator_ws/install/open_manipulator_description/share/open_manipulator_description/urdf/open_manipulator_x/open_manipulator_x_arm.urdf.xacro
[3.446s] -- Symlinking: /home/jamiek/2026_ROS_manipulator/open_manipulator_ws/install/open_manipulator_description/share/open_manipulator_description/gazebo/omx_f.gazebo.xacro
[3.467s] -- Symlinking: /home/jamiek/2026_ROS_manipulator/open_manipulator_ws/install/open_manipulator_description/share/open_manipulator_description/gazebo/omx_l.gazebo.xacro
[3.485s] -- Symlinking: /home/jamiek/2026_ROS_manipulator/open_manipulator_ws/install/open_manipulator_description/share/open_manipulator_description/gazebo/omy_3m.gazebo.xacro
[3.504s] -- Symlinking: /home/jamiek/2026_ROS_manipulator/open_manipulator_ws/install/open_manipulator_description/share/open_manipulator_description/gazebo/omy_f3m.gazebo.xacro
[3.526s] -- Symlinking: /home/jamiek/2026_ROS_manipulator/open_manipulator_ws/install/open_manipulator_description/share/open_manipulator_description/gazebo/omy_l100.gazebo.xacro
[3.564s] -- Symlinking: /home/jamiek/2026_ROS_manipulator/open_manipulator_ws/install/open_manipulator_description/share/open_manipulator_description/gazebo/open_manipulator_x.gazebo.xacro
[3.591s] -- Symlinking: /home/jamiek/2026_ROS_manipulator/open_manipulator_ws/install/open_manipulator_description/share/open_manipulator_description/gazebo/rh_p12_rn_a.gazebo.xacro
[3.614s] -- Symlinking: /home/jamiek/2026_ROS_manipulator/open_manipulator_ws/install/open_manipulator_description/share/open_manipulator_description/ros2_control/omx_f.ros2_control.xacro
[3.636s] -- Symlinking: /home/jamiek/2026_ROS_manipulator/open_manipulator_ws/install/open_manipulator_description/share/open_manipulator_description/ros2_control/omx_l.ros2_control.xacro
[3.659s] -- Symlinking: /home/jamiek/2026_ROS_manipulator/open_manipulator_ws/install/open_manipulator_description/share/open_manipulator_description/ros2_control/omy_3m_end_unit.ros2_control.xacro
[3.689s] -- Symlinking: /home/jamiek/2026_ROS_manipulator/open_manipulator_ws/install/open_manipulator_description/share/open_manipulator_description/ros2_control/omy_3m_position.ros2_control.xacro
[3.714s] -- Symlinking: /home/jamiek/2026_ROS_manipulator/open_manipulator_ws/install/open_manipulator_description/share/open_manipulator_description/ros2_control/omy_f3m_current.ros2_control.xacro
[3.740s] -- Symlinking: /home/jamiek/2026_ROS_manipulator/open_manipulator_ws/install/open_manipulator_description/share/open_manipulator_description/ros2_control/omy_f3m_end_unit.ros2_control.xacro
[3.763s] -- Symlinking: /home/jamiek/2026_ROS_manipulator/open_manipulator_ws/install/open_manipulator_description/share/open_manipulator_description/ros2_control/omy_f3m_position.ros2_control.xacro
[3.787s] -- Symlinking: /home/jamiek/2026_ROS_manipulator/open_manipulator_ws/install/open_manipulator_description/share/open_manipulator_description/ros2_control/omy_f3m_smooth.ros2_control.xacro
[3.810s] -- Symlinking: /home/jamiek/2026_ROS_manipulator/open_manipulator_ws/install/open_manipulator_description/share/open_manipulator_description/ros2_control/omy_l100_current.ros2_control.xacro
[3.830s] -- Symlinking: /home/jamiek/2026_ROS_manipulator/open_manipulator_ws/install/open_manipulator_description/share/open_manipulator_description/ros2_control/omy_l100_position.ros2_control.xacro
[3.851s] -- Symlinking: /home/jamiek/2026_ROS_manipulator/open_manipulator_ws/install/open_manipulator_description/share/open_manipulator_description/ros2_control/open_manipulator_x_position.ros2_control.xacro
[3.878s] -- Symlinking: /home/jamiek/2026_ROS_manipulator/open_manipulator_ws/install/open_manipulator_description/share/ament_index/resource_index/package_run_dependencies/open_manipulator_description
[3.894s] -- Symlinking: /home/jamiek/2026_ROS_manipulator/open_manipulator_ws/install/open_manipulator_description/share/ament_index/resource_index/parent_prefix_path/open_manipulator_description
[3.914s] -- Symlinking: /home/jamiek/2026_ROS_manipulator/open_manipulator_ws/install/open_manipulator_description/share/open_manipulator_description/environment/ament_prefix_path.sh
[3.935s] -- Symlinking: /home/jamiek/2026_ROS_manipulator/open_manipulator_ws/install/open_manipulator_description/share/open_manipulator_description/environment/ament_prefix_path.dsv
[3.956s] -- Symlinking: /home/jamiek/2026_ROS_manipulator/open_manipulator_ws/install/open_manipulator_description/share/open_manipulator_description/environment/path.sh
[3.972s] -- Symlinking: /home/jamiek/2026_ROS_manipulator/open_manipulator_ws/install/open_manipulator_description/share/open_manipulator_description/environment/path.dsv
[3.990s] -- Symlinking: /home/jamiek/2026_ROS_manipulator/open_manipulator_ws/install/open_manipulator_description/share/open_manipulator_description/local_setup.bash
[4.005s] -- Symlinking: /home/jamiek/2026_ROS_manipulator/open_manipulator_ws/install/open_manipulator_description/share/open_manipulator_description/local_setup.sh
[4.024s] -- Symlinking: /home/jamiek/2026_ROS_manipulator/open_manipulator_ws/install/open_manipulator_description/share/open_manipulator_description/local_setup.zsh
[4.040s] -- Symlinking: /home/jamiek/2026_ROS_manipulator/open_manipulator_ws/install/open_manipulator_description/share/open_manipulator_description/local_setup.dsv
[4.060s] -- Symlinking: /home/jamiek/2026_ROS_manipulator/open_manipulator_ws/install/open_manipulator_description/share/open_manipulator_description/package.dsv
[4.077s] -- Symlinking: /home/jamiek/2026_ROS_manipulator/open_manipulator_ws/install/open_manipulator_description/share/ament_index/resource_index/packages/open_manipulator_description
[4.097s] -- Symlinking: /home/jamiek/2026_ROS_manipulator/open_manipulator_ws/install/open_manipulator_description/share/open_manipulator_description/cmake/open_manipulator_descriptionConfig.cmake
[4.114s] -- Symlinking: /home/jamiek/2026_ROS_manipulator/open_manipulator_ws/install/open_manipulator_description/share/open_manipulator_description/cmake/open_manipulator_descriptionConfig-version.cmake
[4.130s] -- Symlinking: /home/jamiek/2026_ROS_manipulator/open_manipulator_ws/install/open_manipulator_description/share/open_manipulator_description/package.xml
[4.156s] Invoked command in '/home/jamiek/2026_ROS_manipulator/open_manipulator_ws/build/open_manipulator_description' returned '0': CMAKE_PREFIX_PATH=${CMAKE_PREFIX_PATH}:/home/jamiek/open_manipulator_ws/install/open_manipulator_teleop:/home/jamiek/open_manipulator_ws/install/open_manipulator_bringup:/home/jamiek/2026_ROS_manipulator/ros_ws/install/tf2_basic:/home/jamiek/2026_ROS_manipulator/ros_ws/install/ros_basic:/opt/ros/jazzy DEBUGINFOD_URLS=https://debuginfod.ubuntu.com /usr/bin/cmake --install /home/jamiek/2026_ROS_manipulator/open_manipulator_ws/build/open_manipulator_description
