[0.105s] Invoking command in '/home/jamiek/2026_ROS_manipulator/open_manipulator_ws/build/dynamixel_sdk_examples': AMENT_PREFIX_PATH=/home/jamiek/2026_ROS_manipulator/open_manipulator_ws/install/dynamixel_sdk_custom_interfaces:/home/jamiek/2026_ROS_manipulator/open_manipulator_ws/install/dynamixel_sdk:${AMENT_PREFIX_PATH} CMAKE_PREFIX_PATH=/home/jamiek/2026_ROS_manipulator/open_manipulator_ws/install/dynamixel_sdk_custom_interfaces:/home/jamiek/2026_ROS_manipulator/open_manipulator_ws/install/dynamixel_sdk:/home/jamiek/open_manipulator_ws/install/open_manipulator:/home/jamiek/open_manipulator_ws/install/open_manipulator_playground:/home/jamiek/open_manipulator_ws/install/robotis_interfaces:/home/jamiek/open_manipulator_ws/install/open_manipulator_moveit_config:/home/jamiek/open_manipulator_ws/install/open_manipulator_gui:/home/jamiek/open_manipulator_ws/install/open_manipulator_description:/home/jamiek/open_manipulator_ws/install/open_manipulator_collision:/home/jamiek/open_manipulator_ws/install/om_spring_actuator_controller:/home/jamiek/open_manipulator_ws/install/om_joint_trajectory_command_broadcaster:/home/jamiek/open_manipulator_ws/install/om_gravity_compensation_controller:/home/jamiek/open_manipulator_ws/install/dynamixel_sdk_examples:/home/jamiek/open_manipulator_ws/install/dynamixel_sdk_custom_interfaces:/home/jamiek/open_manipulator_ws/install/dynamixel_hardware_interface:/home/jamiek/open_manipulator_ws/install/dynamixel_sdk:/home/jamiek/open_manipulator_ws/install/dynamixel_interfaces:/home/jamiek/2026_ROS_manipulator/ros_ws/install/user_interface:/opt/ros/jazzy/opt/gz_sim_vendor:/opt/ros/jazzy/opt/gz_sensors_vendor:/opt/ros/jazzy/opt/gz_physics_vendor:/opt/ros/jazzy/opt/sdformat_vendor:/opt/ros/jazzy/opt/gz_gui_vendor:/opt/ros/jazzy/opt/gz_transport_vendor:/opt/ros/jazzy/opt/gz_rendering_vendor:/opt/ros/jazzy/opt/gz_plugin_vendor:/opt/ros/jazzy/opt/gz_fuel_tools_vendor:/opt/ros/jazzy/opt/gz_msgs_vendor:/opt/ros/jazzy/opt/gz_common_vendor:/opt/ros/jazzy/opt/gz_math_vendor:/opt/ros/jazzy/opt/gz_utils_vendor:/opt/ros/jazzy/opt/gz_tools_vendor:/opt/ros/jazzy/opt/gz_ogre_next_vendor:/opt/ros/jazzy/opt/gz_dartsim_vendor:/opt/ros/jazzy/opt/gz_cmake_vendor:/home/jamiek/open_manipulator_ws/install/open_manipulator_teleop:/home/jamiek/open_manipulator_ws/install/open_manipulator_bringup:/home/jamiek/2026_ROS_manipulator/ros_ws/install/tf2_basic:/home/jamiek/2026_ROS_manipulator/ros_ws/install/ros_basic:/opt/ros/jazzy DEBUGINFOD_URLS=https://debuginfod.ubuntu.com LD_LIBRARY_PATH=/home/jamiek/2026_ROS_manipulator/open_manipulator_ws/install/dynamixel_sdk_custom_interfaces/lib:/home/jamiek/2026_ROS_manipulator/open_manipulator_ws/install/dynamixel_sdk/lib:${LD_LIBRARY_PATH} PYTHONPATH=/home/jamiek/2026_ROS_manipulator/open_manipulator_ws/install/dynamixel_sdk_custom_interfaces/lib/python3.12/site-packages:/home/jamiek/2026_ROS_manipulator/open_manipulator_ws/install/dynamixel_sdk/lib/python3.12/site-packages:${PYTHONPATH} /usr/bin/cmake /home/jamiek/2026_ROS_manipulator/open_manipulator_ws/src/DynamixelSDK/ros/dynamixel_sdk_examples -DAMENT_CMAKE_SYMLINK_INSTALL=1 -DCMAKE_INSTALL_PREFIX=/home/jamiek/2026_ROS_manipulator/open_manipulator_ws/install/dynamixel_sdk_examples
[0.418s] -- The C compiler identification is GNU 13.3.0
[0.678s] -- The CXX compiler identification is GNU 13.3.0
[0.779s] -- Detecting C compiler ABI info
[1.291s] -- Detecting C compiler ABI info - done
[1.324s] -- Check for working C compiler: /usr/bin/cc - skipped
[1.325s] -- Detecting C compile features
[1.327s] -- Detecting C compile features - done
[1.376s] -- Detecting CXX compiler ABI info
[77.431s] -- Detecting CXX compiler ABI info - done
[77.485s] -- Check for working CXX compiler: /usr/bin/c++ - skipped
[77.492s] -- Detecting CXX compile features
[77.494s] -- Detecting CXX compile features - done
[77.597s] -- Found ament_cmake: 2.5.6 (/opt/ros/jazzy/share/ament_cmake/cmake)
[78.460s] -- Found Python3: /usr/bin/python3 (found version "3.12.3") found components: Interpreter 
[78.908s] -- Override CMake install command with custom implementation using symlinks instead of copying resources
[79.175s] -- Found dynamixel_sdk: 4.0.5 (/home/jamiek/2026_ROS_manipulator/open_manipulator_ws/install/dynamixel_sdk/share/dynamixel_sdk/cmake)
[79.186s] -- Found dynamixel_sdk_custom_interfaces: 4.0.5 (/home/jamiek/2026_ROS_manipulator/open_manipulator_ws/install/dynamixel_sdk_custom_interfaces/share/dynamixel_sdk_custom_interfaces/cmake)
[79.451s] -- Found rosidl_generator_c: 4.6.9 (/opt/ros/jazzy/share/rosidl_generator_c/cmake)
[79.534s] -- Found rosidl_generator_cpp: 4.6.9 (/opt/ros/jazzy/share/rosidl_generator_cpp/cmake)
[79.629s] -- Using all available rosidl_typesupport_c: rosidl_typesupport_fastrtps_c;rosidl_typesupport_introspection_c
[79.759s] -- Using all available rosidl_typesupport_cpp: rosidl_typesupport_fastrtps_cpp;rosidl_typesupport_introspection_cpp
[79.980s] -- Found rclcpp: 28.1.21 (/opt/ros/jazzy/share/rclcpp/cmake)
[80.326s] -- Found rmw_implementation_cmake: 7.3.3 (/opt/ros/jazzy/share/rmw_implementation_cmake/cmake)
[80.338s] -- Found rmw_fastrtps_cpp: 8.4.4 (/opt/ros/jazzy/share/rmw_fastrtps_cpp/cmake)
[80.710s] -- Found OpenSSL: /usr/lib/x86_64-linux-gnu/libcrypto.so (found version "3.0.13")  
[80.802s] -- Found FastRTPS: /opt/ros/jazzy/include (Required is at least version "2.13") 
[80.900s] -- Using RMW implementation 'rmw_fastrtps_cpp' as default
[99.666s] -- Found rclpy: 7.1.11 (/opt/ros/jazzy/share/rclpy/cmake)
[99.676s] -- Found ament_lint_auto: 0.17.5 (/opt/ros/jazzy/share/ament_lint_auto/cmake)
[103.241s] -- Added test 'copyright' to check source files copyright and LICENSE
[103.767s] -- Added test 'cppcheck' to perform static code analysis on C / C++ code
[103.902s] -- Configured cppcheck include dirs: /home/jamiek/2026_ROS_manipulator/open_manipulator_ws/src/DynamixelSDK/ros/dynamixel_sdk_examples/include
[103.903s] -- Configured cppcheck exclude dirs and/or files: 
[104.106s] -- Added test 'cpplint' to check C / C++ code against the Google style
[104.106s] -- Configured cpplint exclude dirs and/or files: 
[104.121s] -- Added test 'flake8' to check Python code syntax and style conventions
[104.121s] -- Configured 'flake8' exclude dirs and/or files: 
[104.124s] -- Added test 'lint_cmake' to check CMake code style
[104.128s] -- Added test 'pep257' to check Python code against some of the docstring style conventions in PEP 257
[104.134s] -- Added test 'uncrustify' to check C / C++ code style
[104.134s] -- Configured uncrustify additional arguments: 
[104.138s] -- Added test 'xmllint' to check XML markup files
[104.157s] -- Configuring done (104.0s)
[104.563s] -- Generating done (0.0s)
[104.569s] -- Build files have been written to: /home/jamiek/2026_ROS_manipulator/open_manipulator_ws/build/dynamixel_sdk_examples
[104.706s] Invoked command in '/home/jamiek/2026_ROS_manipulator/open_manipulator_ws/build/dynamixel_sdk_examples' returned '0': AMENT_PREFIX_PATH=/home/jamiek/2026_ROS_manipulator/open_manipulator_ws/install/dynamixel_sdk_custom_interfaces:/home/jamiek/2026_ROS_manipulator/open_manipulator_ws/install/dynamixel_sdk:${AMENT_PREFIX_PATH} CMAKE_PREFIX_PATH=/home/jamiek/2026_ROS_manipulator/open_manipulator_ws/install/dynamixel_sdk_custom_interfaces:/home/jamiek/2026_ROS_manipulator/open_manipulator_ws/install/dynamixel_sdk:/home/jamiek/open_manipulator_ws/install/open_manipulator:/home/jamiek/open_manipulator_ws/install/open_manipulator_playground:/home/jamiek/open_manipulator_ws/install/robotis_interfaces:/home/jamiek/open_manipulator_ws/install/open_manipulator_moveit_config:/home/jamiek/open_manipulator_ws/install/open_manipulator_gui:/home/jamiek/open_manipulator_ws/install/open_manipulator_description:/home/jamiek/open_manipulator_ws/install/open_manipulator_collision:/home/jamiek/open_manipulator_ws/install/om_spring_actuator_controller:/home/jamiek/open_manipulator_ws/install/om_joint_trajectory_command_broadcaster:/home/jamiek/open_manipulator_ws/install/om_gravity_compensation_controller:/home/jamiek/open_manipulator_ws/install/dynamixel_sdk_examples:/home/jamiek/open_manipulator_ws/install/dynamixel_sdk_custom_interfaces:/home/jamiek/open_manipulator_ws/install/dynamixel_hardware_interface:/home/jamiek/open_manipulator_ws/install/dynamixel_sdk:/home/jamiek/open_manipulator_ws/install/dynamixel_interfaces:/home/jamiek/2026_ROS_manipulator/ros_ws/install/user_interface:/opt/ros/jazzy/opt/gz_sim_vendor:/opt/ros/jazzy/opt/gz_sensors_vendor:/opt/ros/jazzy/opt/gz_physics_vendor:/opt/ros/jazzy/opt/sdformat_vendor:/opt/ros/jazzy/opt/gz_gui_vendor:/opt/ros/jazzy/opt/gz_transport_vendor:/opt/ros/jazzy/opt/gz_rendering_vendor:/opt/ros/jazzy/opt/gz_plugin_vendor:/opt/ros/jazzy/opt/gz_fuel_tools_vendor:/opt/ros/jazzy/opt/gz_msgs_vendor:/opt/ros/jazzy/opt/gz_common_vendor:/opt/ros/jazzy/opt/gz_math_vendor:/opt/ros/jazzy/opt/gz_utils_vendor:/opt/ros/jazzy/opt/gz_tools_vendor:/opt/ros/jazzy/opt/gz_ogre_next_vendor:/opt/ros/jazzy/opt/gz_dartsim_vendor:/opt/ros/jazzy/opt/gz_cmake_vendor:/home/jamiek/open_manipulator_ws/install/open_manipulator_teleop:/home/jamiek/open_manipulator_ws/install/open_manipulator_bringup:/home/jamiek/2026_ROS_manipulator/ros_ws/install/tf2_basic:/home/jamiek/2026_ROS_manipulator/ros_ws/install/ros_basic:/opt/ros/jazzy DEBUGINFOD_URLS=https://debuginfod.ubuntu.com LD_LIBRARY_PATH=/home/jamiek/2026_ROS_manipulator/open_manipulator_ws/install/dynamixel_sdk_custom_interfaces/lib:/home/jamiek/2026_ROS_manipulator/open_manipulator_ws/install/dynamixel_sdk/lib:${LD_LIBRARY_PATH} PYTHONPATH=/home/jamiek/2026_ROS_manipulator/open_manipulator_ws/install/dynamixel_sdk_custom_interfaces/lib/python3.12/site-packages:/home/jamiek/2026_ROS_manipulator/open_manipulator_ws/install/dynamixel_sdk/lib/python3.12/site-packages:${PYTHONPATH} /usr/bin/cmake /home/jamiek/2026_ROS_manipulator/open_manipulator_ws/src/DynamixelSDK/ros/dynamixel_sdk_examples -DAMENT_CMAKE_SYMLINK_INSTALL=1 -DCMAKE_INSTALL_PREFIX=/home/jamiek/2026_ROS_manipulator/open_manipulator_ws/install/dynamixel_sdk_examples
[104.710s] Invoking command in '/home/jamiek/2026_ROS_manipulator/open_manipulator_ws/build/dynamixel_sdk_examples': AMENT_PREFIX_PATH=/home/jamiek/2026_ROS_manipulator/open_manipulator_ws/install/dynamixel_sdk_custom_interfaces:/home/jamiek/2026_ROS_manipulator/open_manipulator_ws/install/dynamixel_sdk:${AMENT_PREFIX_PATH} CMAKE_PREFIX_PATH=/home/jamiek/2026_ROS_manipulator/open_manipulator_ws/install/dynamixel_sdk_custom_interfaces:/home/jamiek/2026_ROS_manipulator/open_manipulator_ws/install/dynamixel_sdk:/home/jamiek/open_manipulator_ws/install/open_manipulator:/home/jamiek/open_manipulator_ws/install/open_manipulator_playground:/home/jamiek/open_manipulator_ws/install/robotis_interfaces:/home/jamiek/open_manipulator_ws/install/open_manipulator_moveit_config:/home/jamiek/open_manipulator_ws/install/open_manipulator_gui:/home/jamiek/open_manipulator_ws/install/open_manipulator_description:/home/jamiek/open_manipulator_ws/install/open_manipulator_collision:/home/jamiek/open_manipulator_ws/install/om_spring_actuator_controller:/home/jamiek/open_manipulator_ws/install/om_joint_trajectory_command_broadcaster:/home/jamiek/open_manipulator_ws/install/om_gravity_compensation_controller:/home/jamiek/open_manipulator_ws/install/dynamixel_sdk_examples:/home/jamiek/open_manipulator_ws/install/dynamixel_sdk_custom_interfaces:/home/jamiek/open_manipulator_ws/install/dynamixel_hardware_interface:/home/jamiek/open_manipulator_ws/install/dynamixel_sdk:/home/jamiek/open_manipulator_ws/install/dynamixel_interfaces:/home/jamiek/2026_ROS_manipulator/ros_ws/install/user_interface:/opt/ros/jazzy/opt/gz_sim_vendor:/opt/ros/jazzy/opt/gz_sensors_vendor:/opt/ros/jazzy/opt/gz_physics_vendor:/opt/ros/jazzy/opt/sdformat_vendor:/opt/ros/jazzy/opt/gz_gui_vendor:/opt/ros/jazzy/opt/gz_transport_vendor:/opt/ros/jazzy/opt/gz_rendering_vendor:/opt/ros/jazzy/opt/gz_plugin_vendor:/opt/ros/jazzy/opt/gz_fuel_tools_vendor:/opt/ros/jazzy/opt/gz_msgs_vendor:/opt/ros/jazzy/opt/gz_common_vendor:/opt/ros/jazzy/opt/gz_math_vendor:/opt/ros/jazzy/opt/gz_utils_vendor:/opt/ros/jazzy/opt/gz_tools_vendor:/opt/ros/jazzy/opt/gz_ogre_next_vendor:/opt/ros/jazzy/opt/gz_dartsim_vendor:/opt/ros/jazzy/opt/gz_cmake_vendor:/home/jamiek/open_manipulator_ws/install/open_manipulator_teleop:/home/jamiek/open_manipulator_ws/install/open_manipulator_bringup:/home/jamiek/2026_ROS_manipulator/ros_ws/install/tf2_basic:/home/jamiek/2026_ROS_manipulator/ros_ws/install/ros_basic:/opt/ros/jazzy DEBUGINFOD_URLS=https://debuginfod.ubuntu.com LD_LIBRARY_PATH=/home/jamiek/2026_ROS_manipulator/open_manipulator_ws/install/dynamixel_sdk_custom_interfaces/lib:/home/jamiek/2026_ROS_manipulator/open_manipulator_ws/install/dynamixel_sdk/lib:${LD_LIBRARY_PATH} PYTHONPATH=/home/jamiek/2026_ROS_manipulator/open_manipulator_ws/install/dynamixel_sdk_custom_interfaces/lib/python3.12/site-packages:/home/jamiek/2026_ROS_manipulator/open_manipulator_ws/install/dynamixel_sdk/lib/python3.12/site-packages:${PYTHONPATH} /usr/bin/cmake --build /home/jamiek/2026_ROS_manipulator/open_manipulator_ws/build/dynamixel_sdk_examples -- -j16 -l16
[105.155s] [ 50%] [32mBuilding CXX object CMakeFiles/read_write_node.dir/src/read_write_node.cpp.o[0m
