[0.060s] Invoking command in '/home/jamiek/2026_ROS_manipulator/build/open_manipulator_gui': CMAKE_PREFIX_PATH=${CMAKE_PREFIX_PATH}:/home/jamiek/2026_ROS_manipulator/ros_ws/install/tf2_basic:/home/jamiek/2026_ROS_manipulator/ros_ws/install/ros_basic:/home/jamiek/2026_ROS_manipulator/open_manipulator_ws/install/open_manipulator_teleop:/home/jamiek/2026_ROS_manipulator/open_manipulator_ws/install/open_manipulator_bringup:/opt/ros/jazzy DEBUGINFOD_URLS=https://debuginfod.ubuntu.com /usr/bin/cmake /home/jamiek/2026_ROS_manipulator/open_manipulator_ws/src/open_manipulator/open_manipulator_gui -DAMENT_CMAKE_SYMLINK_INSTALL=1 -DCMAKE_INSTALL_PREFIX=/home/jamiek/2026_ROS_manipulator/install/open_manipulator_gui
[1.086s] -- The C compiler identification is GNU 13.3.0
[1.086s] -- The CXX compiler identification is GNU 13.3.0
[1.086s] -- Detecting C compiler ABI info
[1.086s] -- Detecting C compiler ABI info - done
[1.086s] -- Check for working C compiler: /usr/bin/cc - skipped
[1.086s] -- Detecting C compile features
[1.086s] -- Detecting C compile features - done
[1.086s] -- Detecting CXX compiler ABI info
[1.086s] -- Detecting CXX compiler ABI info - done
[1.086s] -- Check for working CXX compiler: /usr/bin/c++ - skipped
[1.087s] -- Detecting CXX compile features
[1.087s] -- Detecting CXX compile features - done
[1.087s] -- Found ament_cmake: 2.5.6 (/opt/ros/jazzy/share/ament_cmake/cmake)
[1.087s] -- Found Python3: /usr/bin/python3 (found version "3.12.3") found components: Interpreter 
[1.087s] -- Override CMake install command with custom implementation using symlinks instead of copying resources
[1.188s] -- Found geometry_msgs: 5.3.8 (/opt/ros/jazzy/share/geometry_msgs/cmake)
[1.313s] -- Found rosidl_generator_c: 4.6.9 (/opt/ros/jazzy/share/rosidl_generator_c/cmake)
[1.354s] -- Found rosidl_generator_cpp: 4.6.9 (/opt/ros/jazzy/share/rosidl_generator_cpp/cmake)
[1.402s] -- Using all available rosidl_typesupport_c: rosidl_typesupport_fastrtps_c;rosidl_typesupport_introspection_c
[1.455s] -- Using all available rosidl_typesupport_cpp: rosidl_typesupport_fastrtps_cpp;rosidl_typesupport_introspection_cpp
[1.559s] -- Found rclcpp: 28.1.21 (/opt/ros/jazzy/share/rclcpp/cmake)
[1.719s] -- Found rmw_implementation_cmake: 7.3.3 (/opt/ros/jazzy/share/rmw_implementation_cmake/cmake)
[1.735s] -- Found rmw_fastrtps_cpp: 8.4.4 (/opt/ros/jazzy/share/rmw_fastrtps_cpp/cmake)
[1.984s] -- Found OpenSSL: /usr/lib/x86_64-linux-gnu/libcrypto.so (found version "3.0.13")  
[2.133s] -- Found FastRTPS: /opt/ros/jazzy/include (Required is at least version "2.13") 
[2.323s] -- Using RMW implementation 'rmw_fastrtps_cpp' as default
[2.846s] -- Found sensor_msgs: 5.3.8 (/opt/ros/jazzy/share/sensor_msgs/cmake)
[2.968s] -- Found moveit_msgs: 2.6.0 (/opt/ros/jazzy/share/moveit_msgs/cmake)
[3.586s] -- Found moveit_ros_planning: 2.12.4 (/opt/ros/jazzy/share/moveit_ros_planning/cmake)
[4.009s] -- Found Boost: /usr/lib/x86_64-linux-gnu/cmake/Boost-1.83.0/BoostConfig.cmake (found version "1.83.0") found components: system filesystem date_time program_options thread chrono 
[4.096s] -- Found parameter_traits: 0.7.3 (/opt/ros/jazzy/share/parameter_traits/cmake)
[4.153s] [0mCMake Deprecation Warning at /opt/ros/jazzy/share/tl_expected/cmake/tl_expectedConfig.cmake:37 (message):
[4.153s]   Package 'tl_expected' is deprecated (This package will be removed in ROS 2
[4.153s]   Lyrical Luth.
[4.153s] 
[4.153s]         Use tl/expected.hpp from libexpected-dev,
[4.154s]         or rcpputils/tl_expected/expected.hpp if the system header is not available)
[4.154s] Call Stack (most recent call first):
[4.154s]   /opt/ros/jazzy/share/parameter_traits/cmake/ament_cmake_export_dependencies-extras.cmake:21 (find_package)
[4.154s]   /opt/ros/jazzy/share/parameter_traits/cmake/parameter_traitsConfig.cmake:41 (include)
[4.154s]   /opt/ros/jazzy/share/generate_parameter_library/cmake/generate_parameter_library-extras.cmake:30 (find_package)
[4.154s]   /opt/ros/jazzy/share/generate_parameter_library/cmake/generate_parameter_libraryConfig.cmake:41 (include)
[4.154s]   /opt/ros/jazzy/share/moveit_ros_planning/cmake/ament_cmake_export_dependencies-extras.cmake:21 (find_package)
[4.154s]   /opt/ros/jazzy/share/moveit_ros_planning/cmake/moveit_ros_planningConfig.cmake:41 (include)
[4.155s]   CMakeLists.txt:21 (find_package)
[4.155s] 
[4.155s] [0m
[4.174s] -- Found rclcpp_lifecycle: 28.1.21 (/opt/ros/jazzy/share/rclcpp_lifecycle/cmake)
[4.354s] -- Found Boost: /usr/lib/x86_64-linux-gnu/cmake/Boost-1.83.0/BoostConfig.cmake (found version "1.83.0") found components: chrono date_time filesystem iostreams program_options regex serialization system thread 
[4.750s] -- Found Eigen3: TRUE (found version "3.4.0") 
[4.750s] -- Ensuring Eigen3 include directory is part of orocos-kdl CMake target
[5.289s] -- Found moveit_ros_planning_interface: 2.12.4 (/opt/ros/jazzy/share/moveit_ros_planning_interface/cmake)
[5.297s] -- Found Boost: /usr/lib/x86_64-linux-gnu/cmake/Boost-1.83.0/BoostConfig.cmake (found version "1.83.0") found components: date_time filesystem program_options system thread 
[5.348s] -- Found Boost: /usr/lib/x86_64-linux-gnu/cmake/Boost-1.83.0/BoostConfig.cmake (found version "1.83.0") found components: thread system filesystem regex date_time program_options 
[5.410s] -- Found Boost: /usr/lib/x86_64-linux-gnu/cmake/Boost-1.83.0/BoostConfig.cmake (found version "1.83.0") found components: system filesystem date_time program_options thread 
[5.716s] -- Configuring done (5.6s)
[5.982s] -- Generating done (0.2s)
[6.022s] -- Build files have been written to: /home/jamiek/2026_ROS_manipulator/build/open_manipulator_gui
[6.073s] Invoked command in '/home/jamiek/2026_ROS_manipulator/build/open_manipulator_gui' returned '0': CMAKE_PREFIX_PATH=${CMAKE_PREFIX_PATH}:/home/jamiek/2026_ROS_manipulator/ros_ws/install/tf2_basic:/home/jamiek/2026_ROS_manipulator/ros_ws/install/ros_basic:/home/jamiek/2026_ROS_manipulator/open_manipulator_ws/install/open_manipulator_teleop:/home/jamiek/2026_ROS_manipulator/open_manipulator_ws/install/open_manipulator_bringup:/opt/ros/jazzy DEBUGINFOD_URLS=https://debuginfod.ubuntu.com /usr/bin/cmake /home/jamiek/2026_ROS_manipulator/open_manipulator_ws/src/open_manipulator/open_manipulator_gui -DAMENT_CMAKE_SYMLINK_INSTALL=1 -DCMAKE_INSTALL_PREFIX=/home/jamiek/2026_ROS_manipulator/install/open_manipulator_gui
[6.075s] Invoking command in '/home/jamiek/2026_ROS_manipulator/build/open_manipulator_gui': CMAKE_PREFIX_PATH=${CMAKE_PREFIX_PATH}:/home/jamiek/2026_ROS_manipulator/ros_ws/install/tf2_basic:/home/jamiek/2026_ROS_manipulator/ros_ws/install/ros_basic:/home/jamiek/2026_ROS_manipulator/open_manipulator_ws/install/open_manipulator_teleop:/home/jamiek/2026_ROS_manipulator/open_manipulator_ws/install/open_manipulator_bringup:/opt/ros/jazzy DEBUGINFOD_URLS=https://debuginfod.ubuntu.com /usr/bin/cmake --build /home/jamiek/2026_ROS_manipulator/build/open_manipulator_gui -- -j16 -l16
[7.474s] [  1%] [34m[1mGenerating ui_omy_f3m_main_window.h[0m
[7.474s] [  3%] [34m[1mGenerating ui_omx_f_main_window.h[0m
[7.474s] [  5%] [34m[1mGenerating ui_omy_3m_main_window.h[0m
[7.474s] [  7%] [34m[1mGenerating ui_open_manipulator_x_main_window.h[0m
[7.475s] [  8%] [34m[1mGenerating omy_f3m_gui/ui_omy_f3m_main_window.h[0m
[7.475s] [ 10%] [34m[1mGenerating omx_f_gui/ui_omx_f_main_window.h[0m
[7.475s] [ 12%] [34m[1mGenerating open_manipulator_x_gui/ui_open_manipulator_x_main_window.h[0m
[7.475s] [ 14%] [34m[1mGenerating omy_3m_gui/ui_omy_3m_main_window.h[0m
[7.475s] [ 14%] Built target copy_ui_headers
[7.475s] [ 14%] Built target omy_f3m_gui_node_autogen_timestamp_deps
[7.475s] [ 14%] Built target omy_3m_gui_node_autogen_timestamp_deps
[7.475s] [ 14%] Built target omx_f_gui_node_autogen_timestamp_deps
[7.475s] [ 14%] Built target open_manipulator_x_gui_node_autogen_timestamp_deps
[7.475s] [ 17%] [34m[1mAutomatic MOC and UIC for target omx_f_gui_node[0m
[7.476s] [ 17%] [34m[1mAutomatic MOC and UIC for target omy_3m_gui_node[0m
[7.476s] [ 19%] [34m[1mAutomatic MOC and UIC for target omy_f3m_gui_node[0m
[7.476s] [ 21%] [34m[1mAutomatic MOC and UIC for target open_manipulator_x_gui_node[0m
[7.476s] [ 21%] Built target omx_f_gui_node_autogen
[7.476s] [ 21%] Built target omy_3m_gui_node_autogen
[7.476s] [ 23%] [34m[1mGenerating include/omy_3m_gui/moc_main_window.cpp[0m
[7.476s] [ 25%] [34m[1mGenerating include/omy_3m_gui/moc_qnode.cpp[0m
[7.476s] [ 26%] [34m[1mGenerating include/omx_f_gui/moc_qnode.cpp[0m
[7.476s] [ 28%] [34m[1mGenerating include/omx_f_gui/moc_main_window.cpp[0m
[7.476s] [ 28%] Built target open_manipulator_x_gui_node_autogen
[7.476s] [ 28%] Built target omy_f3m_gui_node_autogen
[7.477s] [ 30%] [34m[1mGenerating include/open_manipulator_x_gui/moc_qnode.cpp[0m
[7.477s] [ 32%] [34m[1mGenerating include/open_manipulator_x_gui/moc_main_window.cpp[0m
[7.477s] [ 33%] [34m[1mGenerating include/omy_f3m_gui/moc_main_window.cpp[0m
[7.477s] [ 35%] [34m[1mGenerating include/omy_f3m_gui/moc_qnode.cpp[0m
[7.477s] [ 37%] [32mBuilding CXX object CMakeFiles/omy_3m_gui_node.dir/omy_3m_gui_node_autogen/mocs_compilation.cpp.o[0m
[7.482s] [ 39%] [32mBuilding CXX object CMakeFiles/omy_3m_gui_node.dir/src/omy_3m/main.cpp.o[0m
[7.482s] [ 41%] [32mBuilding CXX object CMakeFiles/omy_3m_gui_node.dir/src/omy_3m/qnode.cpp.o[0m
[7.482s] [ 42%] [32mBuilding CXX object CMakeFiles/omy_3m_gui_node.dir/include/omy_3m_gui/moc_main_window.cpp.o[0m
[7.483s] [ 44%] [32mBuilding CXX object CMakeFiles/omy_3m_gui_node.dir/src/omy_3m/main_window.cpp.o[0m
[7.483s] [ 46%] [32mBuilding CXX object CMakeFiles/omy_3m_gui_node.dir/include/omy_3m_gui/moc_qnode.cpp.o[0m
[7.483s] [ 48%] [32mBuilding CXX object CMakeFiles/omx_f_gui_node.dir/omx_f_gui_node_autogen/mocs_compilation.cpp.o[0m
[7.483s] [ 50%] [32mBuilding CXX object CMakeFiles/omx_f_gui_node.dir/src/omx_f/main.cpp.o[0m
[7.483s] [ 51%] [32mBuilding CXX object CMakeFiles/omx_f_gui_node.dir/src/omx_f/qnode.cpp.o[0m
[7.483s] [ 53%] [32mBuilding CXX object CMakeFiles/omx_f_gui_node.dir/src/omx_f/main_window.cpp.o[0m
[7.483s] [ 55%] [32mBuilding CXX object CMakeFiles/omx_f_gui_node.dir/include/omx_f_gui/moc_qnode.cpp.o[0m
[7.483s] [ 57%] [32mBuilding CXX object CMakeFiles/omx_f_gui_node.dir/include/omx_f_gui/moc_main_window.cpp.o[0m
[7.483s] [ 58%] [32mBuilding CXX object CMakeFiles/open_manipulator_x_gui_node.dir/src/open_manipulator_x/qnode.cpp.o[0m
[7.483s] [ 60%] [32mBuilding CXX object CMakeFiles/open_manipulator_x_gui_node.dir/src/open_manipulator_x/main.cpp.o[0m
[7.484s] [ 62%] [32mBuilding CXX object CMakeFiles/open_manipulator_x_gui_node.dir/src/open_manipulator_x/main_window.cpp.o[0m
[7.484s] [ 64%] [32mBuilding CXX object CMakeFiles/open_manipulator_x_gui_node.dir/open_manipulator_x_gui_node_autogen/mocs_compilation.cpp.o[0m
[7.484s] [ 66%] [32mBuilding CXX object CMakeFiles/open_manipulator_x_gui_node.dir/include/open_manipulator_x_gui/moc_main_window.cpp.o[0m
[7.484s] [ 67%] [32mBuilding CXX object CMakeFiles/omy_f3m_gui_node.dir/omy_f3m_gui_node_autogen/mocs_compilation.cpp.o[0m
[7.484s] [ 69%] [32mBuilding CXX object CMakeFiles/open_manipulator_x_gui_node.dir/include/open_manipulator_x_gui/moc_qnode.cpp.o[0m
[7.484s] [ 71%] [32mBuilding CXX object CMakeFiles/omy_f3m_gui_node.dir/src/omy_f3m/main.cpp.o[0m
