/home/jamiek/2026_ROS_manipulator/open_manipulator_ws/install/open_manipulator_teleop/lib/python3.12/site-packages/open_manipulator_teleop/open_manipulator_x_teleop.py
/home/jamiek/2026_ROS_manipulator/open_manipulator_ws/install/open_manipulator_teleop/lib/python3.12/site-packages/open_manipulator_teleop/omy_3m_teleop.py
/home/jamiek/2026_ROS_manipulator/open_manipulator_ws/install/open_manipulator_teleop/lib/python3.12/site-packages/open_manipulator_teleop/omy_f3m_teleop.py
/home/jamiek/2026_ROS_manipulator/open_manipulator_ws/install/open_manipulator_teleop/lib/python3.12/site-packages/open_manipulator_teleop/__init__.py
/home/jamiek/2026_ROS_manipulator/open_manipulator_ws/install/open_manipulator_teleop/lib/python3.12/site-packages/open_manipulator_teleop/omx_f_teleop.py
/home/jamiek/2026_ROS_manipulator/open_manipulator_ws/install/open_manipulator_teleop/lib/python3.12/site-packages/open_manipulator_teleop/__pycache__/open_manipulator_x_teleop.cpython-312.pyc
/home/jamiek/2026_ROS_manipulator/open_manipulator_ws/install/open_manipulator_teleop/lib/python3.12/site-packages/open_manipulator_teleop/__pycache__/omy_3m_teleop.cpython-312.pyc
/home/jamiek/2026_ROS_manipulator/open_manipulator_ws/install/open_manipulator_teleop/lib/python3.12/site-packages/open_manipulator_teleop/__pycache__/omy_f3m_teleop.cpython-312.pyc
/home/jamiek/2026_ROS_manipulator/open_manipulator_ws/install/open_manipulator_teleop/lib/python3.12/site-packages/open_manipulator_teleop/__pycache__/__init__.cpython-312.pyc
/home/jamiek/2026_ROS_manipulator/open_manipulator_ws/install/open_manipulator_teleop/lib/python3.12/site-packages/open_manipulator_teleop/__pycache__/omx_f_teleop.cpython-312.pyc
/home/jamiek/2026_ROS_manipulator/open_manipulator_ws/install/open_manipulator_teleop/share/ament_index/resource_index/packages/open_manipulator_teleop
/home/jamiek/2026_ROS_manipulator/open_manipulator_ws/install/open_manipulator_teleop/share/open_manipulator_teleop/package.xml
/home/jamiek/2026_ROS_manipulator/open_manipulator_ws/install/open_manipulator_teleop/share/open_manipulator_teleop/launch
/home/jamiek/2026_ROS_manipulator/open_manipulator_ws/install/open_manipulator_teleop/lib/python3.12/site-packages/open_manipulator_teleop-5.0.0-py3.12.egg-info/zip-safe
/home/jamiek/2026_ROS_manipulator/open_manipulator_ws/install/open_manipulator_teleop/lib/python3.12/site-packages/open_manipulator_teleop-5.0.0-py3.12.egg-info/SOURCES.txt
/home/jamiek/2026_ROS_manipulator/open_manipulator_ws/install/open_manipulator_teleop/lib/python3.12/site-packages/open_manipulator_teleop-5.0.0-py3.12.egg-info/PKG-INFO
/home/jamiek/2026_ROS_manipulator/open_manipulator_ws/install/open_manipulator_teleop/lib/python3.12/site-packages/open_manipulator_teleop-5.0.0-py3.12.egg-info/entry_points.txt
/home/jamiek/2026_ROS_manipulator/open_manipulator_ws/install/open_manipulator_teleop/lib/python3.12/site-packages/open_manipulator_teleop-5.0.0-py3.12.egg-info/top_level.txt
/home/jamiek/2026_ROS_manipulator/open_manipulator_ws/install/open_manipulator_teleop/lib/python3.12/site-packages/open_manipulator_teleop-5.0.0-py3.12.egg-info/requires.txt
/home/jamiek/2026_ROS_manipulator/open_manipulator_ws/install/open_manipulator_teleop/lib/python3.12/site-packages/open_manipulator_teleop-5.0.0-py3.12.egg-info/dependency_links.txt
/home/jamiek/2026_ROS_manipulator/open_manipulator_ws/install/open_manipulator_teleop/lib/open_manipulator_teleop/omx_f_teleop
/home/jamiek/2026_ROS_manipulator/open_manipulator_ws/install/open_manipulator_teleop/lib/open_manipulator_teleop/omy_3m_teleop
/home/jamiek/2026_ROS_manipulator/open_manipulator_ws/install/open_manipulator_teleop/lib/open_manipulator_teleop/omy_f3m_teleop
/home/jamiek/2026_ROS_manipulator/open_manipulator_ws/install/open_manipulator_teleop/lib/open_manipulator_teleop/open_manipulator_x_teleop
