[0.008s] Invoking command in '/home/jamiek/2026_ROS_manipulator/open_manipulator_ws/build/open_manipulator_collision': CMAKE_PREFIX_PATH=${CMAKE_PREFIX_PATH}:/home/jamiek/2026_ROS_manipulator/ros_ws/install/tf2_basic:/home/jamiek/2026_ROS_manipulator/ros_ws/install/ros_basic:/opt/ros/jazzy DEBUGINFOD_URLS=https://debuginfod.ubuntu.com /usr/bin/cmake /home/jamiek/2026_ROS_manipulator/open_manipulator_ws/src/open_manipulator/open_manipulator_collision -DCMAKE_BUILD_TYPE=Release -DAMENT_CMAKE_SYMLINK_INSTALL=1 -DCMAKE_INSTALL_PREFIX=/home/jamiek/2026_ROS_manipulator/open_manipulator_ws/install/open_manipulator_collision
[0.023s] -- Found ament_cmake: 2.5.6 (/opt/ros/jazzy/share/ament_cmake/cmake)
[0.211s] -- Override CMake install command with custom implementation using symlinks instead of copying resources
[0.217s] -- Found rclcpp: 28.1.21 (/opt/ros/jazzy/share/rclcpp/cmake)
[0.243s] -- Found rosidl_generator_c: 4.6.9 (/opt/ros/jazzy/share/rosidl_generator_c/cmake)
[0.251s] -- Found rosidl_generator_cpp: 4.6.9 (/opt/ros/jazzy/share/rosidl_generator_cpp/cmake)
[0.261s] -- Using all available rosidl_typesupport_c: rosidl_typesupport_fastrtps_c;rosidl_typesupport_introspection_c
[0.273s] -- Using all available rosidl_typesupport_cpp: rosidl_typesupport_fastrtps_cpp;rosidl_typesupport_introspection_cpp
[0.328s] -- Found rmw_implementation_cmake: 7.3.3 (/opt/ros/jazzy/share/rmw_implementation_cmake/cmake)
[0.329s] -- Found rmw_fastrtps_cpp: 8.4.4 (/opt/ros/jazzy/share/rmw_fastrtps_cpp/cmake)
[0.389s] -- Using RMW implementation 'rmw_fastrtps_cpp' as default
[0.453s] -- Found std_msgs: 5.3.8 (/opt/ros/jazzy/share/std_msgs/cmake)
[0.465s] -- Found sensor_msgs: 5.3.8 (/opt/ros/jazzy/share/sensor_msgs/cmake)
[0.513s] -- Found visualization_msgs: 5.3.8 (/opt/ros/jazzy/share/visualization_msgs/cmake)
[0.543s] -- Found kdl_parser: 2.11.0 (/opt/ros/jazzy/share/kdl_parser/cmake)
[0.544s] -- Found eigen3_cmake_module: 0.3.1 (/opt/ros/jazzy/share/eigen3_cmake_module/cmake)
[0.545s] -- Ensuring Eigen3 include directory is part of orocos-kdl CMake target
[0.546s] -- Found urdf: 2.10.1 (/opt/ros/jazzy/share/urdf/cmake)
[0.638s] -- Configuring done (0.6s)
[0.652s] -- Generating done (0.0s)
[0.656s] -- Build files have been written to: /home/jamiek/2026_ROS_manipulator/open_manipulator_ws/build/open_manipulator_collision
[0.666s] Invoked command in '/home/jamiek/2026_ROS_manipulator/open_manipulator_ws/build/open_manipulator_collision' returned '0': CMAKE_PREFIX_PATH=${CMAKE_PREFIX_PATH}:/home/jamiek/2026_ROS_manipulator/ros_ws/install/tf2_basic:/home/jamiek/2026_ROS_manipulator/ros_ws/install/ros_basic:/opt/ros/jazzy DEBUGINFOD_URLS=https://debuginfod.ubuntu.com /usr/bin/cmake /home/jamiek/2026_ROS_manipulator/open_manipulator_ws/src/open_manipulator/open_manipulator_collision -DCMAKE_BUILD_TYPE=Release -DAMENT_CMAKE_SYMLINK_INSTALL=1 -DCMAKE_INSTALL_PREFIX=/home/jamiek/2026_ROS_manipulator/open_manipulator_ws/install/open_manipulator_collision
[0.667s] Invoking command in '/home/jamiek/2026_ROS_manipulator/open_manipulator_ws/build/open_manipulator_collision': CMAKE_PREFIX_PATH=${CMAKE_PREFIX_PATH}:/home/jamiek/2026_ROS_manipulator/ros_ws/install/tf2_basic:/home/jamiek/2026_ROS_manipulator/ros_ws/install/ros_basic:/opt/ros/jazzy DEBUGINFOD_URLS=https://debuginfod.ubuntu.com /usr/bin/cmake --build /home/jamiek/2026_ROS_manipulator/open_manipulator_ws/build/open_manipulator_collision
[0.727s] [ 50%] [32mBuilding CXX object CMakeFiles/self_collision_node.dir/src/self_collision_node.cpp.o[0m
[14.125s] [100%] [32m[1mLinking CXX executable self_collision_node[0m
[14.331s] [100%] Built target self_collision_node
[14.346s] Invoked command in '/home/jamiek/2026_ROS_manipulator/open_manipulator_ws/build/open_manipulator_collision' returned '0': CMAKE_PREFIX_PATH=${CMAKE_PREFIX_PATH}:/home/jamiek/2026_ROS_manipulator/ros_ws/install/tf2_basic:/home/jamiek/2026_ROS_manipulator/ros_ws/install/ros_basic:/opt/ros/jazzy DEBUGINFOD_URLS=https://debuginfod.ubuntu.com /usr/bin/cmake --build /home/jamiek/2026_ROS_manipulator/open_manipulator_ws/build/open_manipulator_collision
[14.347s] Invoking command in '/home/jamiek/2026_ROS_manipulator/open_manipulator_ws/build/open_manipulator_collision': CMAKE_PREFIX_PATH=${CMAKE_PREFIX_PATH}:/home/jamiek/2026_ROS_manipulator/ros_ws/install/tf2_basic:/home/jamiek/2026_ROS_manipulator/ros_ws/install/ros_basic:/opt/ros/jazzy DEBUGINFOD_URLS=https://debuginfod.ubuntu.com /usr/bin/cmake --install /home/jamiek/2026_ROS_manipulator/open_manipulator_ws/build/open_manipulator_collision
[14.357s] -- Install configuration: "Release"
[14.358s] -- Execute custom install script
[14.358s] -- Symlinking: /home/jamiek/2026_ROS_manipulator/open_manipulator_ws/install/open_manipulator_collision/lib/open_manipulator_collision/self_collision_node
[14.369s] -- Symlinking: /home/jamiek/2026_ROS_manipulator/open_manipulator_ws/install/open_manipulator_collision/include//open_manipulator_collision/self_collision_node.hpp
[14.381s] -- Symlinking: /home/jamiek/2026_ROS_manipulator/open_manipulator_ws/install/open_manipulator_collision/share/open_manipulator_collision/self_collision.launch.py
[14.392s] -- Symlinking: /home/jamiek/2026_ROS_manipulator/open_manipulator_ws/install/open_manipulator_collision/share/open_manipulator_collision/environment/library_path.sh
[14.403s] -- Symlinking: /home/jamiek/2026_ROS_manipulator/open_manipulator_ws/install/open_manipulator_collision/share/open_manipulator_collision/environment/library_path.dsv
[14.416s] -- Symlinking: /home/jamiek/2026_ROS_manipulator/open_manipulator_ws/install/open_manipulator_collision/share/ament_index/resource_index/package_run_dependencies/open_manipulator_collision
[14.428s] -- Symlinking: /home/jamiek/2026_ROS_manipulator/open_manipulator_ws/install/open_manipulator_collision/share/ament_index/resource_index/parent_prefix_path/open_manipulator_collision
[14.439s] -- Symlinking: /home/jamiek/2026_ROS_manipulator/open_manipulator_ws/install/open_manipulator_collision/share/open_manipulator_collision/environment/ament_prefix_path.sh
[14.451s] -- Symlinking: /home/jamiek/2026_ROS_manipulator/open_manipulator_ws/install/open_manipulator_collision/share/open_manipulator_collision/environment/ament_prefix_path.dsv
[14.464s] -- Symlinking: /home/jamiek/2026_ROS_manipulator/open_manipulator_ws/install/open_manipulator_collision/share/open_manipulator_collision/environment/path.sh
[14.475s] -- Symlinking: /home/jamiek/2026_ROS_manipulator/open_manipulator_ws/install/open_manipulator_collision/share/open_manipulator_collision/environment/path.dsv
[14.487s] -- Symlinking: /home/jamiek/2026_ROS_manipulator/open_manipulator_ws/install/open_manipulator_collision/share/open_manipulator_collision/local_setup.bash
[14.498s] -- Symlinking: /home/jamiek/2026_ROS_manipulator/open_manipulator_ws/install/open_manipulator_collision/share/open_manipulator_collision/local_setup.sh
[14.511s] -- Symlinking: /home/jamiek/2026_ROS_manipulator/open_manipulator_ws/install/open_manipulator_collision/share/open_manipulator_collision/local_setup.zsh
[14.522s] -- Symlinking: /home/jamiek/2026_ROS_manipulator/open_manipulator_ws/install/open_manipulator_collision/share/open_manipulator_collision/local_setup.dsv
[14.533s] -- Symlinking: /home/jamiek/2026_ROS_manipulator/open_manipulator_ws/install/open_manipulator_collision/share/open_manipulator_collision/package.dsv
[14.545s] -- Symlinking: /home/jamiek/2026_ROS_manipulator/open_manipulator_ws/install/open_manipulator_collision/share/ament_index/resource_index/packages/open_manipulator_collision
[14.557s] -- Symlinking: /home/jamiek/2026_ROS_manipulator/open_manipulator_ws/install/open_manipulator_collision/share/open_manipulator_collision/cmake/ament_cmake_export_dependencies-extras.cmake
[14.569s] -- Symlinking: /home/jamiek/2026_ROS_manipulator/open_manipulator_ws/install/open_manipulator_collision/share/open_manipulator_collision/cmake/ament_cmake_export_include_directories-extras.cmake
[14.581s] -- Symlinking: /home/jamiek/2026_ROS_manipulator/open_manipulator_ws/install/open_manipulator_collision/share/open_manipulator_collision/cmake/ament_cmake_export_libraries-extras.cmake
[14.593s] -- Symlinking: /home/jamiek/2026_ROS_manipulator/open_manipulator_ws/install/open_manipulator_collision/share/open_manipulator_collision/cmake/open_manipulator_collisionConfig.cmake
[14.604s] -- Symlinking: /home/jamiek/2026_ROS_manipulator/open_manipulator_ws/install/open_manipulator_collision/share/open_manipulator_collision/cmake/open_manipulator_collisionConfig-version.cmake
[14.617s] -- Symlinking: /home/jamiek/2026_ROS_manipulator/open_manipulator_ws/install/open_manipulator_collision/share/open_manipulator_collision/package.xml
[14.631s] Invoked command in '/home/jamiek/2026_ROS_manipulator/open_manipulator_ws/build/open_manipulator_collision' returned '0': CMAKE_PREFIX_PATH=${CMAKE_PREFIX_PATH}:/home/jamiek/2026_ROS_manipulator/ros_ws/install/tf2_basic:/home/jamiek/2026_ROS_manipulator/ros_ws/install/ros_basic:/opt/ros/jazzy DEBUGINFOD_URLS=https://debuginfod.ubuntu.com /usr/bin/cmake --install /home/jamiek/2026_ROS_manipulator/open_manipulator_ws/build/open_manipulator_collision
