[1.307s] Invoking command in '/home/jamiek/2026_ROS_manipulator/open_manipulator_ws/build/open_manipulator_teleop': DEBUGINFOD_URLS=https://debuginfod.ubuntu.com PYTHONPATH=/home/jamiek/2026_ROS_manipulator/open_manipulator_ws/build/open_manipulator_teleop/prefix_override:/usr/lib/python3/dist-packages/colcon_core/task/python/colcon_distutils_commands:/home/jamiek/2026_ROS_manipulator/open_manipulator_ws/install/open_manipulator_teleop/lib/python3.12/site-packages:${PYTHONPATH} /usr/bin/python3 -W ignore:setup.py install is deprecated -W ignore:easy_install command is deprecated setup.py develop --uninstall --editable --build-directory /home/jamiek/2026_ROS_manipulator/open_manipulator_ws/build/open_manipulator_teleop/build
[1.783s] running develop
[2.044s] Removing /home/jamiek/2026_ROS_manipulator/open_manipulator_ws/install/open_manipulator_teleop/lib/python3.12/site-packages/open-manipulator-teleop.egg-link (link to .)
[2.128s] Invoked command in '/home/jamiek/2026_ROS_manipulator/open_manipulator_ws/build/open_manipulator_teleop' returned '0': DEBUGINFOD_URLS=https://debuginfod.ubuntu.com PYTHONPATH=/home/jamiek/2026_ROS_manipulator/open_manipulator_ws/build/open_manipulator_teleop/prefix_override:/usr/lib/python3/dist-packages/colcon_core/task/python/colcon_distutils_commands:/home/jamiek/2026_ROS_manipulator/open_manipulator_ws/install/open_manipulator_teleop/lib/python3.12/site-packages:${PYTHONPATH} /usr/bin/python3 -W ignore:setup.py install is deprecated -W ignore:easy_install command is deprecated setup.py develop --uninstall --editable --build-directory /home/jamiek/2026_ROS_manipulator/open_manipulator_ws/build/open_manipulator_teleop/build
[2.129s] Invoking command in '/home/jamiek/2026_ROS_manipulator/open_manipulator_ws/src/open_manipulator/open_manipulator_teleop': DEBUGINFOD_URLS=https://debuginfod.ubuntu.com PYTHONPATH=/home/jamiek/2026_ROS_manipulator/open_manipulator_ws/build/open_manipulator_teleop/prefix_override:/usr/lib/python3/dist-packages/colcon_core/task/python/colcon_distutils_commands:/home/jamiek/2026_ROS_manipulator/open_manipulator_ws/install/open_manipulator_teleop/lib/python3.12/site-packages:${PYTHONPATH} /usr/bin/python3 -W ignore:setup.py install is deprecated -W ignore:easy_install command is deprecated setup.py egg_info --egg-base ../../../build/open_manipulator_teleop build --build-base /home/jamiek/2026_ROS_manipulator/open_manipulator_ws/build/open_manipulator_teleop/build install --record /home/jamiek/2026_ROS_manipulator/open_manipulator_ws/build/open_manipulator_teleop/install.log --install-scripts $base/lib/open_manipulator_teleop --single-version-externally-managed install_data --force
[2.460s] running egg_info
[2.482s] writing ../../../build/open_manipulator_teleop/open_manipulator_teleop.egg-info/PKG-INFO
[2.483s] writing dependency_links to ../../../build/open_manipulator_teleop/open_manipulator_teleop.egg-info/dependency_links.txt
[2.483s] writing entry points to ../../../build/open_manipulator_teleop/open_manipulator_teleop.egg-info/entry_points.txt
[2.483s] writing requirements to ../../../build/open_manipulator_teleop/open_manipulator_teleop.egg-info/requires.txt
[2.483s] writing top-level names to ../../../build/open_manipulator_teleop/open_manipulator_teleop.egg-info/top_level.txt
[2.528s] reading manifest file '../../../build/open_manipulator_teleop/open_manipulator_teleop.egg-info/SOURCES.txt'
[2.529s] writing manifest file '../../../build/open_manipulator_teleop/open_manipulator_teleop.egg-info/SOURCES.txt'
[2.529s] running build
[2.529s] running build_py
[2.529s] creating /home/jamiek/2026_ROS_manipulator/open_manipulator_ws/build/open_manipulator_teleop/build
[2.530s] creating /home/jamiek/2026_ROS_manipulator/open_manipulator_ws/build/open_manipulator_teleop/build/lib
[2.530s] creating /home/jamiek/2026_ROS_manipulator/open_manipulator_ws/build/open_manipulator_teleop/build/lib/open_manipulator_teleop
[2.530s] copying open_manipulator_teleop/open_manipulator_x_teleop.py -> /home/jamiek/2026_ROS_manipulator/open_manipulator_ws/build/open_manipulator_teleop/build/lib/open_manipulator_teleop
[2.530s] copying open_manipulator_teleop/omy_3m_teleop.py -> /home/jamiek/2026_ROS_manipulator/open_manipulator_ws/build/open_manipulator_teleop/build/lib/open_manipulator_teleop
[2.530s] copying open_manipulator_teleop/omy_f3m_teleop.py -> /home/jamiek/2026_ROS_manipulator/open_manipulator_ws/build/open_manipulator_teleop/build/lib/open_manipulator_teleop
[2.531s] copying open_manipulator_teleop/__init__.py -> /home/jamiek/2026_ROS_manipulator/open_manipulator_ws/build/open_manipulator_teleop/build/lib/open_manipulator_teleop
[2.531s] copying open_manipulator_teleop/omx_f_teleop.py -> /home/jamiek/2026_ROS_manipulator/open_manipulator_ws/build/open_manipulator_teleop/build/lib/open_manipulator_teleop
[2.532s] running install
[2.538s] running install_lib
[2.562s] creating /home/jamiek/2026_ROS_manipulator/open_manipulator_ws/install/open_manipulator_teleop/lib/python3.12/site-packages/open_manipulator_teleop
[2.562s] copying /home/jamiek/2026_ROS_manipulator/open_manipulator_ws/build/open_manipulator_teleop/build/lib/open_manipulator_teleop/open_manipulator_x_teleop.py -> /home/jamiek/2026_ROS_manipulator/open_manipulator_ws/install/open_manipulator_teleop/lib/python3.12/site-packages/open_manipulator_teleop
[2.562s] copying /home/jamiek/2026_ROS_manipulator/open_manipulator_ws/build/open_manipulator_teleop/build/lib/open_manipulator_teleop/omy_3m_teleop.py -> /home/jamiek/2026_ROS_manipulator/open_manipulator_ws/install/open_manipulator_teleop/lib/python3.12/site-packages/open_manipulator_teleop
[2.563s] copying /home/jamiek/2026_ROS_manipulator/open_manipulator_ws/build/open_manipulator_teleop/build/lib/open_manipulator_teleop/omy_f3m_teleop.py -> /home/jamiek/2026_ROS_manipulator/open_manipulator_ws/install/open_manipulator_teleop/lib/python3.12/site-packages/open_manipulator_teleop
[2.563s] copying /home/jamiek/2026_ROS_manipulator/open_manipulator_ws/build/open_manipulator_teleop/build/lib/open_manipulator_teleop/__init__.py -> /home/jamiek/2026_ROS_manipulator/open_manipulator_ws/install/open_manipulator_teleop/lib/python3.12/site-packages/open_manipulator_teleop
[2.563s] copying /home/jamiek/2026_ROS_manipulator/open_manipulator_ws/build/open_manipulator_teleop/build/lib/open_manipulator_teleop/omx_f_teleop.py -> /home/jamiek/2026_ROS_manipulator/open_manipulator_ws/install/open_manipulator_teleop/lib/python3.12/site-packages/open_manipulator_teleop
[2.563s] byte-compiling /home/jamiek/2026_ROS_manipulator/open_manipulator_ws/install/open_manipulator_teleop/lib/python3.12/site-packages/open_manipulator_teleop/open_manipulator_x_teleop.py to open_manipulator_x_teleop.cpython-312.pyc
[2.565s] byte-compiling /home/jamiek/2026_ROS_manipulator/open_manipulator_ws/install/open_manipulator_teleop/lib/python3.12/site-packages/open_manipulator_teleop/omy_3m_teleop.py to omy_3m_teleop.cpython-312.pyc
[2.567s] byte-compiling /home/jamiek/2026_ROS_manipulator/open_manipulator_ws/install/open_manipulator_teleop/lib/python3.12/site-packages/open_manipulator_teleop/omy_f3m_teleop.py to omy_f3m_teleop.cpython-312.pyc
[2.568s] byte-compiling /home/jamiek/2026_ROS_manipulator/open_manipulator_ws/install/open_manipulator_teleop/lib/python3.12/site-packages/open_manipulator_teleop/__init__.py to __init__.cpython-312.pyc
[2.568s] byte-compiling /home/jamiek/2026_ROS_manipulator/open_manipulator_ws/install/open_manipulator_teleop/lib/python3.12/site-packages/open_manipulator_teleop/omx_f_teleop.py to omx_f_teleop.cpython-312.pyc
[2.570s] running install_data
[2.570s] copying resource/open_manipulator_teleop -> /home/jamiek/2026_ROS_manipulator/open_manipulator_ws/install/open_manipulator_teleop/share/ament_index/resource_index/packages
[2.570s] copying package.xml -> /home/jamiek/2026_ROS_manipulator/open_manipulator_ws/install/open_manipulator_teleop/share/open_manipulator_teleop
[2.570s] running install_egg_info
[2.596s] Copying ../../../build/open_manipulator_teleop/open_manipulator_teleop.egg-info to /home/jamiek/2026_ROS_manipulator/open_manipulator_ws/install/open_manipulator_teleop/lib/python3.12/site-packages/open_manipulator_teleop-5.0.0-py3.12.egg-info
[2.597s] running install_scripts
[2.753s] Installing omx_f_teleop script to /home/jamiek/2026_ROS_manipulator/open_manipulator_ws/install/open_manipulator_teleop/lib/open_manipulator_teleop
[2.754s] Installing omy_3m_teleop script to /home/jamiek/2026_ROS_manipulator/open_manipulator_ws/install/open_manipulator_teleop/lib/open_manipulator_teleop
[2.754s] Installing omy_f3m_teleop script to /home/jamiek/2026_ROS_manipulator/open_manipulator_ws/install/open_manipulator_teleop/lib/open_manipulator_teleop
[2.754s] Installing open_manipulator_x_teleop script to /home/jamiek/2026_ROS_manipulator/open_manipulator_ws/install/open_manipulator_teleop/lib/open_manipulator_teleop
[2.754s] writing list of installed files to '/home/jamiek/2026_ROS_manipulator/open_manipulator_ws/build/open_manipulator_teleop/install.log'
[2.797s] Invoked command in '/home/jamiek/2026_ROS_manipulator/open_manipulator_ws/src/open_manipulator/open_manipulator_teleop' returned '0': DEBUGINFOD_URLS=https://debuginfod.ubuntu.com PYTHONPATH=/home/jamiek/2026_ROS_manipulator/open_manipulator_ws/build/open_manipulator_teleop/prefix_override:/usr/lib/python3/dist-packages/colcon_core/task/python/colcon_distutils_commands:/home/jamiek/2026_ROS_manipulator/open_manipulator_ws/install/open_manipulator_teleop/lib/python3.12/site-packages:${PYTHONPATH} /usr/bin/python3 -W ignore:setup.py install is deprecated -W ignore:easy_install command is deprecated setup.py egg_info --egg-base ../../../build/open_manipulator_teleop build --build-base /home/jamiek/2026_ROS_manipulator/open_manipulator_ws/build/open_manipulator_teleop/build install --record /home/jamiek/2026_ROS_manipulator/open_manipulator_ws/build/open_manipulator_teleop/install.log --install-scripts $base/lib/open_manipulator_teleop --single-version-externally-managed install_data --force
