-- Found ament_cmake: 2.5.6 (/opt/ros/jazzy/share/ament_cmake/cmake)
-- Override CMake install command with custom implementation using symlinks instead of copying resources
-- Found std_msgs: 5.3.8 (/opt/ros/jazzy/share/std_msgs/cmake)
-- Found rosidl_generator_c: 4.6.9 (/opt/ros/jazzy/share/rosidl_generator_c/cmake)
-- Found rosidl_generator_cpp: 4.6.9 (/opt/ros/jazzy/share/rosidl_generator_cpp/cmake)
-- Using all available rosidl_typesupport_c: rosidl_typesupport_fastrtps_c;rosidl_typesupport_introspection_c
-- Using all available rosidl_typesupport_cpp: rosidl_typesupport_fastrtps_cpp;rosidl_typesupport_introspection_cpp
-- Found geometry_msgs: 5.3.8 (/opt/ros/jazzy/share/geometry_msgs/cmake)
-- Found rosidl_default_generators: 1.6.1 (/opt/ros/jazzy/share/rosidl_default_generators/cmake)
-- Found rosidl_adapter: 4.6.9 (/opt/ros/jazzy/share/rosidl_adapter/cmake)
-- Found ament_cmake_ros: 0.12.1 (/opt/ros/jazzy/share/ament_cmake_ros/cmake)
-- Using all available rosidl_typesupport_c: rosidl_typesupport_fastrtps_c;rosidl_typesupport_introspection_c
-- Using all available rosidl_typesupport_cpp: rosidl_typesupport_fastrtps_cpp;rosidl_typesupport_introspection_cpp
-- Found python_cmake_module: 0.11.1 (/opt/ros/jazzy/share/python_cmake_module/cmake)
-- Found Python3: /usr/bin/python3 (found version "3.12.3") found components: Interpreter Development NumPy Development.Module Development.Embed 
-- Found Python3: /usr/bin/python3 (found version "3.12.3") found components: Interpreter 
-- Found ament_lint_auto: 0.17.5 (/opt/ros/jazzy/share/ament_lint_auto/cmake)
-- Added test 'copyright' to check source files copyright and LICENSE
-- Added test 'lint_cmake' to check CMake code style
-- Added test 'xmllint' to check XML markup files
-- Configuring done (2.0s)
-- Generating done (0.1s)
-- Build files have been written to: /home/jamiek/2026_ROS_manipulator/open_manipulator_ws/build/dynamixel_interfaces
[  1%] Built target dynamixel_interfaces__rs
[  3%] Built target dynamixel_interfaces__rosidl_generator_type_description
[ 24%] Built target dynamixel_interfaces__rosidl_generator_c
[ 33%] Built target dynamixel_interfaces__rosidl_typesupport_fastrtps_c
[ 35%] Built target dynamixel_interfaces__cpp
[ 44%] Built target dynamixel_interfaces__rosidl_typesupport_fastrtps_cpp
[ 53%] Built target dynamixel_interfaces__rosidl_typesupport_introspection_c
[ 63%] Built target dynamixel_interfaces__rosidl_typesupport_c
[ 72%] Built target dynamixel_interfaces__rosidl_typesupport_introspection_cpp
[ 81%] Built target dynamixel_interfaces__rosidl_typesupport_cpp
[ 81%] Built target dynamixel_interfaces
[ 81%] Built target ament_cmake_python_symlink_dynamixel_interfaces
running egg_info
writing dynamixel_interfaces.egg-info/PKG-INFO
writing dependency_links to dynamixel_interfaces.egg-info/dependency_links.txt
writing top-level names to dynamixel_interfaces.egg-info/top_level.txt
reading manifest file 'dynamixel_interfaces.egg-info/SOURCES.txt'
writing manifest file 'dynamixel_interfaces.egg-info/SOURCES.txt'
[ 81%] Built target ament_cmake_python_build_dynamixel_interfaces_egg
[ 83%] Built target dynamixel_interfaces__py
[ 90%] Built target dynamixel_interfaces__rosidl_generator_py
[ 93%] Built target dynamixel_interfaces_s__rosidl_typesupport_fastrtps_c
[ 96%] Built target dynamixel_interfaces_s__rosidl_typesupport_introspection_c
[100%] Built target dynamixel_interfaces_s__rosidl_typesupport_c
-- Install configuration: "Release"
-- Execute custom install script
-- Up-to-date symlink: /home/jamiek/2026_ROS_manipulator/open_manipulator_ws/install/dynamixel_interfaces/share/ament_index/resource_index/rosidl_interfaces/dynamixel_interfaces
-- Up-to-date symlink: /home/jamiek/2026_ROS_manipulator/open_manipulator_ws/install/dynamixel_interfaces/share/dynamixel_interfaces/msg/DynamixelState.json
-- Up-to-date symlink: /home/jamiek/2026_ROS_manipulator/open_manipulator_ws/install/dynamixel_interfaces/share/dynamixel_interfaces/srv/GetDataFromDxl.json
-- Up-to-date symlink: /home/jamiek/2026_ROS_manipulator/open_manipulator_ws/install/dynamixel_interfaces/share/dynamixel_interfaces/srv/SetDataToDxl.json
-- Up-to-date symlink: /home/jamiek/2026_ROS_manipulator/open_manipulator_ws/install/dynamixel_interfaces/share/dynamixel_interfaces/srv/RebootDxl.json
-- Up-to-date symlink: /home/jamiek/2026_ROS_manipulator/open_manipulator_ws/install/dynamixel_interfaces/include/dynamixel_interfaces/dynamixel_interfaces/msg/detail/dynamixel_state__functions.h
-- Up-to-date symlink: /home/jamiek/2026_ROS_manipulator/open_manipulator_ws/install/dynamixel_interfaces/include/dynamixel_interfaces/dynamixel_interfaces/msg/detail/dynamixel_state__struct.h
-- Up-to-date symlink: /home/jamiek/2026_ROS_manipulator/open_manipulator_ws/install/dynamixel_interfaces/include/dynamixel_interfaces/dynamixel_interfaces/msg/detail/dynamixel_state__type_support.h
-- Up-to-date symlink: /home/jamiek/2026_ROS_manipulator/open_manipulator_ws/install/dynamixel_interfaces/include/dynamixel_interfaces/dynamixel_interfaces/msg/dynamixel_state.h
-- Up-to-date symlink: /home/jamiek/2026_ROS_manipulator/open_manipulator_ws/install/dynamixel_interfaces/include/dynamixel_interfaces/dynamixel_interfaces/msg/rosidl_generator_c__visibility_control.h
-- Up-to-date symlink: /home/jamiek/2026_ROS_manipulator/open_manipulator_ws/install/dynamixel_interfaces/include/dynamixel_interfaces/dynamixel_interfaces/srv/detail/get_data_from_dxl__functions.h
-- Up-to-date symlink: /home/jamiek/2026_ROS_manipulator/open_manipulator_ws/install/dynamixel_interfaces/include/dynamixel_interfaces/dynamixel_interfaces/srv/detail/get_data_from_dxl__struct.h
-- Up-to-date symlink: /home/jamiek/2026_ROS_manipulator/open_manipulator_ws/install/dynamixel_interfaces/include/dynamixel_interfaces/dynamixel_interfaces/srv/detail/get_data_from_dxl__type_support.h
-- Up-to-date symlink: /home/jamiek/2026_ROS_manipulator/open_manipulator_ws/install/dynamixel_interfaces/include/dynamixel_interfaces/dynamixel_interfaces/srv/detail/reboot_dxl__functions.h
-- Up-to-date symlink: /home/jamiek/2026_ROS_manipulator/open_manipulator_ws/install/dynamixel_interfaces/include/dynamixel_interfaces/dynamixel_interfaces/srv/detail/reboot_dxl__struct.h
-- Up-to-date symlink: /home/jamiek/2026_ROS_manipulator/open_manipulator_ws/install/dynamixel_interfaces/include/dynamixel_interfaces/dynamixel_interfaces/srv/detail/reboot_dxl__type_support.h
-- Up-to-date symlink: /home/jamiek/2026_ROS_manipulator/open_manipulator_ws/install/dynamixel_interfaces/include/dynamixel_interfaces/dynamixel_interfaces/srv/detail/set_data_to_dxl__functions.h
-- Up-to-date symlink: /home/jamiek/2026_ROS_manipulator/open_manipulator_ws/install/dynamixel_interfaces/include/dynamixel_interfaces/dynamixel_interfaces/srv/detail/set_data_to_dxl__struct.h
-- Up-to-date symlink: /home/jamiek/2026_ROS_manipulator/open_manipulator_ws/install/dynamixel_interfaces/include/dynamixel_interfaces/dynamixel_interfaces/srv/detail/set_data_to_dxl__type_support.h
-- Up-to-date symlink: /home/jamiek/2026_ROS_manipulator/open_manipulator_ws/install/dynamixel_interfaces/include/dynamixel_interfaces/dynamixel_interfaces/srv/get_data_from_dxl.h
-- Up-to-date symlink: /home/jamiek/2026_ROS_manipulator/open_manipulator_ws/install/dynamixel_interfaces/include/dynamixel_interfaces/dynamixel_interfaces/srv/reboot_dxl.h
-- Up-to-date symlink: /home/jamiek/2026_ROS_manipulator/open_manipulator_ws/install/dynamixel_interfaces/include/dynamixel_interfaces/dynamixel_interfaces/srv/set_data_to_dxl.h
-- Up-to-date symlink: /home/jamiek/2026_ROS_manipulator/open_manipulator_ws/install/dynamixel_interfaces/share/dynamixel_interfaces/environment/library_path.sh
-- Up-to-date symlink: /home/jamiek/2026_ROS_manipulator/open_manipulator_ws/install/dynamixel_interfaces/share/dynamixel_interfaces/environment/library_path.dsv
-- Up-to-date symlink: /home/jamiek/2026_ROS_manipulator/open_manipulator_ws/install/dynamixel_interfaces/include/dynamixel_interfaces/dynamixel_interfaces/msg/detail/dynamixel_state__rosidl_typesupport_fastrtps_c.h
-- Up-to-date symlink: /home/jamiek/2026_ROS_manipulator/open_manipulator_ws/install/dynamixel_interfaces/include/dynamixel_interfaces/dynamixel_interfaces/msg/rosidl_typesupport_fastrtps_c__visibility_control.h
-- Up-to-date symlink: /home/jamiek/2026_ROS_manipulator/open_manipulator_ws/install/dynamixel_interfaces/include/dynamixel_interfaces/dynamixel_interfaces/srv/detail/get_data_from_dxl__rosidl_typesupport_fastrtps_c.h
-- Up-to-date symlink: /home/jamiek/2026_ROS_manipulator/open_manipulator_ws/install/dynamixel_interfaces/include/dynamixel_interfaces/dynamixel_interfaces/srv/detail/reboot_dxl__rosidl_typesupport_fastrtps_c.h
-- Up-to-date symlink: /home/jamiek/2026_ROS_manipulator/open_manipulator_ws/install/dynamixel_interfaces/include/dynamixel_interfaces/dynamixel_interfaces/srv/detail/set_data_to_dxl__rosidl_typesupport_fastrtps_c.h
-- Up-to-date symlink: /home/jamiek/2026_ROS_manipulator/open_manipulator_ws/install/dynamixel_interfaces/include/dynamixel_interfaces/dynamixel_interfaces/msg/detail/dynamixel_state__builder.hpp
-- Up-to-date symlink: /home/jamiek/2026_ROS_manipulator/open_manipulator_ws/install/dynamixel_interfaces/include/dynamixel_interfaces/dynamixel_interfaces/msg/detail/dynamixel_state__struct.hpp
-- Up-to-date symlink: /home/jamiek/2026_ROS_manipulator/open_manipulator_ws/install/dynamixel_interfaces/include/dynamixel_interfaces/dynamixel_interfaces/msg/detail/dynamixel_state__traits.hpp
-- Up-to-date symlink: /home/jamiek/2026_ROS_manipulator/open_manipulator_ws/install/dynamixel_interfaces/include/dynamixel_interfaces/dynamixel_interfaces/msg/detail/dynamixel_state__type_support.hpp
-- Up-to-date symlink: /home/jamiek/2026_ROS_manipulator/open_manipulator_ws/install/dynamixel_interfaces/include/dynamixel_interfaces/dynamixel_interfaces/msg/dynamixel_state.hpp
-- Up-to-date symlink: /home/jamiek/2026_ROS_manipulator/open_manipulator_ws/install/dynamixel_interfaces/include/dynamixel_interfaces/dynamixel_interfaces/msg/rosidl_generator_cpp__visibility_control.hpp
-- Up-to-date symlink: /home/jamiek/2026_ROS_manipulator/open_manipulator_ws/install/dynamixel_interfaces/include/dynamixel_interfaces/dynamixel_interfaces/srv/detail/get_data_from_dxl__builder.hpp
-- Up-to-date symlink: /home/jamiek/2026_ROS_manipulator/open_manipulator_ws/install/dynamixel_interfaces/include/dynamixel_interfaces/dynamixel_interfaces/srv/detail/get_data_from_dxl__struct.hpp
-- Up-to-date symlink: /home/jamiek/2026_ROS_manipulator/open_manipulator_ws/install/dynamixel_interfaces/include/dynamixel_interfaces/dynamixel_interfaces/srv/detail/get_data_from_dxl__traits.hpp
-- Up-to-date symlink: /home/jamiek/2026_ROS_manipulator/open_manipulator_ws/install/dynamixel_interfaces/include/dynamixel_interfaces/dynamixel_interfaces/srv/detail/get_data_from_dxl__type_support.hpp
-- Up-to-date symlink: /home/jamiek/2026_ROS_manipulator/open_manipulator_ws/install/dynamixel_interfaces/include/dynamixel_interfaces/dynamixel_interfaces/srv/detail/reboot_dxl__builder.hpp
-- Up-to-date symlink: /home/jamiek/2026_ROS_manipulator/open_manipulator_ws/install/dynamixel_interfaces/include/dynamixel_interfaces/dynamixel_interfaces/srv/detail/reboot_dxl__struct.hpp
-- Up-to-date symlink: /home/jamiek/2026_ROS_manipulator/open_manipulator_ws/install/dynamixel_interfaces/include/dynamixel_interfaces/dynamixel_interfaces/srv/detail/reboot_dxl__traits.hpp
-- Up-to-date symlink: /home/jamiek/2026_ROS_manipulator/open_manipulator_ws/install/dynamixel_interfaces/include/dynamixel_interfaces/dynamixel_interfaces/srv/detail/reboot_dxl__type_support.hpp
-- Up-to-date symlink: /home/jamiek/2026_ROS_manipulator/open_manipulator_ws/install/dynamixel_interfaces/include/dynamixel_interfaces/dynamixel_interfaces/srv/detail/set_data_to_dxl__builder.hpp
-- Up-to-date symlink: /home/jamiek/2026_ROS_manipulator/open_manipulator_ws/install/dynamixel_interfaces/include/dynamixel_interfaces/dynamixel_interfaces/srv/detail/set_data_to_dxl__struct.hpp
-- Up-to-date symlink: /home/jamiek/2026_ROS_manipulator/open_manipulator_ws/install/dynamixel_interfaces/include/dynamixel_interfaces/dynamixel_interfaces/srv/detail/set_data_to_dxl__traits.hpp
-- Up-to-date symlink: /home/jamiek/2026_ROS_manipulator/open_manipulator_ws/install/dynamixel_interfaces/include/dynamixel_interfaces/dynamixel_interfaces/srv/detail/set_data_to_dxl__type_support.hpp
-- Up-to-date symlink: /home/jamiek/2026_ROS_manipulator/open_manipulator_ws/install/dynamixel_interfaces/include/dynamixel_interfaces/dynamixel_interfaces/srv/get_data_from_dxl.hpp
-- Up-to-date symlink: /home/jamiek/2026_ROS_manipulator/open_manipulator_ws/install/dynamixel_interfaces/include/dynamixel_interfaces/dynamixel_interfaces/srv/reboot_dxl.hpp
-- Up-to-date symlink: /home/jamiek/2026_ROS_manipulator/open_manipulator_ws/install/dynamixel_interfaces/include/dynamixel_interfaces/dynamixel_interfaces/srv/set_data_to_dxl.hpp
-- Up-to-date symlink: /home/jamiek/2026_ROS_manipulator/open_manipulator_ws/install/dynamixel_interfaces/include/dynamixel_interfaces/dynamixel_interfaces/msg/detail/dynamixel_state__rosidl_typesupport_fastrtps_cpp.hpp
-- Up-to-date symlink: /home/jamiek/2026_ROS_manipulator/open_manipulator_ws/install/dynamixel_interfaces/include/dynamixel_interfaces/dynamixel_interfaces/msg/rosidl_typesupport_fastrtps_cpp__visibility_control.h
-- Up-to-date symlink: /home/jamiek/2026_ROS_manipulator/open_manipulator_ws/install/dynamixel_interfaces/include/dynamixel_interfaces/dynamixel_interfaces/srv/detail/get_data_from_dxl__rosidl_typesupport_fastrtps_cpp.hpp
-- Up-to-date symlink: /home/jamiek/2026_ROS_manipulator/open_manipulator_ws/install/dynamixel_interfaces/include/dynamixel_interfaces/dynamixel_interfaces/srv/detail/reboot_dxl__rosidl_typesupport_fastrtps_cpp.hpp
-- Up-to-date symlink: /home/jamiek/2026_ROS_manipulator/open_manipulator_ws/install/dynamixel_interfaces/include/dynamixel_interfaces/dynamixel_interfaces/srv/detail/set_data_to_dxl__rosidl_typesupport_fastrtps_cpp.hpp
-- Up-to-date symlink: /home/jamiek/2026_ROS_manipulator/open_manipulator_ws/install/dynamixel_interfaces/include/dynamixel_interfaces/dynamixel_interfaces/msg/detail/dynamixel_state__rosidl_typesupport_introspection_c.h
-- Up-to-date symlink: /home/jamiek/2026_ROS_manipulator/open_manipulator_ws/install/dynamixel_interfaces/include/dynamixel_interfaces/dynamixel_interfaces/msg/rosidl_typesupport_introspection_c__visibility_control.h
-- Up-to-date symlink: /home/jamiek/2026_ROS_manipulator/open_manipulator_ws/install/dynamixel_interfaces/include/dynamixel_interfaces/dynamixel_interfaces/srv/detail/get_data_from_dxl__rosidl_typesupport_introspection_c.h
-- Up-to-date symlink: /home/jamiek/2026_ROS_manipulator/open_manipulator_ws/install/dynamixel_interfaces/include/dynamixel_interfaces/dynamixel_interfaces/srv/detail/reboot_dxl__rosidl_typesupport_introspection_c.h
-- Up-to-date symlink: /home/jamiek/2026_ROS_manipulator/open_manipulator_ws/install/dynamixel_interfaces/include/dynamixel_interfaces/dynamixel_interfaces/srv/detail/set_data_to_dxl__rosidl_typesupport_introspection_c.h
-- Up-to-date symlink: /home/jamiek/2026_ROS_manipulator/open_manipulator_ws/install/dynamixel_interfaces/include/dynamixel_interfaces/dynamixel_interfaces/msg/detail/dynamixel_state__rosidl_typesupport_introspection_cpp.hpp
-- Up-to-date symlink: /home/jamiek/2026_ROS_manipulator/open_manipulator_ws/install/dynamixel_interfaces/include/dynamixel_interfaces/dynamixel_interfaces/srv/detail/get_data_from_dxl__rosidl_typesupport_introspection_cpp.hpp
-- Up-to-date symlink: /home/jamiek/2026_ROS_manipulator/open_manipulator_ws/install/dynamixel_interfaces/include/dynamixel_interfaces/dynamixel_interfaces/srv/detail/reboot_dxl__rosidl_typesupport_introspection_cpp.hpp
-- Up-to-date symlink: /home/jamiek/2026_ROS_manipulator/open_manipulator_ws/install/dynamixel_interfaces/include/dynamixel_interfaces/dynamixel_interfaces/srv/detail/set_data_to_dxl__rosidl_typesupport_introspection_cpp.hpp
-- Up-to-date symlink: /home/jamiek/2026_ROS_manipulator/open_manipulator_ws/install/dynamixel_interfaces/share/dynamixel_interfaces/environment/pythonpath.sh
-- Up-to-date symlink: /home/jamiek/2026_ROS_manipulator/open_manipulator_ws/install/dynamixel_interfaces/share/dynamixel_interfaces/environment/pythonpath.dsv
-- Up-to-date symlink: /home/jamiek/2026_ROS_manipulator/open_manipulator_ws/install/dynamixel_interfaces/lib/python3.12/site-packages/dynamixel_interfaces-1.0.1-py3.12.egg-info/PKG-INFO
-- Up-to-date symlink: /home/jamiek/2026_ROS_manipulator/open_manipulator_ws/install/dynamixel_interfaces/lib/python3.12/site-packages/dynamixel_interfaces-1.0.1-py3.12.egg-info/SOURCES.txt
-- Up-to-date symlink: /home/jamiek/2026_ROS_manipulator/open_manipulator_ws/install/dynamixel_interfaces/lib/python3.12/site-packages/dynamixel_interfaces-1.0.1-py3.12.egg-info/dependency_links.txt
-- Up-to-date symlink: /home/jamiek/2026_ROS_manipulator/open_manipulator_ws/install/dynamixel_interfaces/lib/python3.12/site-packages/dynamixel_interfaces-1.0.1-py3.12.egg-info/top_level.txt
-- Up-to-date symlink: /home/jamiek/2026_ROS_manipulator/open_manipulator_ws/install/dynamixel_interfaces/lib/python3.12/site-packages/dynamixel_interfaces/__init__.py
-- Up-to-date symlink: /home/jamiek/2026_ROS_manipulator/open_manipulator_ws/install/dynamixel_interfaces/lib/python3.12/site-packages/dynamixel_interfaces/_dynamixel_interfaces_s.ep.rosidl_typesupport_c.c
-- Up-to-date symlink: /home/jamiek/2026_ROS_manipulator/open_manipulator_ws/install/dynamixel_interfaces/lib/python3.12/site-packages/dynamixel_interfaces/_dynamixel_interfaces_s.ep.rosidl_typesupport_fastrtps_c.c
-- Up-to-date symlink: /home/jamiek/2026_ROS_manipulator/open_manipulator_ws/install/dynamixel_interfaces/lib/python3.12/site-packages/dynamixel_interfaces/_dynamixel_interfaces_s.ep.rosidl_typesupport_introspection_c.c
-- Up-to-date symlink: /home/jamiek/2026_ROS_manipulator/open_manipulator_ws/install/dynamixel_interfaces/lib/python3.12/site-packages/dynamixel_interfaces/dynamixel_interfaces_s__rosidl_typesupport_c.so
-- Up-to-date symlink: /home/jamiek/2026_ROS_manipulator/open_manipulator_ws/install/dynamixel_interfaces/lib/python3.12/site-packages/dynamixel_interfaces/dynamixel_interfaces_s__rosidl_typesupport_fastrtps_c.so
-- Up-to-date symlink: /home/jamiek/2026_ROS_manipulator/open_manipulator_ws/install/dynamixel_interfaces/lib/python3.12/site-packages/dynamixel_interfaces/dynamixel_interfaces_s__rosidl_typesupport_introspection_c.so
-- Up-to-date symlink: /home/jamiek/2026_ROS_manipulator/open_manipulator_ws/install/dynamixel_interfaces/lib/python3.12/site-packages/dynamixel_interfaces/msg/__init__.py
-- Up-to-date symlink: /home/jamiek/2026_ROS_manipulator/open_manipulator_ws/install/dynamixel_interfaces/lib/python3.12/site-packages/dynamixel_interfaces/msg/_dynamixel_state.py
-- Up-to-date symlink: /home/jamiek/2026_ROS_manipulator/open_manipulator_ws/install/dynamixel_interfaces/lib/python3.12/site-packages/dynamixel_interfaces/msg/_dynamixel_state_s.c
-- Up-to-date symlink: /home/jamiek/2026_ROS_manipulator/open_manipulator_ws/install/dynamixel_interfaces/lib/python3.12/site-packages/dynamixel_interfaces/srv/__init__.py
-- Up-to-date symlink: /home/jamiek/2026_ROS_manipulator/open_manipulator_ws/install/dynamixel_interfaces/lib/python3.12/site-packages/dynamixel_interfaces/srv/_get_data_from_dxl.py
-- Up-to-date symlink: /home/jamiek/2026_ROS_manipulator/open_manipulator_ws/install/dynamixel_interfaces/lib/python3.12/site-packages/dynamixel_interfaces/srv/_get_data_from_dxl_s.c
-- Up-to-date symlink: /home/jamiek/2026_ROS_manipulator/open_manipulator_ws/install/dynamixel_interfaces/lib/python3.12/site-packages/dynamixel_interfaces/srv/_reboot_dxl.py
-- Up-to-date symlink: /home/jamiek/2026_ROS_manipulator/open_manipulator_ws/install/dynamixel_interfaces/lib/python3.12/site-packages/dynamixel_interfaces/srv/_reboot_dxl_s.c
-- Up-to-date symlink: /home/jamiek/2026_ROS_manipulator/open_manipulator_ws/install/dynamixel_interfaces/lib/python3.12/site-packages/dynamixel_interfaces/srv/_set_data_to_dxl.py
-- Up-to-date symlink: /home/jamiek/2026_ROS_manipulator/open_manipulator_ws/install/dynamixel_interfaces/lib/python3.12/site-packages/dynamixel_interfaces/srv/_set_data_to_dxl_s.c
-- Up-to-date symlink: /home/jamiek/2026_ROS_manipulator/open_manipulator_ws/install/dynamixel_interfaces/lib/python3.12/site-packages/dynamixel_interfaces/dynamixel_interfaces_s__rosidl_typesupport_fastrtps_c.so
-- Up-to-date symlink: /home/jamiek/2026_ROS_manipulator/open_manipulator_ws/install/dynamixel_interfaces/lib/python3.12/site-packages/dynamixel_interfaces/dynamixel_interfaces_s__rosidl_typesupport_introspection_c.so
-- Up-to-date symlink: /home/jamiek/2026_ROS_manipulator/open_manipulator_ws/install/dynamixel_interfaces/lib/python3.12/site-packages/dynamixel_interfaces/dynamixel_interfaces_s__rosidl_typesupport_c.so
-- Up-to-date symlink: /home/jamiek/2026_ROS_manipulator/open_manipulator_ws/install/dynamixel_interfaces/share/ament_index/resource_index/rust_packages/dynamixel_interfaces
-- Up-to-date symlink: /home/jamiek/2026_ROS_manipulator/open_manipulator_ws/install/dynamixel_interfaces/share/dynamixel_interfaces/rust/Cargo.toml
-- Up-to-date symlink: /home/jamiek/2026_ROS_manipulator/open_manipulator_ws/install/dynamixel_interfaces/share/dynamixel_interfaces/rust/build.rs
-- Up-to-date symlink: /home/jamiek/2026_ROS_manipulator/open_manipulator_ws/install/dynamixel_interfaces/share/dynamixel_interfaces/rust/src/lib.rs
-- Up-to-date symlink: /home/jamiek/2026_ROS_manipulator/open_manipulator_ws/install/dynamixel_interfaces/share/dynamixel_interfaces/rust/src/msg.rs
-- Up-to-date symlink: /home/jamiek/2026_ROS_manipulator/open_manipulator_ws/install/dynamixel_interfaces/share/dynamixel_interfaces/rust/src/msg/rmw.rs
-- Up-to-date symlink: /home/jamiek/2026_ROS_manipulator/open_manipulator_ws/install/dynamixel_interfaces/share/dynamixel_interfaces/rust/src/srv.rs
-- Up-to-date symlink: /home/jamiek/2026_ROS_manipulator/open_manipulator_ws/install/dynamixel_interfaces/share/dynamixel_interfaces/rust/src/srv/rmw.rs
-- Up-to-date symlink: /home/jamiek/2026_ROS_manipulator/open_manipulator_ws/install/dynamixel_interfaces/share/dynamixel_interfaces/msg/DynamixelState.idl
-- Up-to-date symlink: /home/jamiek/2026_ROS_manipulator/open_manipulator_ws/install/dynamixel_interfaces/share/dynamixel_interfaces/srv/GetDataFromDxl.idl
-- Up-to-date symlink: /home/jamiek/2026_ROS_manipulator/open_manipulator_ws/install/dynamixel_interfaces/share/dynamixel_interfaces/srv/SetDataToDxl.idl
-- Up-to-date symlink: /home/jamiek/2026_ROS_manipulator/open_manipulator_ws/install/dynamixel_interfaces/share/dynamixel_interfaces/srv/RebootDxl.idl
-- Up-to-date symlink: /home/jamiek/2026_ROS_manipulator/open_manipulator_ws/install/dynamixel_interfaces/share/dynamixel_interfaces/msg/DynamixelState.msg
-- Up-to-date symlink: /home/jamiek/2026_ROS_manipulator/open_manipulator_ws/install/dynamixel_interfaces/share/dynamixel_interfaces/srv/GetDataFromDxl.srv
-- Up-to-date symlink: /home/jamiek/2026_ROS_manipulator/open_manipulator_ws/install/dynamixel_interfaces/share/dynamixel_interfaces/srv/SetDataToDxl.srv
-- Up-to-date symlink: /home/jamiek/2026_ROS_manipulator/open_manipulator_ws/install/dynamixel_interfaces/share/dynamixel_interfaces/srv/RebootDxl.srv
-- Up-to-date symlink: /home/jamiek/2026_ROS_manipulator/open_manipulator_ws/install/dynamixel_interfaces/share/ament_index/resource_index/package_run_dependencies/dynamixel_interfaces
-- Up-to-date symlink: /home/jamiek/2026_ROS_manipulator/open_manipulator_ws/install/dynamixel_interfaces/share/ament_index/resource_index/parent_prefix_path/dynamixel_interfaces
-- Up-to-date symlink: /home/jamiek/2026_ROS_manipulator/open_manipulator_ws/install/dynamixel_interfaces/share/dynamixel_interfaces/environment/ament_prefix_path.sh
-- Up-to-date symlink: /home/jamiek/2026_ROS_manipulator/open_manipulator_ws/install/dynamixel_interfaces/share/dynamixel_interfaces/environment/ament_prefix_path.dsv
-- Up-to-date symlink: /home/jamiek/2026_ROS_manipulator/open_manipulator_ws/install/dynamixel_interfaces/share/dynamixel_interfaces/environment/path.sh
-- Up-to-date symlink: /home/jamiek/2026_ROS_manipulator/open_manipulator_ws/install/dynamixel_interfaces/share/dynamixel_interfaces/environment/path.dsv
-- Up-to-date symlink: /home/jamiek/2026_ROS_manipulator/open_manipulator_ws/install/dynamixel_interfaces/share/dynamixel_interfaces/local_setup.bash
-- Up-to-date symlink: /home/jamiek/2026_ROS_manipulator/open_manipulator_ws/install/dynamixel_interfaces/share/dynamixel_interfaces/local_setup.sh
-- Up-to-date symlink: /home/jamiek/2026_ROS_manipulator/open_manipulator_ws/install/dynamixel_interfaces/share/dynamixel_interfaces/local_setup.zsh
-- Up-to-date symlink: /home/jamiek/2026_ROS_manipulator/open_manipulator_ws/install/dynamixel_interfaces/share/dynamixel_interfaces/local_setup.dsv
-- Symlinking: /home/jamiek/2026_ROS_manipulator/open_manipulator_ws/install/dynamixel_interfaces/share/dynamixel_interfaces/package.dsv
-- Up-to-date symlink: /home/jamiek/2026_ROS_manipulator/open_manipulator_ws/install/dynamixel_interfaces/share/ament_index/resource_index/packages/dynamixel_interfaces
-- Up-to-date symlink: /home/jamiek/2026_ROS_manipulator/open_manipulator_ws/install/dynamixel_interfaces/share/dynamixel_interfaces/cmake/rosidl_cmake-extras.cmake
-- Up-to-date symlink: /home/jamiek/2026_ROS_manipulator/open_manipulator_ws/install/dynamixel_interfaces/share/dynamixel_interfaces/cmake/ament_cmake_export_dependencies-extras.cmake
-- Up-to-date symlink: /home/jamiek/2026_ROS_manipulator/open_manipulator_ws/install/dynamixel_interfaces/share/dynamixel_interfaces/cmake/ament_cmake_export_include_directories-extras.cmake
-- Up-to-date symlink: /home/jamiek/2026_ROS_manipulator/open_manipulator_ws/install/dynamixel_interfaces/share/dynamixel_interfaces/cmake/ament_cmake_export_libraries-extras.cmake
-- Up-to-date symlink: /home/jamiek/2026_ROS_manipulator/open_manipulator_ws/install/dynamixel_interfaces/share/dynamixel_interfaces/cmake/ament_cmake_export_targets-extras.cmake
-- Up-to-date symlink: /home/jamiek/2026_ROS_manipulator/open_manipulator_ws/install/dynamixel_interfaces/share/dynamixel_interfaces/cmake/rosidl_cmake_export_typesupport_targets-extras.cmake
-- Up-to-date symlink: /home/jamiek/2026_ROS_manipulator/open_manipulator_ws/install/dynamixel_interfaces/share/dynamixel_interfaces/cmake/rosidl_cmake_export_typesupport_libraries-extras.cmake
-- Up-to-date symlink: /home/jamiek/2026_ROS_manipulator/open_manipulator_ws/install/dynamixel_interfaces/share/dynamixel_interfaces/cmake/rosidl_cmake_aggregate_target-extras.cmake
-- Up-to-date symlink: /home/jamiek/2026_ROS_manipulator/open_manipulator_ws/install/dynamixel_interfaces/share/dynamixel_interfaces/cmake/dynamixel_interfacesConfig.cmake
-- Up-to-date symlink: /home/jamiek/2026_ROS_manipulator/open_manipulator_ws/install/dynamixel_interfaces/share/dynamixel_interfaces/cmake/dynamixel_interfacesConfig-version.cmake
-- Up-to-date symlink: /home/jamiek/2026_ROS_manipulator/open_manipulator_ws/install/dynamixel_interfaces/share/dynamixel_interfaces/package.xml
-- Up-to-date: /home/jamiek/2026_ROS_manipulator/open_manipulator_ws/install/dynamixel_interfaces/lib/libdynamixel_interfaces__rosidl_generator_c.so
-- Up-to-date: /home/jamiek/2026_ROS_manipulator/open_manipulator_ws/install/dynamixel_interfaces/lib/libdynamixel_interfaces__rosidl_typesupport_fastrtps_c.so
-- Up-to-date: /home/jamiek/2026_ROS_manipulator/open_manipulator_ws/install/dynamixel_interfaces/lib/libdynamixel_interfaces__rosidl_typesupport_fastrtps_cpp.so
-- Up-to-date: /home/jamiek/2026_ROS_manipulator/open_manipulator_ws/install/dynamixel_interfaces/lib/libdynamixel_interfaces__rosidl_typesupport_introspection_c.so
-- Up-to-date: /home/jamiek/2026_ROS_manipulator/open_manipulator_ws/install/dynamixel_interfaces/lib/libdynamixel_interfaces__rosidl_typesupport_c.so
-- Up-to-date: /home/jamiek/2026_ROS_manipulator/open_manipulator_ws/install/dynamixel_interfaces/lib/libdynamixel_interfaces__rosidl_typesupport_introspection_cpp.so
-- Up-to-date: /home/jamiek/2026_ROS_manipulator/open_manipulator_ws/install/dynamixel_interfaces/lib/libdynamixel_interfaces__rosidl_typesupport_cpp.so
Listing '/home/jamiek/2026_ROS_manipulator/open_manipulator_ws/install/dynamixel_interfaces/lib/python3.12/site-packages/dynamixel_interfaces'...
Compiling '/home/jamiek/2026_ROS_manipulator/open_manipulator_ws/install/dynamixel_interfaces/lib/python3.12/site-packages/dynamixel_interfaces/__init__.py'...
Listing '/home/jamiek/2026_ROS_manipulator/open_manipulator_ws/install/dynamixel_interfaces/lib/python3.12/site-packages/dynamixel_interfaces/msg'...
Listing '/home/jamiek/2026_ROS_manipulator/open_manipulator_ws/install/dynamixel_interfaces/lib/python3.12/site-packages/dynamixel_interfaces/srv'...
-- Up-to-date: /home/jamiek/2026_ROS_manipulator/open_manipulator_ws/install/dynamixel_interfaces/lib/libdynamixel_interfaces__rosidl_generator_py.so
-- Up-to-date: /home/jamiek/2026_ROS_manipulator/open_manipulator_ws/install/dynamixel_interfaces/share/dynamixel_interfaces/cmake/export_dynamixel_interfaces__rosidl_generator_cExport.cmake
-- Up-to-date: /home/jamiek/2026_ROS_manipulator/open_manipulator_ws/install/dynamixel_interfaces/share/dynamixel_interfaces/cmake/export_dynamixel_interfaces__rosidl_generator_cExport-release.cmake
-- Up-to-date: /home/jamiek/2026_ROS_manipulator/open_manipulator_ws/install/dynamixel_interfaces/share/dynamixel_interfaces/cmake/export_dynamixel_interfaces__rosidl_typesupport_fastrtps_cExport.cmake
-- Up-to-date: /home/jamiek/2026_ROS_manipulator/open_manipulator_ws/install/dynamixel_interfaces/share/dynamixel_interfaces/cmake/export_dynamixel_interfaces__rosidl_typesupport_fastrtps_cExport-release.cmake
-- Up-to-date: /home/jamiek/2026_ROS_manipulator/open_manipulator_ws/install/dynamixel_interfaces/share/dynamixel_interfaces/cmake/export_dynamixel_interfaces__rosidl_generator_cppExport.cmake
-- Up-to-date: /home/jamiek/2026_ROS_manipulator/open_manipulator_ws/install/dynamixel_interfaces/share/dynamixel_interfaces/cmake/export_dynamixel_interfaces__rosidl_typesupport_fastrtps_cppExport.cmake
-- Up-to-date: /home/jamiek/2026_ROS_manipulator/open_manipulator_ws/install/dynamixel_interfaces/share/dynamixel_interfaces/cmake/export_dynamixel_interfaces__rosidl_typesupport_fastrtps_cppExport-release.cmake
-- Up-to-date: /home/jamiek/2026_ROS_manipulator/open_manipulator_ws/install/dynamixel_interfaces/share/dynamixel_interfaces/cmake/dynamixel_interfaces__rosidl_typesupport_introspection_cExport.cmake
-- Up-to-date: /home/jamiek/2026_ROS_manipulator/open_manipulator_ws/install/dynamixel_interfaces/share/dynamixel_interfaces/cmake/dynamixel_interfaces__rosidl_typesupport_introspection_cExport-release.cmake
-- Up-to-date: /home/jamiek/2026_ROS_manipulator/open_manipulator_ws/install/dynamixel_interfaces/share/dynamixel_interfaces/cmake/dynamixel_interfaces__rosidl_typesupport_cExport.cmake
-- Up-to-date: /home/jamiek/2026_ROS_manipulator/open_manipulator_ws/install/dynamixel_interfaces/share/dynamixel_interfaces/cmake/dynamixel_interfaces__rosidl_typesupport_cExport-release.cmake
-- Up-to-date: /home/jamiek/2026_ROS_manipulator/open_manipulator_ws/install/dynamixel_interfaces/share/dynamixel_interfaces/cmake/dynamixel_interfaces__rosidl_typesupport_introspection_cppExport.cmake
-- Up-to-date: /home/jamiek/2026_ROS_manipulator/open_manipulator_ws/install/dynamixel_interfaces/share/dynamixel_interfaces/cmake/dynamixel_interfaces__rosidl_typesupport_introspection_cppExport-release.cmake
-- Up-to-date: /home/jamiek/2026_ROS_manipulator/open_manipulator_ws/install/dynamixel_interfaces/share/dynamixel_interfaces/cmake/dynamixel_interfaces__rosidl_typesupport_cppExport.cmake
-- Up-to-date: /home/jamiek/2026_ROS_manipulator/open_manipulator_ws/install/dynamixel_interfaces/share/dynamixel_interfaces/cmake/dynamixel_interfaces__rosidl_typesupport_cppExport-release.cmake
-- Up-to-date: /home/jamiek/2026_ROS_manipulator/open_manipulator_ws/install/dynamixel_interfaces/share/dynamixel_interfaces/cmake/export_dynamixel_interfaces__rosidl_generator_pyExport.cmake
-- Up-to-date: /home/jamiek/2026_ROS_manipulator/open_manipulator_ws/install/dynamixel_interfaces/share/dynamixel_interfaces/cmake/export_dynamixel_interfaces__rosidl_generator_pyExport-release.cmake
