[0.064s] Invoking command in '/home/jamiek/2026_ROS_manipulator/open_manipulator_ws/build/dynamixel_interfaces': CMAKE_PREFIX_PATH=${CMAKE_PREFIX_PATH}:/home/jamiek/2026_ROS_manipulator/open_manipulator_ws/install/open_manipulator_teleop:/home/jamiek/2026_ROS_manipulator/open_manipulator_ws/install/open_manipulator_bringup:/home/jamiek/2026_ROS_manipulator/ros_ws/install/tf2_basic:/home/jamiek/2026_ROS_manipulator/ros_ws/install/ros_basic:/opt/ros/jazzy DEBUGINFOD_URLS=https://debuginfod.ubuntu.com /usr/bin/cmake /home/jamiek/2026_ROS_manipulator/open_manipulator_ws/src/dynamixel_interfaces -DCMAKE_INSTALL_PREFIX=/home/jamiek/2026_ROS_manipulator/open_manipulator_ws/install/dynamixel_interfaces
[0.085s] -- Found ament_cmake: 2.5.6 (/opt/ros/jazzy/share/ament_cmake/cmake)
[0.218s] -- Override CMake install command with custom implementation using symlinks instead of copying resources
[0.228s] -- Found std_msgs: 5.3.8 (/opt/ros/jazzy/share/std_msgs/cmake)
[0.267s] -- Found rosidl_generator_c: 4.6.9 (/opt/ros/jazzy/share/rosidl_generator_c/cmake)
[0.277s] -- Found rosidl_generator_cpp: 4.6.9 (/opt/ros/jazzy/share/rosidl_generator_cpp/cmake)
[0.292s] -- Using all available rosidl_typesupport_c: rosidl_typesupport_fastrtps_c;rosidl_typesupport_introspection_c
[0.309s] -- Using all available rosidl_typesupport_cpp: rosidl_typesupport_fastrtps_cpp;rosidl_typesupport_introspection_cpp
[0.342s] -- Found geometry_msgs: 5.3.8 (/opt/ros/jazzy/share/geometry_msgs/cmake)
[0.359s] -- Found rosidl_default_generators: 1.6.1 (/opt/ros/jazzy/share/rosidl_default_generators/cmake)
[0.372s] -- Found rosidl_adapter: 4.6.9 (/opt/ros/jazzy/share/rosidl_adapter/cmake)
[0.911s] -- Found ament_cmake_ros: 0.12.1 (/opt/ros/jazzy/share/ament_cmake_ros/cmake)
[1.359s] -- Using all available rosidl_typesupport_c: rosidl_typesupport_fastrtps_c;rosidl_typesupport_introspection_c
[1.529s] -- Using all available rosidl_typesupport_cpp: rosidl_typesupport_fastrtps_cpp;rosidl_typesupport_introspection_cpp
[1.531s] -- Found python_cmake_module: 0.11.1 (/opt/ros/jazzy/share/python_cmake_module/cmake)
[1.937s] -- Found Python3: /usr/bin/python3 (found version "3.12.3") found components: Interpreter Development NumPy Development.Module Development.Embed 
[2.040s] -- Found Python3: /usr/bin/python3 (found version "3.12.3") found components: Interpreter 
[2.044s] -- Found ament_lint_auto: 0.17.5 (/opt/ros/jazzy/share/ament_lint_auto/cmake)
[2.055s] -- Added test 'copyright' to check source files copyright and LICENSE
[2.066s] -- Added test 'lint_cmake' to check CMake code style
[2.072s] -- Added test 'xmllint' to check XML markup files
[2.076s] -- Configuring done (2.0s)
[2.148s] -- Generating done (0.1s)
[2.165s] -- Build files have been written to: /home/jamiek/2026_ROS_manipulator/open_manipulator_ws/build/dynamixel_interfaces
[2.186s] Invoked command in '/home/jamiek/2026_ROS_manipulator/open_manipulator_ws/build/dynamixel_interfaces' returned '0': CMAKE_PREFIX_PATH=${CMAKE_PREFIX_PATH}:/home/jamiek/2026_ROS_manipulator/open_manipulator_ws/install/open_manipulator_teleop:/home/jamiek/2026_ROS_manipulator/open_manipulator_ws/install/open_manipulator_bringup:/home/jamiek/2026_ROS_manipulator/ros_ws/install/tf2_basic:/home/jamiek/2026_ROS_manipulator/ros_ws/install/ros_basic:/opt/ros/jazzy DEBUGINFOD_URLS=https://debuginfod.ubuntu.com /usr/bin/cmake /home/jamiek/2026_ROS_manipulator/open_manipulator_ws/src/dynamixel_interfaces -DCMAKE_INSTALL_PREFIX=/home/jamiek/2026_ROS_manipulator/open_manipulator_ws/install/dynamixel_interfaces
[2.187s] Invoking command in '/home/jamiek/2026_ROS_manipulator/open_manipulator_ws/build/dynamixel_interfaces': CMAKE_PREFIX_PATH=${CMAKE_PREFIX_PATH}:/home/jamiek/2026_ROS_manipulator/open_manipulator_ws/install/open_manipulator_teleop:/home/jamiek/2026_ROS_manipulator/open_manipulator_ws/install/open_manipulator_bringup:/home/jamiek/2026_ROS_manipulator/ros_ws/install/tf2_basic:/home/jamiek/2026_ROS_manipulator/ros_ws/install/ros_basic:/opt/ros/jazzy DEBUGINFOD_URLS=https://debuginfod.ubuntu.com /usr/bin/cmake --build /home/jamiek/2026_ROS_manipulator/open_manipulator_ws/build/dynamixel_interfaces
[2.267s] [  1%] Built target dynamixel_interfaces__rs
[2.300s] [  3%] Built target dynamixel_interfaces__rosidl_generator_type_description
[2.342s] [ 24%] Built target dynamixel_interfaces__rosidl_generator_c
[2.388s] [ 33%] Built target dynamixel_interfaces__rosidl_typesupport_fastrtps_c
[2.423s] [ 35%] Built target dynamixel_interfaces__cpp
[2.465s] [ 44%] Built target dynamixel_interfaces__rosidl_typesupport_fastrtps_cpp
[2.500s] [ 53%] Built target dynamixel_interfaces__rosidl_typesupport_introspection_c
[2.537s] [ 63%] Built target dynamixel_interfaces__rosidl_typesupport_c
[2.577s] [ 72%] Built target dynamixel_interfaces__rosidl_typesupport_introspection_cpp
[2.619s] [ 81%] Built target dynamixel_interfaces__rosidl_typesupport_cpp
[2.653s] [ 81%] Built target dynamixel_interfaces
[2.697s] [ 81%] Built target ament_cmake_python_symlink_dynamixel_interfaces
[2.943s] running egg_info
[2.967s] writing dynamixel_interfaces.egg-info/PKG-INFO
[2.968s] writing dependency_links to dynamixel_interfaces.egg-info/dependency_links.txt
[2.968s] writing top-level names to dynamixel_interfaces.egg-info/top_level.txt
[3.034s] reading manifest file 'dynamixel_interfaces.egg-info/SOURCES.txt'
[3.034s] writing manifest file 'dynamixel_interfaces.egg-info/SOURCES.txt'
[3.079s] [ 81%] Built target ament_cmake_python_build_dynamixel_interfaces_egg
[3.111s] [ 83%] Built target dynamixel_interfaces__py
[3.152s] [ 90%] Built target dynamixel_interfaces__rosidl_generator_py
[3.186s] [ 93%] Built target dynamixel_interfaces_s__rosidl_typesupport_fastrtps_c
[3.221s] [ 96%] Built target dynamixel_interfaces_s__rosidl_typesupport_introspection_c
[3.263s] [100%] Built target dynamixel_interfaces_s__rosidl_typesupport_c
[3.282s] Invoked command in '/home/jamiek/2026_ROS_manipulator/open_manipulator_ws/build/dynamixel_interfaces' returned '0': CMAKE_PREFIX_PATH=${CMAKE_PREFIX_PATH}:/home/jamiek/2026_ROS_manipulator/open_manipulator_ws/install/open_manipulator_teleop:/home/jamiek/2026_ROS_manipulator/open_manipulator_ws/install/open_manipulator_bringup:/home/jamiek/2026_ROS_manipulator/ros_ws/install/tf2_basic:/home/jamiek/2026_ROS_manipulator/ros_ws/install/ros_basic:/opt/ros/jazzy DEBUGINFOD_URLS=https://debuginfod.ubuntu.com /usr/bin/cmake --build /home/jamiek/2026_ROS_manipulator/open_manipulator_ws/build/dynamixel_interfaces
[3.283s] Invoking command in '/home/jamiek/2026_ROS_manipulator/open_manipulator_ws/build/dynamixel_interfaces': CMAKE_PREFIX_PATH=${CMAKE_PREFIX_PATH}:/home/jamiek/2026_ROS_manipulator/open_manipulator_ws/install/open_manipulator_teleop:/home/jamiek/2026_ROS_manipulator/open_manipulator_ws/install/open_manipulator_bringup:/home/jamiek/2026_ROS_manipulator/ros_ws/install/tf2_basic:/home/jamiek/2026_ROS_manipulator/ros_ws/install/ros_basic:/opt/ros/jazzy DEBUGINFOD_URLS=https://debuginfod.ubuntu.com /usr/bin/cmake --install /home/jamiek/2026_ROS_manipulator/open_manipulator_ws/build/dynamixel_interfaces
[3.296s] -- Install configuration: "Release"
[3.297s] -- Execute custom install script
[3.297s] -- Up-to-date symlink: /home/jamiek/2026_ROS_manipulator/open_manipulator_ws/install/dynamixel_interfaces/share/ament_index/resource_index/rosidl_interfaces/dynamixel_interfaces
[3.297s] -- Up-to-date symlink: /home/jamiek/2026_ROS_manipulator/open_manipulator_ws/install/dynamixel_interfaces/share/dynamixel_interfaces/msg/DynamixelState.json
[3.298s] -- Up-to-date symlink: /home/jamiek/2026_ROS_manipulator/open_manipulator_ws/install/dynamixel_interfaces/share/dynamixel_interfaces/srv/GetDataFromDxl.json
[3.298s] -- Up-to-date symlink: /home/jamiek/2026_ROS_manipulator/open_manipulator_ws/install/dynamixel_interfaces/share/dynamixel_interfaces/srv/SetDataToDxl.json
[3.298s] -- Up-to-date symlink: /home/jamiek/2026_ROS_manipulator/open_manipulator_ws/install/dynamixel_interfaces/share/dynamixel_interfaces/srv/RebootDxl.json
[3.299s] -- Up-to-date symlink: /home/jamiek/2026_ROS_manipulator/open_manipulator_ws/install/dynamixel_interfaces/include/dynamixel_interfaces/dynamixel_interfaces/msg/detail/dynamixel_state__functions.h
[3.299s] -- Up-to-date symlink: /home/jamiek/2026_ROS_manipulator/open_manipulator_ws/install/dynamixel_interfaces/include/dynamixel_interfaces/dynamixel_interfaces/msg/detail/dynamixel_state__struct.h
[3.299s] -- Up-to-date symlink: /home/jamiek/2026_ROS_manipulator/open_manipulator_ws/install/dynamixel_interfaces/include/dynamixel_interfaces/dynamixel_interfaces/msg/detail/dynamixel_state__type_support.h
[3.299s] -- Up-to-date symlink: /home/jamiek/2026_ROS_manipulator/open_manipulator_ws/install/dynamixel_interfaces/include/dynamixel_interfaces/dynamixel_interfaces/msg/dynamixel_state.h
[3.299s] -- Up-to-date symlink: /home/jamiek/2026_ROS_manipulator/open_manipulator_ws/install/dynamixel_interfaces/include/dynamixel_interfaces/dynamixel_interfaces/msg/rosidl_generator_c__visibility_control.h
[3.299s] -- Up-to-date symlink: /home/jamiek/2026_ROS_manipulator/open_manipulator_ws/install/dynamixel_interfaces/include/dynamixel_interfaces/dynamixel_interfaces/srv/detail/get_data_from_dxl__functions.h
[3.300s] -- Up-to-date symlink: /home/jamiek/2026_ROS_manipulator/open_manipulator_ws/install/dynamixel_interfaces/include/dynamixel_interfaces/dynamixel_interfaces/srv/detail/get_data_from_dxl__struct.h
[3.300s] -- Up-to-date symlink: /home/jamiek/2026_ROS_manipulator/open_manipulator_ws/install/dynamixel_interfaces/include/dynamixel_interfaces/dynamixel_interfaces/srv/detail/get_data_from_dxl__type_support.h
[3.300s] -- Up-to-date symlink: /home/jamiek/2026_ROS_manipulator/open_manipulator_ws/install/dynamixel_interfaces/include/dynamixel_interfaces/dynamixel_interfaces/srv/detail/reboot_dxl__functions.h
[3.300s] -- Up-to-date symlink: /home/jamiek/2026_ROS_manipulator/open_manipulator_ws/install/dynamixel_interfaces/include/dynamixel_interfaces/dynamixel_interfaces/srv/detail/reboot_dxl__struct.h
[3.300s] -- Up-to-date symlink: /home/jamiek/2026_ROS_manipulator/open_manipulator_ws/install/dynamixel_interfaces/include/dynamixel_interfaces/dynamixel_interfaces/srv/detail/reboot_dxl__type_support.h
[3.300s] -- Up-to-date symlink: /home/jamiek/2026_ROS_manipulator/open_manipulator_ws/install/dynamixel_interfaces/include/dynamixel_interfaces/dynamixel_interfaces/srv/detail/set_data_to_dxl__functions.h
[3.300s] -- Up-to-date symlink: /home/jamiek/2026_ROS_manipulator/open_manipulator_ws/install/dynamixel_interfaces/include/dynamixel_interfaces/dynamixel_interfaces/srv/detail/set_data_to_dxl__struct.h
[3.301s] -- Up-to-date symlink: /home/jamiek/2026_ROS_manipulator/open_manipulator_ws/install/dynamixel_interfaces/include/dynamixel_interfaces/dynamixel_interfaces/srv/detail/set_data_to_dxl__type_support.h
[3.301s] -- Up-to-date symlink: /home/jamiek/2026_ROS_manipulator/open_manipulator_ws/install/dynamixel_interfaces/include/dynamixel_interfaces/dynamixel_interfaces/srv/get_data_from_dxl.h
[3.301s] -- Up-to-date symlink: /home/jamiek/2026_ROS_manipulator/open_manipulator_ws/install/dynamixel_interfaces/include/dynamixel_interfaces/dynamixel_interfaces/srv/reboot_dxl.h
[3.301s] -- Up-to-date symlink: /home/jamiek/2026_ROS_manipulator/open_manipulator_ws/install/dynamixel_interfaces/include/dynamixel_interfaces/dynamixel_interfaces/srv/set_data_to_dxl.h
[3.301s] -- Up-to-date symlink: /home/jamiek/2026_ROS_manipulator/open_manipulator_ws/install/dynamixel_interfaces/share/dynamixel_interfaces/environment/library_path.sh
[3.301s] -- Up-to-date symlink: /home/jamiek/2026_ROS_manipulator/open_manipulator_ws/install/dynamixel_interfaces/share/dynamixel_interfaces/environment/library_path.dsv
[3.302s] -- Up-to-date symlink: /home/jamiek/2026_ROS_manipulator/open_manipulator_ws/install/dynamixel_interfaces/include/dynamixel_interfaces/dynamixel_interfaces/msg/detail/dynamixel_state__rosidl_typesupport_fastrtps_c.h
[3.302s] -- Up-to-date symlink: /home/jamiek/2026_ROS_manipulator/open_manipulator_ws/install/dynamixel_interfaces/include/dynamixel_interfaces/dynamixel_interfaces/msg/rosidl_typesupport_fastrtps_c__visibility_control.h
[3.302s] -- Up-to-date symlink: /home/jamiek/2026_ROS_manipulator/open_manipulator_ws/install/dynamixel_interfaces/include/dynamixel_interfaces/dynamixel_interfaces/srv/detail/get_data_from_dxl__rosidl_typesupport_fastrtps_c.h
[3.303s] -- Up-to-date symlink: /home/jamiek/2026_ROS_manipulator/open_manipulator_ws/install/dynamixel_interfaces/include/dynamixel_interfaces/dynamixel_interfaces/srv/detail/reboot_dxl__rosidl_typesupport_fastrtps_c.h
[3.303s] -- Up-to-date symlink: /home/jamiek/2026_ROS_manipulator/open_manipulator_ws/install/dynamixel_interfaces/include/dynamixel_interfaces/dynamixel_interfaces/srv/detail/set_data_to_dxl__rosidl_typesupport_fastrtps_c.h
[3.304s] -- Up-to-date symlink: /home/jamiek/2026_ROS_manipulator/open_manipulator_ws/install/dynamixel_interfaces/include/dynamixel_interfaces/dynamixel_interfaces/msg/detail/dynamixel_state__builder.hpp
[3.304s] -- Up-to-date symlink: /home/jamiek/2026_ROS_manipulator/open_manipulator_ws/install/dynamixel_interfaces/include/dynamixel_interfaces/dynamixel_interfaces/msg/detail/dynamixel_state__struct.hpp
[3.304s] -- Up-to-date symlink: /home/jamiek/2026_ROS_manipulator/open_manipulator_ws/install/dynamixel_interfaces/include/dynamixel_interfaces/dynamixel_interfaces/msg/detail/dynamixel_state__traits.hpp
[3.304s] -- Up-to-date symlink: /home/jamiek/2026_ROS_manipulator/open_manipulator_ws/install/dynamixel_interfaces/include/dynamixel_interfaces/dynamixel_interfaces/msg/detail/dynamixel_state__type_support.hpp
[3.304s] -- Up-to-date symlink: /home/jamiek/2026_ROS_manipulator/open_manipulator_ws/install/dynamixel_interfaces/include/dynamixel_interfaces/dynamixel_interfaces/msg/dynamixel_state.hpp
[3.304s] -- Up-to-date symlink: /home/jamiek/2026_ROS_manipulator/open_manipulator_ws/install/dynamixel_interfaces/include/dynamixel_interfaces/dynamixel_interfaces/msg/rosidl_generator_cpp__visibility_control.hpp
[3.304s] -- Up-to-date symlink: /home/jamiek/2026_ROS_manipulator/open_manipulator_ws/install/dynamixel_interfaces/include/dynamixel_interfaces/dynamixel_interfaces/srv/detail/get_data_from_dxl__builder.hpp
[3.305s] -- Up-to-date symlink: /home/jamiek/2026_ROS_manipulator/open_manipulator_ws/install/dynamixel_interfaces/include/dynamixel_interfaces/dynamixel_interfaces/srv/detail/get_data_from_dxl__struct.hpp
[3.305s] -- Up-to-date symlink: /home/jamiek/2026_ROS_manipulator/open_manipulator_ws/install/dynamixel_interfaces/include/dynamixel_interfaces/dynamixel_interfaces/srv/detail/get_data_from_dxl__traits.hpp
[3.305s] -- Up-to-date symlink: /home/jamiek/2026_ROS_manipulator/open_manipulator_ws/install/dynamixel_interfaces/include/dynamixel_interfaces/dynamixel_interfaces/srv/detail/get_data_from_dxl__type_support.hpp
[3.305s] -- Up-to-date symlink: /home/jamiek/2026_ROS_manipulator/open_manipulator_ws/install/dynamixel_interfaces/include/dynamixel_interfaces/dynamixel_interfaces/srv/detail/reboot_dxl__builder.hpp
[3.305s] -- Up-to-date symlink: /home/jamiek/2026_ROS_manipulator/open_manipulator_ws/install/dynamixel_interfaces/include/dynamixel_interfaces/dynamixel_interfaces/srv/detail/reboot_dxl__struct.hpp
[3.305s] -- Up-to-date symlink: /home/jamiek/2026_ROS_manipulator/open_manipulator_ws/install/dynamixel_interfaces/include/dynamixel_interfaces/dynamixel_interfaces/srv/detail/reboot_dxl__traits.hpp
[3.305s] -- Up-to-date symlink: /home/jamiek/2026_ROS_manipulator/open_manipulator_ws/install/dynamixel_interfaces/include/dynamixel_interfaces/dynamixel_interfaces/srv/detail/reboot_dxl__type_support.hpp
[3.306s] -- Up-to-date symlink: /home/jamiek/2026_ROS_manipulator/open_manipulator_ws/install/dynamixel_interfaces/include/dynamixel_interfaces/dynamixel_interfaces/srv/detail/set_data_to_dxl__builder.hpp
[3.306s] -- Up-to-date symlink: /home/jamiek/2026_ROS_manipulator/open_manipulator_ws/install/dynamixel_interfaces/include/dynamixel_interfaces/dynamixel_interfaces/srv/detail/set_data_to_dxl__struct.hpp
[3.306s] -- Up-to-date symlink: /home/jamiek/2026_ROS_manipulator/open_manipulator_ws/install/dynamixel_interfaces/include/dynamixel_interfaces/dynamixel_interfaces/srv/detail/set_data_to_dxl__traits.hpp
[3.306s] -- Up-to-date symlink: /home/jamiek/2026_ROS_manipulator/open_manipulator_ws/install/dynamixel_interfaces/include/dynamixel_interfaces/dynamixel_interfaces/srv/detail/set_data_to_dxl__type_support.hpp
[3.306s] -- Up-to-date symlink: /home/jamiek/2026_ROS_manipulator/open_manipulator_ws/install/dynamixel_interfaces/include/dynamixel_interfaces/dynamixel_interfaces/srv/get_data_from_dxl.hpp
[3.306s] -- Up-to-date symlink: /home/jamiek/2026_ROS_manipulator/open_manipulator_ws/install/dynamixel_interfaces/include/dynamixel_interfaces/dynamixel_interfaces/srv/reboot_dxl.hpp
[3.306s] -- Up-to-date symlink: /home/jamiek/2026_ROS_manipulator/open_manipulator_ws/install/dynamixel_interfaces/include/dynamixel_interfaces/dynamixel_interfaces/srv/set_data_to_dxl.hpp
[3.307s] -- Up-to-date symlink: /home/jamiek/2026_ROS_manipulator/open_manipulator_ws/install/dynamixel_interfaces/include/dynamixel_interfaces/dynamixel_interfaces/msg/detail/dynamixel_state__rosidl_typesupport_fastrtps_cpp.hpp
[3.307s] -- Up-to-date symlink: /home/jamiek/2026_ROS_manipulator/open_manipulator_ws/install/dynamixel_interfaces/include/dynamixel_interfaces/dynamixel_interfaces/msg/rosidl_typesupport_fastrtps_cpp__visibility_control.h
[3.307s] -- Up-to-date symlink: /home/jamiek/2026_ROS_manipulator/open_manipulator_ws/install/dynamixel_interfaces/include/dynamixel_interfaces/dynamixel_interfaces/srv/detail/get_data_from_dxl__rosidl_typesupport_fastrtps_cpp.hpp
[3.307s] -- Up-to-date symlink: /home/jamiek/2026_ROS_manipulator/open_manipulator_ws/install/dynamixel_interfaces/include/dynamixel_interfaces/dynamixel_interfaces/srv/detail/reboot_dxl__rosidl_typesupport_fastrtps_cpp.hpp
[3.308s] -- Up-to-date symlink: /home/jamiek/2026_ROS_manipulator/open_manipulator_ws/install/dynamixel_interfaces/include/dynamixel_interfaces/dynamixel_interfaces/srv/detail/set_data_to_dxl__rosidl_typesupport_fastrtps_cpp.hpp
[3.308s] -- Up-to-date symlink: /home/jamiek/2026_ROS_manipulator/open_manipulator_ws/install/dynamixel_interfaces/include/dynamixel_interfaces/dynamixel_interfaces/msg/detail/dynamixel_state__rosidl_typesupport_introspection_c.h
[3.308s] -- Up-to-date symlink: /home/jamiek/2026_ROS_manipulator/open_manipulator_ws/install/dynamixel_interfaces/include/dynamixel_interfaces/dynamixel_interfaces/msg/rosidl_typesupport_introspection_c__visibility_control.h
[3.308s] -- Up-to-date symlink: /home/jamiek/2026_ROS_manipulator/open_manipulator_ws/install/dynamixel_interfaces/include/dynamixel_interfaces/dynamixel_interfaces/srv/detail/get_data_from_dxl__rosidl_typesupport_introspection_c.h
[3.308s] -- Up-to-date symlink: /home/jamiek/2026_ROS_manipulator/open_manipulator_ws/install/dynamixel_interfaces/include/dynamixel_interfaces/dynamixel_interfaces/srv/detail/reboot_dxl__rosidl_typesupport_introspection_c.h
[3.309s] -- Up-to-date symlink: /home/jamiek/2026_ROS_manipulator/open_manipulator_ws/install/dynamixel_interfaces/include/dynamixel_interfaces/dynamixel_interfaces/srv/detail/set_data_to_dxl__rosidl_typesupport_introspection_c.h
[3.309s] -- Up-to-date symlink: /home/jamiek/2026_ROS_manipulator/open_manipulator_ws/install/dynamixel_interfaces/include/dynamixel_interfaces/dynamixel_interfaces/msg/detail/dynamixel_state__rosidl_typesupport_introspection_cpp.hpp
[3.309s] -- Up-to-date symlink: /home/jamiek/2026_ROS_manipulator/open_manipulator_ws/install/dynamixel_interfaces/include/dynamixel_interfaces/dynamixel_interfaces/srv/detail/get_data_from_dxl__rosidl_typesupport_introspection_cpp.hpp
[3.309s] -- Up-to-date symlink: /home/jamiek/2026_ROS_manipulator/open_manipulator_ws/install/dynamixel_interfaces/include/dynamixel_interfaces/dynamixel_interfaces/srv/detail/reboot_dxl__rosidl_typesupport_introspection_cpp.hpp
[3.310s] -- Up-to-date symlink: /home/jamiek/2026_ROS_manipulator/open_manipulator_ws/install/dynamixel_interfaces/include/dynamixel_interfaces/dynamixel_interfaces/srv/detail/set_data_to_dxl__rosidl_typesupport_introspection_cpp.hpp
[3.310s] -- Up-to-date symlink: /home/jamiek/2026_ROS_manipulator/open_manipulator_ws/install/dynamixel_interfaces/share/dynamixel_interfaces/environment/pythonpath.sh
[3.310s] -- Up-to-date symlink: /home/jamiek/2026_ROS_manipulator/open_manipulator_ws/install/dynamixel_interfaces/share/dynamixel_interfaces/environment/pythonpath.dsv
[3.310s] -- Up-to-date symlink: /home/jamiek/2026_ROS_manipulator/open_manipulator_ws/install/dynamixel_interfaces/lib/python3.12/site-packages/dynamixel_interfaces-1.0.1-py3.12.egg-info/PKG-INFO
[3.311s] -- Up-to-date symlink: /home/jamiek/2026_ROS_manipulator/open_manipulator_ws/install/dynamixel_interfaces/lib/python3.12/site-packages/dynamixel_interfaces-1.0.1-py3.12.egg-info/SOURCES.txt
[3.311s] -- Up-to-date symlink: /home/jamiek/2026_ROS_manipulator/open_manipulator_ws/install/dynamixel_interfaces/lib/python3.12/site-packages/dynamixel_interfaces-1.0.1-py3.12.egg-info/dependency_links.txt
[3.311s] -- Up-to-date symlink: /home/jamiek/2026_ROS_manipulator/open_manipulator_ws/install/dynamixel_interfaces/lib/python3.12/site-packages/dynamixel_interfaces-1.0.1-py3.12.egg-info/top_level.txt
[3.312s] -- Up-to-date symlink: /home/jamiek/2026_ROS_manipulator/open_manipulator_ws/install/dynamixel_interfaces/lib/python3.12/site-packages/dynamixel_interfaces/__init__.py
[3.312s] -- Up-to-date symlink: /home/jamiek/2026_ROS_manipulator/open_manipulator_ws/install/dynamixel_interfaces/lib/python3.12/site-packages/dynamixel_interfaces/_dynamixel_interfaces_s.ep.rosidl_typesupport_c.c
[3.312s] -- Up-to-date symlink: /home/jamiek/2026_ROS_manipulator/open_manipulator_ws/install/dynamixel_interfaces/lib/python3.12/site-packages/dynamixel_interfaces/_dynamixel_interfaces_s.ep.rosidl_typesupport_fastrtps_c.c
[3.312s] -- Up-to-date symlink: /home/jamiek/2026_ROS_manipulator/open_manipulator_ws/install/dynamixel_interfaces/lib/python3.12/site-packages/dynamixel_interfaces/_dynamixel_interfaces_s.ep.rosidl_typesupport_introspection_c.c
[3.312s] -- Up-to-date symlink: /home/jamiek/2026_ROS_manipulator/open_manipulator_ws/install/dynamixel_interfaces/lib/python3.12/site-packages/dynamixel_interfaces/dynamixel_interfaces_s__rosidl_typesupport_c.so
[3.313s] -- Up-to-date symlink: /home/jamiek/2026_ROS_manipulator/open_manipulator_ws/install/dynamixel_interfaces/lib/python3.12/site-packages/dynamixel_interfaces/dynamixel_interfaces_s__rosidl_typesupport_fastrtps_c.so
[3.313s] -- Up-to-date symlink: /home/jamiek/2026_ROS_manipulator/open_manipulator_ws/install/dynamixel_interfaces/lib/python3.12/site-packages/dynamixel_interfaces/dynamixel_interfaces_s__rosidl_typesupport_introspection_c.so
[3.313s] -- Up-to-date symlink: /home/jamiek/2026_ROS_manipulator/open_manipulator_ws/install/dynamixel_interfaces/lib/python3.12/site-packages/dynamixel_interfaces/msg/__init__.py
[3.313s] -- Up-to-date symlink: /home/jamiek/2026_ROS_manipulator/open_manipulator_ws/install/dynamixel_interfaces/lib/python3.12/site-packages/dynamixel_interfaces/msg/_dynamixel_state.py
[3.313s] -- Up-to-date symlink: /home/jamiek/2026_ROS_manipulator/open_manipulator_ws/install/dynamixel_interfaces/lib/python3.12/site-packages/dynamixel_interfaces/msg/_dynamixel_state_s.c
[3.313s] -- Up-to-date symlink: /home/jamiek/2026_ROS_manipulator/open_manipulator_ws/install/dynamixel_interfaces/lib/python3.12/site-packages/dynamixel_interfaces/srv/__init__.py
[3.313s] -- Up-to-date symlink: /home/jamiek/2026_ROS_manipulator/open_manipulator_ws/install/dynamixel_interfaces/lib/python3.12/site-packages/dynamixel_interfaces/srv/_get_data_from_dxl.py
[3.313s] -- Up-to-date symlink: /home/jamiek/2026_ROS_manipulator/open_manipulator_ws/install/dynamixel_interfaces/lib/python3.12/site-packages/dynamixel_interfaces/srv/_get_data_from_dxl_s.c
[3.314s] -- Up-to-date symlink: /home/jamiek/2026_ROS_manipulator/open_manipulator_ws/install/dynamixel_interfaces/lib/python3.12/site-packages/dynamixel_interfaces/srv/_reboot_dxl.py
[3.314s] -- Up-to-date symlink: /home/jamiek/2026_ROS_manipulator/open_manipulator_ws/install/dynamixel_interfaces/lib/python3.12/site-packages/dynamixel_interfaces/srv/_reboot_dxl_s.c
[3.314s] -- Up-to-date symlink: /home/jamiek/2026_ROS_manipulator/open_manipulator_ws/install/dynamixel_interfaces/lib/python3.12/site-packages/dynamixel_interfaces/srv/_set_data_to_dxl.py
[3.314s] -- Up-to-date symlink: /home/jamiek/2026_ROS_manipulator/open_manipulator_ws/install/dynamixel_interfaces/lib/python3.12/site-packages/dynamixel_interfaces/srv/_set_data_to_dxl_s.c
[3.314s] -- Up-to-date symlink: /home/jamiek/2026_ROS_manipulator/open_manipulator_ws/install/dynamixel_interfaces/lib/python3.12/site-packages/dynamixel_interfaces/dynamixel_interfaces_s__rosidl_typesupport_fastrtps_c.so
[3.315s] -- Up-to-date symlink: /home/jamiek/2026_ROS_manipulator/open_manipulator_ws/install/dynamixel_interfaces/lib/python3.12/site-packages/dynamixel_interfaces/dynamixel_interfaces_s__rosidl_typesupport_introspection_c.so
[3.315s] -- Up-to-date symlink: /home/jamiek/2026_ROS_manipulator/open_manipulator_ws/install/dynamixel_interfaces/lib/python3.12/site-packages/dynamixel_interfaces/dynamixel_interfaces_s__rosidl_typesupport_c.so
[3.315s] -- Up-to-date symlink: /home/jamiek/2026_ROS_manipulator/open_manipulator_ws/install/dynamixel_interfaces/share/ament_index/resource_index/rust_packages/dynamixel_interfaces
[3.316s] -- Up-to-date symlink: /home/jamiek/2026_ROS_manipulator/open_manipulator_ws/install/dynamixel_interfaces/share/dynamixel_interfaces/rust/Cargo.toml
[3.316s] -- Up-to-date symlink: /home/jamiek/2026_ROS_manipulator/open_manipulator_ws/install/dynamixel_interfaces/share/dynamixel_interfaces/rust/build.rs
[3.316s] -- Up-to-date symlink: /home/jamiek/2026_ROS_manipulator/open_manipulator_ws/install/dynamixel_interfaces/share/dynamixel_interfaces/rust/src/lib.rs
[3.316s] -- Up-to-date symlink: /home/jamiek/2026_ROS_manipulator/open_manipulator_ws/install/dynamixel_interfaces/share/dynamixel_interfaces/rust/src/msg.rs
[3.316s] -- Up-to-date symlink: /home/jamiek/2026_ROS_manipulator/open_manipulator_ws/install/dynamixel_interfaces/share/dynamixel_interfaces/rust/src/msg/rmw.rs
[3.316s] -- Up-to-date symlink: /home/jamiek/2026_ROS_manipulator/open_manipulator_ws/install/dynamixel_interfaces/share/dynamixel_interfaces/rust/src/srv.rs
[3.317s] -- Up-to-date symlink: /home/jamiek/2026_ROS_manipulator/open_manipulator_ws/install/dynamixel_interfaces/share/dynamixel_interfaces/rust/src/srv/rmw.rs
[3.317s] -- Up-to-date symlink: /home/jamiek/2026_ROS_manipulator/open_manipulator_ws/install/dynamixel_interfaces/share/dynamixel_interfaces/msg/DynamixelState.idl
[3.317s] -- Up-to-date symlink: /home/jamiek/2026_ROS_manipulator/open_manipulator_ws/install/dynamixel_interfaces/share/dynamixel_interfaces/srv/GetDataFromDxl.idl
[3.317s] -- Up-to-date symlink: /home/jamiek/2026_ROS_manipulator/open_manipulator_ws/install/dynamixel_interfaces/share/dynamixel_interfaces/srv/SetDataToDxl.idl
[3.317s] -- Up-to-date symlink: /home/jamiek/2026_ROS_manipulator/open_manipulator_ws/install/dynamixel_interfaces/share/dynamixel_interfaces/srv/RebootDxl.idl
[3.318s] -- Up-to-date symlink: /home/jamiek/2026_ROS_manipulator/open_manipulator_ws/install/dynamixel_interfaces/share/dynamixel_interfaces/msg/DynamixelState.msg
[3.318s] -- Up-to-date symlink: /home/jamiek/2026_ROS_manipulator/open_manipulator_ws/install/dynamixel_interfaces/share/dynamixel_interfaces/srv/GetDataFromDxl.srv
[3.318s] -- Up-to-date symlink: /home/jamiek/2026_ROS_manipulator/open_manipulator_ws/install/dynamixel_interfaces/share/dynamixel_interfaces/srv/SetDataToDxl.srv
[3.318s] -- Up-to-date symlink: /home/jamiek/2026_ROS_manipulator/open_manipulator_ws/install/dynamixel_interfaces/share/dynamixel_interfaces/srv/RebootDxl.srv
[3.318s] -- Up-to-date symlink: /home/jamiek/2026_ROS_manipulator/open_manipulator_ws/install/dynamixel_interfaces/share/ament_index/resource_index/package_run_dependencies/dynamixel_interfaces
[3.318s] -- Up-to-date symlink: /home/jamiek/2026_ROS_manipulator/open_manipulator_ws/install/dynamixel_interfaces/share/ament_index/resource_index/parent_prefix_path/dynamixel_interfaces
[3.318s] -- Up-to-date symlink: /home/jamiek/2026_ROS_manipulator/open_manipulator_ws/install/dynamixel_interfaces/share/dynamixel_interfaces/environment/ament_prefix_path.sh
[3.319s] -- Up-to-date symlink: /home/jamiek/2026_ROS_manipulator/open_manipulator_ws/install/dynamixel_interfaces/share/dynamixel_interfaces/environment/ament_prefix_path.dsv
[3.319s] -- Up-to-date symlink: /home/jamiek/2026_ROS_manipulator/open_manipulator_ws/install/dynamixel_interfaces/share/dynamixel_interfaces/environment/path.sh
[3.319s] -- Up-to-date symlink: /home/jamiek/2026_ROS_manipulator/open_manipulator_ws/install/dynamixel_interfaces/share/dynamixel_interfaces/environment/path.dsv
[3.319s] -- Up-to-date symlink: /home/jamiek/2026_ROS_manipulator/open_manipulator_ws/install/dynamixel_interfaces/share/dynamixel_interfaces/local_setup.bash
[3.319s] -- Up-to-date symlink: /home/jamiek/2026_ROS_manipulator/open_manipulator_ws/install/dynamixel_interfaces/share/dynamixel_interfaces/local_setup.sh
[3.319s] -- Up-to-date symlink: /home/jamiek/2026_ROS_manipulator/open_manipulator_ws/install/dynamixel_interfaces/share/dynamixel_interfaces/local_setup.zsh
[3.319s] -- Up-to-date symlink: /home/jamiek/2026_ROS_manipulator/open_manipulator_ws/install/dynamixel_interfaces/share/dynamixel_interfaces/local_setup.dsv
[3.319s] -- Symlinking: /home/jamiek/2026_ROS_manipulator/open_manipulator_ws/install/dynamixel_interfaces/share/dynamixel_interfaces/package.dsv
[3.336s] -- Up-to-date symlink: /home/jamiek/2026_ROS_manipulator/open_manipulator_ws/install/dynamixel_interfaces/share/ament_index/resource_index/packages/dynamixel_interfaces
[3.336s] -- Up-to-date symlink: /home/jamiek/2026_ROS_manipulator/open_manipulator_ws/install/dynamixel_interfaces/share/dynamixel_interfaces/cmake/rosidl_cmake-extras.cmake
[3.336s] -- Up-to-date symlink: /home/jamiek/2026_ROS_manipulator/open_manipulator_ws/install/dynamixel_interfaces/share/dynamixel_interfaces/cmake/ament_cmake_export_dependencies-extras.cmake
[3.336s] -- Up-to-date symlink: /home/jamiek/2026_ROS_manipulator/open_manipulator_ws/install/dynamixel_interfaces/share/dynamixel_interfaces/cmake/ament_cmake_export_include_directories-extras.cmake
[3.337s] -- Up-to-date symlink: /home/jamiek/2026_ROS_manipulator/open_manipulator_ws/install/dynamixel_interfaces/share/dynamixel_interfaces/cmake/ament_cmake_export_libraries-extras.cmake
[3.337s] -- Up-to-date symlink: /home/jamiek/2026_ROS_manipulator/open_manipulator_ws/install/dynamixel_interfaces/share/dynamixel_interfaces/cmake/ament_cmake_export_targets-extras.cmake
[3.337s] -- Up-to-date symlink: /home/jamiek/2026_ROS_manipulator/open_manipulator_ws/install/dynamixel_interfaces/share/dynamixel_interfaces/cmake/rosidl_cmake_export_typesupport_targets-extras.cmake
[3.337s] -- Up-to-date symlink: /home/jamiek/2026_ROS_manipulator/open_manipulator_ws/install/dynamixel_interfaces/share/dynamixel_interfaces/cmake/rosidl_cmake_export_typesupport_libraries-extras.cmake
[3.338s] -- Up-to-date symlink: /home/jamiek/2026_ROS_manipulator/open_manipulator_ws/install/dynamixel_interfaces/share/dynamixel_interfaces/cmake/rosidl_cmake_aggregate_target-extras.cmake
[3.339s] -- Up-to-date symlink: /home/jamiek/2026_ROS_manipulator/open_manipulator_ws/install/dynamixel_interfaces/share/dynamixel_interfaces/cmake/dynamixel_interfacesConfig.cmake
[3.339s] -- Up-to-date symlink: /home/jamiek/2026_ROS_manipulator/open_manipulator_ws/install/dynamixel_interfaces/share/dynamixel_interfaces/cmake/dynamixel_interfacesConfig-version.cmake
[3.339s] -- Up-to-date symlink: /home/jamiek/2026_ROS_manipulator/open_manipulator_ws/install/dynamixel_interfaces/share/dynamixel_interfaces/package.xml
[3.339s] -- Up-to-date: /home/jamiek/2026_ROS_manipulator/open_manipulator_ws/install/dynamixel_interfaces/lib/libdynamixel_interfaces__rosidl_generator_c.so
[3.339s] -- Up-to-date: /home/jamiek/2026_ROS_manipulator/open_manipulator_ws/install/dynamixel_interfaces/lib/libdynamixel_interfaces__rosidl_typesupport_fastrtps_c.so
[3.340s] -- Up-to-date: /home/jamiek/2026_ROS_manipulator/open_manipulator_ws/install/dynamixel_interfaces/lib/libdynamixel_interfaces__rosidl_typesupport_fastrtps_cpp.so
[3.340s] -- Up-to-date: /home/jamiek/2026_ROS_manipulator/open_manipulator_ws/install/dynamixel_interfaces/lib/libdynamixel_interfaces__rosidl_typesupport_introspection_c.so
[3.340s] -- Up-to-date: /home/jamiek/2026_ROS_manipulator/open_manipulator_ws/install/dynamixel_interfaces/lib/libdynamixel_interfaces__rosidl_typesupport_c.so
[3.340s] -- Up-to-date: /home/jamiek/2026_ROS_manipulator/open_manipulator_ws/install/dynamixel_interfaces/lib/libdynamixel_interfaces__rosidl_typesupport_introspection_cpp.so
[3.341s] -- Up-to-date: /home/jamiek/2026_ROS_manipulator/open_manipulator_ws/install/dynamixel_interfaces/lib/libdynamixel_interfaces__rosidl_typesupport_cpp.so
[3.385s] Listing '/home/jamiek/2026_ROS_manipulator/open_manipulator_ws/install/dynamixel_interfaces/lib/python3.12/site-packages/dynamixel_interfaces'...
[3.385s] Compiling '/home/jamiek/2026_ROS_manipulator/open_manipulator_ws/install/dynamixel_interfaces/lib/python3.12/site-packages/dynamixel_interfaces/__init__.py'...
[3.385s] Listing '/home/jamiek/2026_ROS_manipulator/open_manipulator_ws/install/dynamixel_interfaces/lib/python3.12/site-packages/dynamixel_interfaces/msg'...
[3.385s] Listing '/home/jamiek/2026_ROS_manipulator/open_manipulator_ws/install/dynamixel_interfaces/lib/python3.12/site-packages/dynamixel_interfaces/srv'...
[3.391s] -- Up-to-date: /home/jamiek/2026_ROS_manipulator/open_manipulator_ws/install/dynamixel_interfaces/lib/libdynamixel_interfaces__rosidl_generator_py.so
[3.391s] -- Up-to-date: /home/jamiek/2026_ROS_manipulator/open_manipulator_ws/install/dynamixel_interfaces/share/dynamixel_interfaces/cmake/export_dynamixel_interfaces__rosidl_generator_cExport.cmake
[3.392s] -- Up-to-date: /home/jamiek/2026_ROS_manipulator/open_manipulator_ws/install/dynamixel_interfaces/share/dynamixel_interfaces/cmake/export_dynamixel_interfaces__rosidl_generator_cExport-release.cmake
[3.392s] -- Up-to-date: /home/jamiek/2026_ROS_manipulator/open_manipulator_ws/install/dynamixel_interfaces/share/dynamixel_interfaces/cmake/export_dynamixel_interfaces__rosidl_typesupport_fastrtps_cExport.cmake
[3.392s] -- Up-to-date: /home/jamiek/2026_ROS_manipulator/open_manipulator_ws/install/dynamixel_interfaces/share/dynamixel_interfaces/cmake/export_dynamixel_interfaces__rosidl_typesupport_fastrtps_cExport-release.cmake
[3.393s] -- Up-to-date: /home/jamiek/2026_ROS_manipulator/open_manipulator_ws/install/dynamixel_interfaces/share/dynamixel_interfaces/cmake/export_dynamixel_interfaces__rosidl_generator_cppExport.cmake
[3.393s] -- Up-to-date: /home/jamiek/2026_ROS_manipulator/open_manipulator_ws/install/dynamixel_interfaces/share/dynamixel_interfaces/cmake/export_dynamixel_interfaces__rosidl_typesupport_fastrtps_cppExport.cmake
[3.393s] -- Up-to-date: /home/jamiek/2026_ROS_manipulator/open_manipulator_ws/install/dynamixel_interfaces/share/dynamixel_interfaces/cmake/export_dynamixel_interfaces__rosidl_typesupport_fastrtps_cppExport-release.cmake
[3.393s] -- Up-to-date: /home/jamiek/2026_ROS_manipulator/open_manipulator_ws/install/dynamixel_interfaces/share/dynamixel_interfaces/cmake/dynamixel_interfaces__rosidl_typesupport_introspection_cExport.cmake
[3.393s] -- Up-to-date: /home/jamiek/2026_ROS_manipulator/open_manipulator_ws/install/dynamixel_interfaces/share/dynamixel_interfaces/cmake/dynamixel_interfaces__rosidl_typesupport_introspection_cExport-release.cmake
[3.393s] -- Up-to-date: /home/jamiek/2026_ROS_manipulator/open_manipulator_ws/install/dynamixel_interfaces/share/dynamixel_interfaces/cmake/dynamixel_interfaces__rosidl_typesupport_cExport.cmake
[3.394s] -- Up-to-date: /home/jamiek/2026_ROS_manipulator/open_manipulator_ws/install/dynamixel_interfaces/share/dynamixel_interfaces/cmake/dynamixel_interfaces__rosidl_typesupport_cExport-release.cmake
[3.394s] -- Up-to-date: /home/jamiek/2026_ROS_manipulator/open_manipulator_ws/install/dynamixel_interfaces/share/dynamixel_interfaces/cmake/dynamixel_interfaces__rosidl_typesupport_introspection_cppExport.cmake
[3.394s] -- Up-to-date: /home/jamiek/2026_ROS_manipulator/open_manipulator_ws/install/dynamixel_interfaces/share/dynamixel_interfaces/cmake/dynamixel_interfaces__rosidl_typesupport_introspection_cppExport-release.cmake
[3.394s] -- Up-to-date: /home/jamiek/2026_ROS_manipulator/open_manipulator_ws/install/dynamixel_interfaces/share/dynamixel_interfaces/cmake/dynamixel_interfaces__rosidl_typesupport_cppExport.cmake
[3.394s] -- Up-to-date: /home/jamiek/2026_ROS_manipulator/open_manipulator_ws/install/dynamixel_interfaces/share/dynamixel_interfaces/cmake/dynamixel_interfaces__rosidl_typesupport_cppExport-release.cmake
[3.394s] -- Up-to-date: /home/jamiek/2026_ROS_manipulator/open_manipulator_ws/install/dynamixel_interfaces/share/dynamixel_interfaces/cmake/export_dynamixel_interfaces__rosidl_generator_pyExport.cmake
[3.394s] -- Up-to-date: /home/jamiek/2026_ROS_manipulator/open_manipulator_ws/install/dynamixel_interfaces/share/dynamixel_interfaces/cmake/export_dynamixel_interfaces__rosidl_generator_pyExport-release.cmake
[3.396s] Invoked command in '/home/jamiek/2026_ROS_manipulator/open_manipulator_ws/build/dynamixel_interfaces' returned '0': CMAKE_PREFIX_PATH=${CMAKE_PREFIX_PATH}:/home/jamiek/2026_ROS_manipulator/open_manipulator_ws/install/open_manipulator_teleop:/home/jamiek/2026_ROS_manipulator/open_manipulator_ws/install/open_manipulator_bringup:/home/jamiek/2026_ROS_manipulator/ros_ws/install/tf2_basic:/home/jamiek/2026_ROS_manipulator/ros_ws/install/ros_basic:/opt/ros/jazzy DEBUGINFOD_URLS=https://debuginfod.ubuntu.com /usr/bin/cmake --install /home/jamiek/2026_ROS_manipulator/open_manipulator_ws/build/dynamixel_interfaces
